2026-03-18 15:54:28,503 - INFO - Conexión establecida correctamente
2026-03-18 15:54:28,505 - INFO - ===== INICIO procesamiento base RI11DB =====
2026-03-18 15:54:37,885 - INFO - Query ejecutada correctamente. Filas obtenidas: 100
2026-03-18 15:54:39,970 - INFO - Query ejecutada correctamente. Filas obtenidas: 100
2026-03-18 15:54:40,850 - INFO - Query ejecutada correctamente. Filas obtenidas: 5
2026-03-18 15:54:40,868 - INFO - Total filas preparadas para salida en RI11DB: 500
2026-03-18 15:54:40,869 - INFO - Exportando 500 filas para RI11DB en exactamente 10 archivo(s). Filas aprox por archivo: 50
2026-03-18 15:54:40,879 - INFO - Archivo generado: C:\Users\eliseo_lopezp\proyecto1\utilidades\salida_plantillas\RI11DB\20260318_155440\plantilla_RI11DB_1.xls | filas=50
2026-03-18 15:54:40,885 - INFO - Archivo generado: C:\Users\eliseo_lopezp\proyecto1\utilidades\salida_plantillas\RI11DB\20260318_155440\plantilla_RI11DB_2.xls | filas=50
2026-03-18 15:54:40,894 - INFO - Archivo generado: C:\Users\eliseo_lopezp\proyecto1\utilidades\salida_plantillas\RI11DB\20260318_155440\plantilla_RI11DB_3.xls | filas=50
2026-03-18 15:54:40,901 - INFO - Archivo generado: C:\Users\eliseo_lopezp\proyecto1\utilidades\salida_plantillas\RI11DB\20260318_155440\plantilla_RI11DB_4.xls | filas=50
2026-03-18 15:54:40,907 - INFO - Archivo generado: C:\Users\eliseo_lopezp\proyecto1\utilidades\salida_plantillas\RI11DB\20260318_155440\plantilla_RI11DB_5.xls | filas=50
2026-03-18 15:54:40,913 - INFO - Archivo generado: C:\Users\eliseo_lopezp\proyecto1\utilidades\salida_plantillas\RI11DB\20260318_155440\plantilla_RI11DB_6.xls | filas=50
2026-03-18 15:54:40,918 - INFO - Archivo generado: C:\Users\eliseo_lopezp\proyecto1\utilidades\salida_plantillas\RI11DB\20260318_155440\plantilla_RI11DB_7.xls | filas=50
2026-03-18 15:54:40,929 - INFO - Archivo generado: C:\Users\eliseo_lopezp\proyecto1\utilidades\salida_plantillas\RI11DB\20260318_155440\plantilla_RI11DB_8.xls | filas=50
2026-03-18 15:54:40,937 - INFO - Archivo generado: C:\Users\eliseo_lopezp\proyecto1\utilidades\salida_plantillas\RI11DB\20260318_155440\plantilla_RI11DB_9.xls | filas=50
2026-03-18 15:54:40,942 - INFO - Archivo generado: C:\Users\eliseo_lopezp\proyecto1\utilidades\salida_plantillas\RI11DB\20260318_155440\plantilla_RI11DB_10.xls | filas=50
2026-03-18 15:54:40,943 - INFO - ===== FIN procesamiento base RI11DB | archivos=10 =====
2026-03-18 15:54:40,943 - INFO - ===== INICIO procesamiento base RI12DB =====
2026-03-18 15:54:47,223 - INFO - Query ejecutada correctamente. Filas obtenidas: 100
2026-03-18 15:54:48,397 - INFO - Query ejecutada correctamente. Filas obtenidas: 100
2026-03-18 15:54:49,255 - INFO - Query ejecutada correctamente. Filas obtenidas: 5
2026-03-18 15:54:49,265 - INFO - Total filas preparadas para salida en RI12DB: 500
2026-03-18 15:54:49,266 - INFO - Exportando 500 filas para RI12DB en exactamente 10 archivo(s). Filas aprox por archivo: 50
2026-03-18 15:54:49,272 - INFO - Archivo generado: C:\Users\eliseo_lopezp\proyecto1\utilidades\salida_plantillas\RI12DB\20260318_155449\plantilla_RI12DB_1.xls | filas=50
2026-03-18 15:54:49,277 - INFO - Archivo generado: C:\Users\eliseo_lopezp\proyecto1\utilidades\salida_plantillas\RI12DB\20260318_155449\plantilla_RI12DB_2.xls | filas=50
2026-03-18 15:54:49,288 - INFO - Archivo generado: C:\Users\eliseo_lopezp\proyecto1\utilidades\salida_plantillas\RI12DB\20260318_155449\plantilla_RI12DB_3.xls | filas=50
2026-03-18 15:54:49,298 - INFO - Archivo generado: C:\Users\eliseo_lopezp\proyecto1\utilidades\salida_plantillas\RI12DB\20260318_155449\plantilla_RI12DB_4.xls | filas=50
2026-03-18 15:54:49,310 - INFO - Archivo generado: C:\Users\eliseo_lopezp\proyecto1\utilidades\salida_plantillas\RI12DB\20260318_155449\plantilla_RI12DB_5.xls | filas=50
2026-03-18 15:54:49,317 - INFO - Archivo generado: C:\Users\eliseo_lopezp\proyecto1\utilidades\salida_plantillas\RI12DB\20260318_155449\plantilla_RI12DB_6.xls | filas=50
2026-03-18 15:54:49,325 - INFO - Archivo generado: C:\Users\eliseo_lopezp\proyecto1\utilidades\salida_plantillas\RI12DB\20260318_155449\plantilla_RI12DB_7.xls | filas=50
2026-03-18 15:54:49,331 - INFO - Archivo generado: C:\Users\eliseo_lopezp\proyecto1\utilidades\salida_plantillas\RI12DB\20260318_155449\plantilla_RI12DB_8.xls | filas=50
2026-03-18 15:54:49,338 - INFO - Archivo generado: C:\Users\eliseo_lopezp\proyecto1\utilidades\salida_plantillas\RI12DB\20260318_155449\plantilla_RI12DB_9.xls | filas=50
2026-03-18 15:54:49,343 - INFO - Archivo generado: C:\Users\eliseo_lopezp\proyecto1\utilidades\salida_plantillas\RI12DB\20260318_155449\plantilla_RI12DB_10.xls | filas=50
2026-03-18 15:54:49,344 - INFO - ===== FIN procesamiento base RI12DB | archivos=10 =====
2026-03-18 15:54:49,345 - INFO - ===== INICIO procesamiento base RI13DB =====
2026-03-18 15:54:54,171 - INFO - Query ejecutada correctamente. Filas obtenidas: 100
2026-03-18 15:54:55,863 - INFO - Query ejecutada correctamente. Filas obtenidas: 100
2026-03-18 15:54:56,780 - INFO - Query ejecutada correctamente. Filas obtenidas: 5
2026-03-18 15:54:56,841 - INFO - Total filas preparadas para salida en RI13DB: 500
2026-03-18 15:54:56,844 - INFO - Exportando 500 filas para RI13DB en exactamente 10 archivo(s). Filas aprox por archivo: 50
2026-03-18 15:54:56,865 - INFO - Archivo generado: C:\Users\eliseo_lopezp\proyecto1\utilidades\salida_plantillas\RI13DB\20260318_155456\plantilla_RI13DB_1.xls | filas=50
2026-03-18 15:54:56,888 - INFO - Archivo generado: C:\Users\eliseo_lopezp\proyecto1\utilidades\salida_plantillas\RI13DB\20260318_155456\plantilla_RI13DB_2.xls | filas=50
2026-03-18 15:54:56,916 - INFO - Archivo generado: C:\Users\eliseo_lopezp\proyecto1\utilidades\salida_plantillas\RI13DB\20260318_155456\plantilla_RI13DB_3.xls | filas=50
2026-03-18 15:54:56,940 - INFO - Archivo generado: C:\Users\eliseo_lopezp\proyecto1\utilidades\salida_plantillas\RI13DB\20260318_155456\plantilla_RI13DB_4.xls | filas=50
2026-03-18 15:54:56,966 - INFO - Archivo generado: C:\Users\eliseo_lopezp\proyecto1\utilidades\salida_plantillas\RI13DB\20260318_155456\plantilla_RI13DB_5.xls | filas=50
2026-03-18 15:54:56,992 - INFO - Archivo generado: C:\Users\eliseo_lopezp\proyecto1\utilidades\salida_plantillas\RI13DB\20260318_155456\plantilla_RI13DB_6.xls | filas=50
2026-03-18 15:54:57,016 - INFO - Archivo generado: C:\Users\eliseo_lopezp\proyecto1\utilidades\salida_plantillas\RI13DB\20260318_155456\plantilla_RI13DB_7.xls | filas=50
2026-03-18 15:54:57,039 - INFO - Archivo generado: C:\Users\eliseo_lopezp\proyecto1\utilidades\salida_plantillas\RI13DB\20260318_155456\plantilla_RI13DB_8.xls | filas=50
2026-03-18 15:54:57,068 - INFO - Archivo generado: C:\Users\eliseo_lopezp\proyecto1\utilidades\salida_plantillas\RI13DB\20260318_155456\plantilla_RI13DB_9.xls | filas=50
2026-03-18 15:54:57,091 - INFO - Archivo generado: C:\Users\eliseo_lopezp\proyecto1\utilidades\salida_plantillas\RI13DB\20260318_155456\plantilla_RI13DB_10.xls | filas=50
2026-03-18 15:54:57,092 - INFO - ===== FIN procesamiento base RI13DB | archivos=10 =====
2026-03-18 15:54:57,240 - INFO - Conexión cerrada correctamente
