2026-08-27 12:12:52,481 - jira_utilidades           - INFO - Iniciando a generar la Tarea en Jira para la base RI14DB
2026-08-27 12:12:54,022 - jira_utilidades           - INFO - Status Code: 201
2026-08-27 12:12:54,022 - jira_utilidades           - INFO - Clave generada correctamente: ML-940
2026-08-27 12:12:54,024 - jira_utilidades           - INFO - Tarea creada correctamente: ML-940
2026-08-27 12:12:55,147 - jira_utilidades           - INFO - Evidencia subida correctamente a ML-940
2026-08-27 12:12:55,535 - jira_utilidades           - INFO - Transiciones disponibles: ['In Progress', 'Aborted']
2026-08-27 12:12:56,200 - jira_utilidades           - INFO - Ticket ML-940 movido a 'In Progress'
2026-08-27 12:12:56,547 - jira_utilidades           - INFO - Transiciones disponibles: ['On Hold', 'Done', 'Aborted']
2026-08-27 12:12:57,216 - jira_utilidades           - INFO - Ticket ML-940 movido a 'Done'
2026-08-27 12:12:57,216 - jira_utilidades           - INFO - Ticket ML-940 finalizado
2026-08-27 16:24:07,464 - jira_utilidades           - INFO - Iniciando a generar la Tarea en Jira para la base RI14DB
2026-08-27 16:24:09,197 - jira_utilidades           - INFO - Status Code: 201
2026-08-27 16:24:09,197 - jira_utilidades           - INFO - Clave generada correctamente: ML-943
2026-08-27 16:24:09,200 - jira_utilidades           - INFO - Tarea creada correctamente: ML-943
2026-08-27 16:24:10,245 - jira_utilidades           - INFO - Evidencia subida correctamente a ML-943
2026-08-27 16:24:10,613 - jira_utilidades           - INFO - Transiciones disponibles: ['In Progress', 'Aborted']
2026-08-27 16:24:11,230 - jira_utilidades           - INFO - Ticket ML-943 movido a 'In Progress'
2026-08-27 16:24:11,628 - jira_utilidades           - INFO - Transiciones disponibles: ['On Hold', 'Done', 'Aborted']
2026-08-27 16:24:12,375 - jira_utilidades           - INFO - Ticket ML-943 movido a 'Done'
2026-08-27 16:24:12,376 - jira_utilidades           - INFO - Ticket ML-943 finalizado
