2026-01-19 20:56:38,414 - INFO - Log guardándose en: logs\automatizacion_20260119.log
2026-01-19 20:56:38,415 - INFO -  === AUTOMATIZACIÓN MODULAR INICIADA ===
2026-01-19 20:56:38,415 - INFO - Archivo: productos_avanzado.xlsx
2026-01-19 20:56:38,416 - INFO - === PASO 1: LECTURA EXCEL ===
2026-01-19 20:56:38,416 - INFO - === MÓDULO 1: LECTURA EXCEL ===
2026-01-19 20:56:38,417 - INFO - Archivo: productos_avanzado.xlsx
2026-01-19 20:56:38,489 - INFO - Columnas encontradas: ['cotizacion_id', 'codigo', 'descripcion', 'cantidad', 'con_garantia', 'descuento_empleado', 'con_creditos', 'entrega_cliente', 'COTIZACION', 'ESTADO', 'FECHA_PROCESADO', 'ARCHIVO_WORD', 'tipo_entrega', 'Unnamed: 13']
2026-01-19 20:56:38,563 - INFO - Se encontraron 13 cotizaciones
2026-01-19 20:56:38,564 - INFO - Cotización 1: 2 productos
2026-01-19 20:56:38,564 - INFO - Cotización 2: 3 productos
2026-01-19 20:56:38,565 - INFO - Cotización 3: 3 productos
2026-01-19 20:56:38,565 - INFO - Cotización 4: 3 productos
2026-01-19 20:56:38,565 - INFO - Cotización 5: 1 productos
2026-01-19 20:56:38,566 - INFO - Cotización 6: 1 productos
2026-01-19 20:56:38,566 - INFO - Cotización 7: 1 productos
2026-01-19 20:56:38,567 - INFO - Cotización 8: 1 productos
2026-01-19 20:56:38,567 - INFO - Cotización 9: 1 productos
2026-01-19 20:56:38,568 - INFO - Cotización 10: 3 productos
2026-01-19 20:56:38,568 - INFO - Cotización 11: 1 productos
2026-01-19 20:56:38,569 - INFO - Cotización 12: 4 productos
2026-01-19 20:56:38,569 - INFO - Cotización 13: 6 productos
2026-01-19 20:56:38,569 - INFO - === PASO 2: INICIALIZAR NAVEGADOR ===
2026-01-19 20:56:47,793 - INFO - Navegador Firefox inicializado con configuración limpia
2026-01-19 20:56:47,794 - INFO - === PASO 3: INICIAR SESIÓN ===
2026-01-19 20:56:47,794 - INFO - === MÓDULO 2: INICIO SESIÓN ===
2026-01-19 20:56:57,861 - INFO - Accediendo a: http://ursvtols8b3c:8080/engage-unicomer-web/
2026-01-19 20:56:58,021 - INFO - Credenciales ingresadas
2026-01-19 20:57:03,408 - INFO - Formulario enviado
2026-01-19 20:57:05,656 - INFO - Screenshot capturado: 01_login_resultado.png
2026-01-19 20:57:05,668 - INFO - Login exitoso - URL cambió
2026-01-19 20:57:05,668 - INFO - 
🔄 PROCESANDO COTIZACIÓN 1/13: 1
2026-01-19 20:57:05,670 - INFO - === PASO 4: INICIAR ORDEN DE COMPRA ===
2026-01-19 20:57:05,671 - INFO - Buscando botón 'Comience una Orden de Compra'...
2026-01-19 20:57:05,782 - INFO - Screenshot capturado: C1_02_dashboard.png
2026-01-19 20:57:05,785 - INFO - Intentando selector 1: /html/body/div[2]/div[4]/div/div/div[1]/a[1]/input
2026-01-19 20:57:05,786 - INFO - Esperando que botón orden selector 1 sea visible (timeout: 300s, se reinicia con progreso)...
2026-01-19 20:57:06,046 - INFO - PROGRESO: botón orden selector 1 visible - REINICIANDO timeout
2026-01-19 20:57:06,072 - INFO - OK - botón orden selector 1 listo después de 0.0s
2026-01-19 20:57:06,639 - INFO - Click exitoso en botón orden selector 1
2026-01-19 20:57:07,804 - INFO - Screenshot capturado: C1_04_formulario_orden.png
2026-01-19 20:57:07,805 - INFO - Click realizado en botón orden
2026-01-19 20:57:07,806 - INFO - Configuración - Garantías: SI, Descuento: NO, Créditos: SI, Entrega: NO, Tipo Entrega: cliente llevará
2026-01-19 20:57:07,807 - INFO - === PASO 5: EXTRAER NÚMERO COTIZACIÓN ===
2026-01-19 20:57:07,809 - INFO - === EXTRAYENDO NÚMERO DE COTIZACIÓN INICIAL ===
2026-01-19 20:57:09,874 - INFO - Número encontrado con selector: li.quotationNumberTitle p:last-child
2026-01-19 20:57:09,875 - INFO - Número de cotización: 11609206250055
2026-01-19 20:57:09,875 - INFO - Número base extraído: 11609206250055
2026-01-19 20:57:09,876 - INFO - Número único generado: 11609206250055_9875
2026-01-19 20:57:09,876 - INFO - === PASO 6: AGREGAR ITEMS ============================================================================
2026-01-19 20:57:09,877 - INFO - --- ITEM 1/2 ---
2026-01-19 20:57:09,877 - INFO - === MÓDULO 3: AGREGAR ITEM 1 ===
2026-01-19 20:57:09,878 - INFO - Código: 461431200016, Cantidad: 1
2026-01-19 20:57:09,879 - INFO - Esperando que campo búsqueda item 1 sea visible (timeout: 300s, se reinicia con progreso)...
2026-01-19 20:57:09,918 - INFO - PROGRESO: campo búsqueda item 1 visible - REINICIANDO timeout
2026-01-19 20:57:09,947 - INFO - OK - campo búsqueda item 1 listo después de 0.0s
2026-01-19 20:57:10,011 - INFO - Código 461431200016 ingresado en campo búsqueda
2026-01-19 20:57:10,082 - INFO - Enter enviado para búsqueda
2026-01-19 20:57:15,480 - INFO - Mensaje informativo (ignorado): Error
close
ERROR TO OBTAIN THE PARAMATER: permitirNoInventariadosSeguros...
2026-01-19 20:57:15,481 - INFO - Item 461431200016 procesado correctamente
2026-01-19 20:57:15,481 - INFO - === MÓDULO 4: GARANTÍAS ITEM 1 ===
2026-01-19 20:57:15,482 - INFO - Garantía: AGREGAR
2026-01-19 20:57:16,698 - INFO - Screenshot capturado: C1_07_pantalla_garantias_01.png
2026-01-19 20:57:22,751 - INFO - Botón Add encontrado: //button[contains(@class, 'btn-success') and contains(text(), 'Add')]
2026-01-19 20:57:22,823 - INFO - Click en Añadir garantía
2026-01-19 20:57:27,663 - INFO - Encontradas 6 opciones de garantía
2026-01-19 20:57:27,769 - INFO - Garantía seleccionada - precio: $82.25
2026-01-19 20:57:28,804 - INFO - Clic en botón final para garantía con precio
2026-01-19 20:57:29,899 - INFO - Screenshot capturado: C1_08_garantia_procesada_01.png
2026-01-19 20:57:31,005 - INFO - Screenshot capturado: C1_06_item_con_garantias_procesadas_01.png
2026-01-19 20:57:31,006 - INFO - Garantías procesadas para item 1
2026-01-19 20:57:31,007 - INFO - --- ITEM 2/2 ---
2026-01-19 20:57:31,008 - INFO - === MÓDULO 3: AGREGAR ITEM 2 ===
2026-01-19 20:57:31,009 - INFO - Código: 439766400005, Cantidad: 1
2026-01-19 20:57:31,009 - INFO - Esperando que campo búsqueda item 2 sea visible (timeout: 300s, se reinicia con progreso)...
2026-01-19 20:57:31,064 - INFO - PROGRESO: campo búsqueda item 2 visible - REINICIANDO timeout
2026-01-19 20:57:31,101 - INFO - OK - campo búsqueda item 2 listo después de 0.0s
2026-01-19 20:57:31,151 - INFO - Código 439766400005 ingresado en campo búsqueda
2026-01-19 20:57:31,232 - INFO - Enter enviado para búsqueda
2026-01-19 20:57:38,744 - INFO - Mensaje informativo (ignorado): Error
close
ERROR TO OBTAIN THE PARAMATER: permitirNoInventariadosSeguros...
2026-01-19 20:57:38,744 - INFO - Item 439766400005 procesado correctamente
2026-01-19 20:57:38,745 - INFO - === MÓDULO 4: GARANTÍAS ITEM 2 ===
2026-01-19 20:57:38,746 - INFO - Garantía: AGREGAR
2026-01-19 20:57:39,906 - INFO - Screenshot capturado: C1_07_pantalla_garantias_02.png
2026-01-19 20:57:46,408 - INFO - Botón Add encontrado: //button[contains(@class, 'btn-success') and contains(text(), 'Add')]
2026-01-19 20:57:46,538 - INFO - Click en Añadir garantía
2026-01-19 20:57:48,983 - INFO - Encontradas 6 opciones de garantía
2026-01-19 20:57:49,177 - INFO - Garantía seleccionada - precio: $212.50
2026-01-19 20:57:50,341 - INFO - Clic en botón final para garantía con precio
2026-01-19 20:57:51,466 - INFO - Screenshot capturado: C1_08_garantia_procesada_02.png
2026-01-19 20:57:52,546 - INFO - Screenshot capturado: C1_06_item_con_garantias_procesadas_02.png
2026-01-19 20:57:52,547 - INFO - Garantías procesadas para item 2
2026-01-19 20:57:52,547 - INFO - === PASO 7: ENLAZAR CUSTOMER ==========================================================================
2026-01-19 20:57:52,549 - INFO - === MÓDULO 5: ENLAZAR CUSTOMER ===
2026-01-19 20:57:52,619 - INFO - Screenshot capturado: C1_12_antes_enlazar_cliente.png
2026-01-19 20:57:57,657 - INFO - Enlace cliente encontrado: /html/body/div[2]/div[3]/div[28]/div[3]/h4/a
2026-01-19 20:57:57,677 - INFO - Click en enlace cliente
2026-01-19 20:58:00,731 - INFO - Screenshot capturado: C1_13_formulario_cliente.png
2026-01-19 20:58:02,085 - INFO - Cliente 057874256 ingresado
2026-01-19 20:58:03,163 - INFO - Screenshot capturado: C1_14_cliente_ingresado.png
2026-01-19 20:58:07,619 - INFO - Primer Next
2026-01-19 20:58:10,699 - INFO - Screenshot capturado: C1_15_primer_next.png
2026-01-19 20:58:16,005 - INFO - Segundo Next
2026-01-19 20:58:19,066 - INFO - Screenshot capturado: C1_16_segundo_next.png
2026-01-19 20:58:19,066 - INFO - Customer enlazado exitosamente
2026-01-19 20:58:19,067 - INFO - === PASO 9: DESCUENTO EMPLEADO ====================================================================
2026-01-19 20:58:19,068 - INFO - === MÓDULO 7: Creditos ==========================================================
2026-01-19 21:03:34,618 - ERROR - Error general: Message: 
Stacktrace:
RemoteError@chrome://remote/content/shared/RemoteError.sys.mjs:8:8
WebDriverError@chrome://remote/content/shared/webdriver/Errors.sys.mjs:187:5
NoSuchElementError@chrome://remote/content/shared/webdriver/Errors.sys.mjs:505:5
element.find/</<@chrome://remote/content/marionette/element.sys.mjs:135:16

2026-01-19 21:03:34,619 - INFO - 📋 Ver detalles del error en: logs\automatizacion_20260119.log
2026-01-19 21:03:34,620 - INFO - Limpiando recursos...
2026-01-19 21:03:34,620 - INFO - Eliminando screenshots residuales...
2026-01-19 21:03:34,643 - INFO - 14 screenshots residuales eliminados
2026-01-19 21:03:39,012 - INFO - Navegador cerrado
2026-01-19 21:03:39,013 - INFO - Limpieza de recursos completada
2026-01-19 21:03:39,013 - INFO - === AUTOMATIZACIÓN FINALIZADA ===
2026-01-19 21:04:35,959 - INFO - Log guardándose en: logs\automatizacion_20260119.log
2026-01-19 21:04:35,959 - INFO -  === AUTOMATIZACIÓN MODULAR INICIADA ===
2026-01-19 21:04:35,960 - INFO - Archivo: productos_avanzado.xlsx
2026-01-19 21:04:35,960 - INFO - === PASO 1: LECTURA EXCEL ===
2026-01-19 21:04:35,960 - INFO - === MÓDULO 1: LECTURA EXCEL ===
2026-01-19 21:04:35,961 - INFO - Archivo: productos_avanzado.xlsx
2026-01-19 21:04:35,996 - INFO - Columnas encontradas: ['cotizacion_id', 'codigo', 'descripcion', 'cantidad', 'con_garantia', 'descuento_empleado', 'con_creditos', 'entrega_cliente', 'COTIZACION', 'ESTADO', 'FECHA_PROCESADO', 'ARCHIVO_WORD', 'tipo_entrega', 'Unnamed: 13']
2026-01-19 21:04:36,010 - INFO - Se encontraron 13 cotizaciones
2026-01-19 21:04:36,011 - INFO - Cotización 1: 2 productos
2026-01-19 21:04:36,011 - INFO - Cotización 2: 3 productos
2026-01-19 21:04:36,011 - INFO - Cotización 3: 3 productos
2026-01-19 21:04:36,011 - INFO - Cotización 4: 3 productos
2026-01-19 21:04:36,012 - INFO - Cotización 5: 1 productos
2026-01-19 21:04:36,012 - INFO - Cotización 6: 1 productos
2026-01-19 21:04:36,013 - INFO - Cotización 7: 1 productos
2026-01-19 21:04:36,013 - INFO - Cotización 8: 1 productos
2026-01-19 21:04:36,014 - INFO - Cotización 9: 1 productos
2026-01-19 21:04:36,014 - INFO - Cotización 10: 3 productos
2026-01-19 21:04:36,014 - INFO - Cotización 11: 1 productos
2026-01-19 21:04:36,014 - INFO - Cotización 12: 4 productos
2026-01-19 21:04:36,015 - INFO - Cotización 13: 6 productos
2026-01-19 21:04:36,015 - INFO - === PASO 2: INICIALIZAR NAVEGADOR ===
2026-01-19 21:04:44,683 - INFO - Navegador Firefox inicializado con configuración limpia
2026-01-19 21:04:44,684 - INFO - === PASO 3: INICIAR SESIÓN ===
2026-01-19 21:04:44,685 - INFO - === MÓDULO 2: INICIO SESIÓN ===
2026-01-19 21:04:49,077 - INFO - Accediendo a: http://ursvtols8b3c:8080/engage-unicomer-web/
2026-01-19 21:04:49,505 - INFO - Credenciales ingresadas
2026-01-19 21:04:52,947 - INFO - Formulario enviado
2026-01-19 21:04:55,034 - INFO - Screenshot capturado: 01_login_resultado.png
2026-01-19 21:04:55,048 - INFO - Login exitoso - URL cambió
2026-01-19 21:04:55,048 - INFO - 
🔄 PROCESANDO COTIZACIÓN 1/13: 1
2026-01-19 21:04:55,049 - INFO - === PASO 4: INICIAR ORDEN DE COMPRA ===
2026-01-19 21:04:55,050 - INFO - Buscando botón 'Comience una Orden de Compra'...
2026-01-19 21:04:55,131 - INFO - Screenshot capturado: C1_02_dashboard.png
2026-01-19 21:04:55,132 - INFO - Intentando selector 1: /html/body/div[2]/div[4]/div/div/div[1]/a[1]/input
2026-01-19 21:04:55,133 - INFO - Esperando que botón orden selector 1 sea visible (timeout: 300s, se reinicia con progreso)...
2026-01-19 21:04:55,194 - INFO - PROGRESO: botón orden selector 1 visible - REINICIANDO timeout
2026-01-19 21:04:55,231 - INFO - OK - botón orden selector 1 listo después de 0.0s
2026-01-19 21:04:55,803 - INFO - Click exitoso en botón orden selector 1
2026-01-19 21:04:56,923 - INFO - Screenshot capturado: C1_04_formulario_orden.png
2026-01-19 21:04:56,926 - INFO - Click realizado en botón orden
2026-01-19 21:04:56,927 - INFO - Configuración - Garantías: SI, Descuento: NO, Créditos: SI, Entrega: NO, Tipo Entrega: cliente llevará
2026-01-19 21:04:56,928 - INFO - === PASO 5: EXTRAER NÚMERO COTIZACIÓN ===
2026-01-19 21:04:56,929 - INFO - === EXTRAYENDO NÚMERO DE COTIZACIÓN INICIAL ===
2026-01-19 21:04:58,993 - INFO - Número encontrado con selector: li.quotationNumberTitle p:last-child
2026-01-19 21:04:58,994 - INFO - Número de cotización: 1160920725000S
2026-01-19 21:04:58,994 - INFO - Número base extraído: 1160920725000S
2026-01-19 21:04:58,995 - INFO - Número único generado: 1160920725000S_8994
2026-01-19 21:04:58,996 - INFO - === PASO 6: AGREGAR ITEMS ============================================================================
2026-01-19 21:04:58,997 - INFO - --- ITEM 1/2 ---
2026-01-19 21:04:58,997 - INFO - === MÓDULO 3: AGREGAR ITEM 1 ===
2026-01-19 21:04:58,998 - INFO - Código: 461431200016, Cantidad: 1
2026-01-19 21:04:58,998 - INFO - Esperando que campo búsqueda item 1 sea visible (timeout: 300s, se reinicia con progreso)...
2026-01-19 21:04:59,042 - INFO - PROGRESO: campo búsqueda item 1 visible - REINICIANDO timeout
2026-01-19 21:04:59,075 - INFO - OK - campo búsqueda item 1 listo después de 0.0s
2026-01-19 21:04:59,178 - INFO - Código 461431200016 ingresado en campo búsqueda
2026-01-19 21:04:59,218 - INFO - Enter enviado para búsqueda
2026-01-19 21:05:01,022 - INFO - Mensaje informativo (ignorado): Error
close
ERROR TO OBTAIN THE PARAMATER: permitirNoInventariadosSeguros...
2026-01-19 21:05:01,023 - INFO - Item 461431200016 procesado correctamente
2026-01-19 21:05:01,024 - INFO - === MÓDULO 4: GARANTÍAS ITEM 1 ===
2026-01-19 21:05:01,025 - INFO - Garantía: AGREGAR
2026-01-19 21:05:02,132 - INFO - Screenshot capturado: C1_07_pantalla_garantias_01.png
2026-01-19 21:05:08,174 - INFO - Botón Add encontrado: //button[contains(@class, 'btn-success') and contains(text(), 'Add')]
2026-01-19 21:05:08,213 - INFO - Click en Añadir garantía
2026-01-19 21:05:10,230 - INFO - Encontradas 6 opciones de garantía
2026-01-19 21:05:10,368 - INFO - Garantía seleccionada - precio: $82.25
2026-01-19 21:05:11,406 - INFO - Clic en botón final para garantía con precio
2026-01-19 21:05:12,574 - INFO - Screenshot capturado: C1_08_garantia_procesada_01.png
2026-01-19 21:05:13,757 - INFO - Screenshot capturado: C1_06_item_con_garantias_procesadas_01.png
2026-01-19 21:05:13,758 - INFO - Garantías procesadas para item 1
2026-01-19 21:05:13,759 - INFO - --- ITEM 2/2 ---
2026-01-19 21:05:13,760 - INFO - === MÓDULO 3: AGREGAR ITEM 2 ===
2026-01-19 21:05:13,760 - INFO - Código: 439766400005, Cantidad: 1
2026-01-19 21:05:13,761 - INFO - Esperando que campo búsqueda item 2 sea visible (timeout: 300s, se reinicia con progreso)...
2026-01-19 21:05:13,812 - INFO - PROGRESO: campo búsqueda item 2 visible - REINICIANDO timeout
2026-01-19 21:05:13,855 - INFO - OK - campo búsqueda item 2 listo después de 0.0s
2026-01-19 21:05:13,954 - INFO - Código 439766400005 ingresado en campo búsqueda
2026-01-19 21:05:14,005 - INFO - Enter enviado para búsqueda
2026-01-19 21:05:18,222 - INFO - Mensaje informativo (ignorado): Error
close
ERROR TO OBTAIN THE PARAMATER: permitirNoInventariadosSeguros...
2026-01-19 21:05:18,223 - INFO - Item 439766400005 procesado correctamente
2026-01-19 21:05:18,225 - INFO - === MÓDULO 4: GARANTÍAS ITEM 2 ===
2026-01-19 21:05:18,226 - INFO - Garantía: AGREGAR
2026-01-19 21:05:19,429 - INFO - Screenshot capturado: C1_07_pantalla_garantias_02.png
2026-01-19 21:05:25,547 - INFO - Botón Add encontrado: //button[contains(@class, 'btn-success') and contains(text(), 'Add')]
2026-01-19 21:05:25,601 - INFO - Click en Añadir garantía
2026-01-19 21:05:27,618 - INFO - Encontradas 6 opciones de garantía
2026-01-19 21:05:27,723 - INFO - Garantía seleccionada - precio: $212.50
2026-01-19 21:05:28,754 - INFO - Clic en botón final para garantía con precio
2026-01-19 21:05:29,812 - INFO - Screenshot capturado: C1_08_garantia_procesada_02.png
2026-01-19 21:05:30,915 - INFO - Screenshot capturado: C1_06_item_con_garantias_procesadas_02.png
2026-01-19 21:05:30,916 - INFO - Garantías procesadas para item 2
2026-01-19 21:05:30,917 - INFO - === PASO 7: ENLAZAR CUSTOMER ==========================================================================
2026-01-19 21:05:30,917 - INFO - === MÓDULO 5: ENLAZAR CUSTOMER ===
2026-01-19 21:05:31,072 - INFO - Screenshot capturado: C1_12_antes_enlazar_cliente.png
2026-01-19 21:05:36,115 - INFO - Enlace cliente encontrado: /html/body/div[2]/div[3]/div[28]/div[3]/h4/a
2026-01-19 21:05:36,137 - INFO - Click en enlace cliente
2026-01-19 21:05:39,204 - INFO - Screenshot capturado: C1_13_formulario_cliente.png
2026-01-19 21:05:40,844 - INFO - Cliente 057874256 ingresado
2026-01-19 21:05:42,288 - INFO - Screenshot capturado: C1_14_cliente_ingresado.png
2026-01-19 21:05:44,150 - INFO - Primer Next
2026-01-19 21:05:47,353 - INFO - Screenshot capturado: C1_15_primer_next.png
2026-01-19 21:05:52,721 - INFO - Segundo Next
2026-01-19 21:05:55,825 - INFO - Screenshot capturado: C1_16_segundo_next.png
2026-01-19 21:05:55,827 - INFO - Customer enlazado exitosamente
2026-01-19 21:05:55,828 - INFO - === PASO 9: DESCUENTO EMPLEADO ====================================================================
2026-01-19 21:05:55,829 - INFO - === MÓDULO 7: Creditos ==========================================================
2026-01-19 21:11:12,041 - ERROR - Error general: Message: 
Stacktrace:
RemoteError@chrome://remote/content/shared/RemoteError.sys.mjs:8:8
WebDriverError@chrome://remote/content/shared/webdriver/Errors.sys.mjs:187:5
NoSuchElementError@chrome://remote/content/shared/webdriver/Errors.sys.mjs:505:5
element.find/</<@chrome://remote/content/marionette/element.sys.mjs:135:16

2026-01-19 21:11:12,044 - INFO - 📋 Ver detalles del error en: logs\automatizacion_20260119.log
2026-01-19 21:11:12,045 - INFO - Limpiando recursos...
2026-01-19 21:11:12,045 - INFO - Eliminando screenshots residuales...
2026-01-19 21:11:12,076 - INFO - 14 screenshots residuales eliminados
2026-01-19 21:11:15,867 - INFO - Navegador cerrado
2026-01-19 21:11:15,867 - INFO - Limpieza de recursos completada
2026-01-19 21:11:15,868 - INFO - === AUTOMATIZACIÓN FINALIZADA ===
2026-01-19 21:15:17,559 - INFO - Log guardándose en: logs\automatizacion_20260119.log
2026-01-19 21:15:17,560 - INFO -  === AUTOMATIZACIÓN MODULAR INICIADA ===
2026-01-19 21:15:17,560 - INFO - Archivo: productos_avanzado.xlsx
2026-01-19 21:15:17,561 - INFO - === PASO 1: LECTURA EXCEL ===
2026-01-19 21:15:17,562 - INFO - === MÓDULO 1: LECTURA EXCEL ===
2026-01-19 21:15:17,562 - INFO - Archivo: productos_avanzado.xlsx
2026-01-19 21:15:17,703 - INFO - Columnas encontradas: ['cotizacion_id', 'codigo', 'descripcion', 'cantidad', 'con_garantia', 'descuento_empleado', 'con_creditos', 'entrega_cliente', 'COTIZACION', 'ESTADO', 'FECHA_PROCESADO', 'ARCHIVO_WORD', 'tipo_entrega', 'Unnamed: 13']
2026-01-19 21:15:17,730 - INFO - Se encontraron 13 cotizaciones
2026-01-19 21:15:17,730 - INFO - Cotización 1: 2 productos
2026-01-19 21:15:17,731 - INFO - Cotización 2: 3 productos
2026-01-19 21:15:17,731 - INFO - Cotización 3: 3 productos
2026-01-19 21:15:17,731 - INFO - Cotización 4: 3 productos
2026-01-19 21:15:17,732 - INFO - Cotización 5: 1 productos
2026-01-19 21:15:17,733 - INFO - Cotización 6: 1 productos
2026-01-19 21:15:17,734 - INFO - Cotización 7: 1 productos
2026-01-19 21:15:17,734 - INFO - Cotización 8: 1 productos
2026-01-19 21:15:17,734 - INFO - Cotización 9: 1 productos
2026-01-19 21:15:17,735 - INFO - Cotización 10: 3 productos
2026-01-19 21:15:17,735 - INFO - Cotización 11: 1 productos
2026-01-19 21:15:17,735 - INFO - Cotización 12: 4 productos
2026-01-19 21:15:17,735 - INFO - Cotización 13: 6 productos
2026-01-19 21:15:17,736 - INFO - === PASO 2: INICIALIZAR NAVEGADOR ===
2026-01-19 21:15:28,482 - INFO - Navegador Firefox inicializado con configuración limpia
2026-01-19 21:15:28,483 - INFO - === PASO 3: INICIAR SESIÓN ===
2026-01-19 21:15:28,484 - INFO - === MÓDULO 2: INICIO SESIÓN ===
2026-01-19 21:15:32,146 - INFO - Accediendo a: http://ursvtols8b3c:8080/engage-unicomer-web/
2026-01-19 21:15:32,341 - INFO - Credenciales ingresadas
2026-01-19 21:15:37,640 - INFO - Formulario enviado
2026-01-19 21:15:39,769 - INFO - Screenshot capturado: 01_login_resultado.png
2026-01-19 21:15:39,784 - ERROR - Login falló
2026-01-19 21:15:39,785 - ERROR - Error en inicio de sesión - No se puede continuar con automatización
2026-01-19 21:15:39,786 - INFO - Como no hay cotizaciones procesadas, saltando generación de reportes
2026-01-19 21:15:39,786 - INFO - Limpiando recursos...
2026-01-19 21:15:39,787 - INFO - Eliminando screenshots residuales...
2026-01-19 21:15:39,789 - INFO - 1 screenshots residuales eliminados
2026-01-19 21:15:43,696 - INFO - Navegador cerrado
2026-01-19 21:15:43,696 - INFO - Limpieza de recursos completada
2026-01-19 21:15:43,697 - INFO - === AUTOMATIZACIÓN FINALIZADA ===
2026-01-19 21:15:52,064 - INFO - Log guardándose en: logs\automatizacion_20260119.log
2026-01-19 21:15:52,064 - INFO -  === AUTOMATIZACIÓN MODULAR INICIADA ===
2026-01-19 21:15:52,065 - INFO - Archivo: productos_avanzado.xlsx
2026-01-19 21:15:52,065 - INFO - === PASO 1: LECTURA EXCEL ===
2026-01-19 21:15:52,066 - INFO - === MÓDULO 1: LECTURA EXCEL ===
2026-01-19 21:15:52,066 - INFO - Archivo: productos_avanzado.xlsx
2026-01-19 21:15:52,113 - INFO - Columnas encontradas: ['cotizacion_id', 'codigo', 'descripcion', 'cantidad', 'con_garantia', 'descuento_empleado', 'con_creditos', 'entrega_cliente', 'COTIZACION', 'ESTADO', 'FECHA_PROCESADO', 'ARCHIVO_WORD', 'tipo_entrega', 'Unnamed: 13']
2026-01-19 21:15:52,127 - INFO - Se encontraron 13 cotizaciones
2026-01-19 21:15:52,127 - INFO - Cotización 1: 2 productos
2026-01-19 21:15:52,127 - INFO - Cotización 2: 3 productos
2026-01-19 21:15:52,128 - INFO - Cotización 3: 3 productos
2026-01-19 21:15:52,129 - INFO - Cotización 4: 3 productos
2026-01-19 21:15:52,129 - INFO - Cotización 5: 1 productos
2026-01-19 21:15:52,130 - INFO - Cotización 6: 1 productos
2026-01-19 21:15:52,130 - INFO - Cotización 7: 1 productos
2026-01-19 21:15:52,131 - INFO - Cotización 8: 1 productos
2026-01-19 21:15:52,131 - INFO - Cotización 9: 1 productos
2026-01-19 21:15:52,131 - INFO - Cotización 10: 3 productos
2026-01-19 21:15:52,132 - INFO - Cotización 11: 1 productos
2026-01-19 21:15:52,132 - INFO - Cotización 12: 4 productos
2026-01-19 21:15:52,132 - INFO - Cotización 13: 6 productos
2026-01-19 21:15:52,132 - INFO - === PASO 2: INICIALIZAR NAVEGADOR ===
2026-01-19 21:16:00,189 - INFO - Navegador Firefox inicializado con configuración limpia
2026-01-19 21:16:00,190 - INFO - === PASO 3: INICIAR SESIÓN ===
2026-01-19 21:16:00,191 - INFO - === MÓDULO 2: INICIO SESIÓN ===
2026-01-19 21:16:03,770 - INFO - Accediendo a: http://ursvtols8b3c:8080/engage-unicomer-web/
2026-01-19 21:16:04,002 - INFO - Credenciales ingresadas
2026-01-19 21:16:05,903 - INFO - Formulario enviado
2026-01-19 21:16:07,979 - INFO - Screenshot capturado: 01_login_resultado.png
2026-01-19 21:16:07,992 - INFO - Login exitoso - URL cambió
2026-01-19 21:16:07,992 - INFO - 
🔄 PROCESANDO COTIZACIÓN 1/13: 1
2026-01-19 21:16:07,993 - INFO - === PASO 4: INICIAR ORDEN DE COMPRA ===
2026-01-19 21:16:07,994 - INFO - Buscando botón 'Comience una Orden de Compra'...
2026-01-19 21:16:08,084 - INFO - Screenshot capturado: C1_02_dashboard.png
2026-01-19 21:16:08,085 - INFO - Intentando selector 1: /html/body/div[2]/div[4]/div/div/div[1]/a[1]/input
2026-01-19 21:16:08,086 - INFO - Esperando que botón orden selector 1 sea visible (timeout: 300s, se reinicia con progreso)...
2026-01-19 21:16:08,319 - INFO - PROGRESO: botón orden selector 1 visible - REINICIANDO timeout
2026-01-19 21:16:08,351 - INFO - OK - botón orden selector 1 listo después de 0.0s
2026-01-19 21:16:08,917 - INFO - Click exitoso en botón orden selector 1
2026-01-19 21:16:09,994 - INFO - Screenshot capturado: C1_04_formulario_orden.png
2026-01-19 21:16:09,995 - INFO - Click realizado en botón orden
2026-01-19 21:16:09,996 - INFO - Configuración - Garantías: SI, Descuento: NO, Créditos: SI, Entrega: NO, Tipo Entrega: cliente llevará
2026-01-19 21:16:09,996 - INFO - === PASO 5: EXTRAER NÚMERO COTIZACIÓN ===
2026-01-19 21:16:09,997 - INFO - === EXTRAYENDO NÚMERO DE COTIZACIÓN INICIAL ===
2026-01-19 21:16:12,052 - INFO - Número encontrado con selector: li.quotationNumberTitle p:last-child
2026-01-19 21:16:12,052 - INFO - Número de cotización: 1160920925001F
2026-01-19 21:16:12,053 - INFO - Número base extraído: 1160920925001F
2026-01-19 21:16:12,054 - INFO - Número único generado: 1160920925001F_2053
2026-01-19 21:16:12,055 - INFO - === PASO 6: AGREGAR ITEMS ============================================================================
2026-01-19 21:16:12,056 - INFO - --- ITEM 1/2 ---
2026-01-19 21:16:12,057 - INFO - === MÓDULO 3: AGREGAR ITEM 1 ===
2026-01-19 21:16:12,057 - INFO - Código: 461431200016, Cantidad: 1
2026-01-19 21:16:12,058 - INFO - Esperando que campo búsqueda item 1 sea visible (timeout: 300s, se reinicia con progreso)...
2026-01-19 21:16:12,094 - INFO - PROGRESO: campo búsqueda item 1 visible - REINICIANDO timeout
2026-01-19 21:16:12,127 - INFO - OK - campo búsqueda item 1 listo después de 0.0s
2026-01-19 21:16:12,221 - INFO - Código 461431200016 ingresado en campo búsqueda
2026-01-19 21:16:12,258 - INFO - Enter enviado para búsqueda
2026-01-19 21:16:13,979 - INFO - Mensaje informativo (ignorado): Error
close
ERROR TO OBTAIN THE PARAMATER: permitirNoInventariadosSeguros...
2026-01-19 21:16:13,980 - INFO - Item 461431200016 procesado correctamente
2026-01-19 21:16:13,980 - INFO - === MÓDULO 4: GARANTÍAS ITEM 1 ===
2026-01-19 21:16:13,981 - INFO - Garantía: AGREGAR
2026-01-19 21:16:15,081 - INFO - Screenshot capturado: C1_07_pantalla_garantias_01.png
2026-01-19 21:16:21,117 - INFO - Botón Add encontrado: //button[contains(@class, 'btn-success') and contains(text(), 'Add')]
2026-01-19 21:16:21,138 - INFO - Click en Añadir garantía
2026-01-19 21:16:23,167 - INFO - Encontradas 6 opciones de garantía
2026-01-19 21:16:23,250 - INFO - Garantía seleccionada - precio: $82.25
2026-01-19 21:16:24,266 - INFO - Clic en botón final para garantía con precio
2026-01-19 21:16:25,341 - INFO - Screenshot capturado: C1_08_garantia_procesada_01.png
2026-01-19 21:16:26,405 - INFO - Screenshot capturado: C1_06_item_con_garantias_procesadas_01.png
2026-01-19 21:16:26,406 - INFO - Garantías procesadas para item 1
2026-01-19 21:16:26,407 - INFO - --- ITEM 2/2 ---
2026-01-19 21:16:26,407 - INFO - === MÓDULO 3: AGREGAR ITEM 2 ===
2026-01-19 21:16:26,408 - INFO - Código: 439766400005, Cantidad: 1
2026-01-19 21:16:26,409 - INFO - Esperando que campo búsqueda item 2 sea visible (timeout: 300s, se reinicia con progreso)...
2026-01-19 21:16:26,462 - INFO - PROGRESO: campo búsqueda item 2 visible - REINICIANDO timeout
2026-01-19 21:16:26,506 - INFO - OK - campo búsqueda item 2 listo después de 0.0s
2026-01-19 21:16:26,635 - INFO - Código 439766400005 ingresado en campo búsqueda
2026-01-19 21:16:26,696 - INFO - Enter enviado para búsqueda
2026-01-19 21:16:30,913 - INFO - Mensaje informativo (ignorado): Error
close
ERROR TO OBTAIN THE PARAMATER: permitirNoInventariadosSeguros...
2026-01-19 21:16:30,913 - INFO - Item 439766400005 procesado correctamente
2026-01-19 21:16:30,914 - INFO - === MÓDULO 4: GARANTÍAS ITEM 2 ===
2026-01-19 21:16:30,914 - INFO - Garantía: AGREGAR
2026-01-19 21:16:32,037 - INFO - Screenshot capturado: C1_07_pantalla_garantias_02.png
2026-01-19 21:16:38,111 - INFO - Botón Add encontrado: //button[contains(@class, 'btn-success') and contains(text(), 'Add')]
2026-01-19 21:16:38,149 - INFO - Click en Añadir garantía
2026-01-19 21:16:40,209 - INFO - Encontradas 6 opciones de garantía
2026-01-19 21:16:40,308 - INFO - Garantía seleccionada - precio: $212.50
2026-01-19 21:16:41,340 - INFO - Clic en botón final para garantía con precio
2026-01-19 21:16:42,471 - INFO - Screenshot capturado: C1_08_garantia_procesada_02.png
2026-01-19 21:16:43,605 - INFO - Screenshot capturado: C1_06_item_con_garantias_procesadas_02.png
2026-01-19 21:16:43,606 - INFO - Garantías procesadas para item 2
2026-01-19 21:16:43,607 - INFO - === PASO 7: ENLAZAR CUSTOMER ==========================================================================
2026-01-19 21:16:43,608 - INFO - === MÓDULO 5: ENLAZAR CUSTOMER ===
2026-01-19 21:16:43,710 - INFO - Screenshot capturado: C1_12_antes_enlazar_cliente.png
2026-01-19 21:16:48,752 - INFO - Enlace cliente encontrado: /html/body/div[2]/div[3]/div[28]/div[3]/h4/a
2026-01-19 21:16:48,776 - INFO - Click en enlace cliente
2026-01-19 21:16:51,850 - INFO - Screenshot capturado: C1_13_formulario_cliente.png
2026-01-19 21:16:53,180 - INFO - Cliente 057874256 ingresado
2026-01-19 21:16:54,249 - INFO - Screenshot capturado: C1_14_cliente_ingresado.png
2026-01-19 21:16:55,337 - INFO - Primer Next
2026-01-19 21:16:58,430 - INFO - Screenshot capturado: C1_15_primer_next.png
2026-01-19 21:17:03,717 - INFO - Segundo Next
2026-01-19 21:17:06,837 - INFO - Screenshot capturado: C1_16_segundo_next.png
2026-01-19 21:17:06,838 - INFO - Customer enlazado exitosamente
2026-01-19 21:17:06,839 - INFO - === PASO 9: DESCUENTO EMPLEADO ====================================================================
2026-01-19 21:17:06,839 - INFO - === MÓDULO 7: Creditos ==========================================================
2026-01-19 21:22:20,890 - ERROR - Error general: Message: 
Stacktrace:
RemoteError@chrome://remote/content/shared/RemoteError.sys.mjs:8:8
WebDriverError@chrome://remote/content/shared/webdriver/Errors.sys.mjs:187:5
NoSuchElementError@chrome://remote/content/shared/webdriver/Errors.sys.mjs:505:5
element.find/</<@chrome://remote/content/marionette/element.sys.mjs:135:16

2026-01-19 21:22:20,891 - INFO - 📋 Ver detalles del error en: logs\automatizacion_20260119.log
2026-01-19 21:22:20,891 - INFO - Limpiando recursos...
2026-01-19 21:22:20,892 - INFO - Eliminando screenshots residuales...
2026-01-19 21:22:20,922 - INFO - 14 screenshots residuales eliminados
2026-01-19 21:22:25,331 - INFO - Navegador cerrado
2026-01-19 21:22:25,332 - INFO - Limpieza de recursos completada
2026-01-19 21:22:25,333 - INFO - === AUTOMATIZACIÓN FINALIZADA ===
2026-01-19 21:30:10,889 - INFO - Log guardándose en: logs\automatizacion_20260119.log
2026-01-19 21:30:10,889 - INFO -  === AUTOMATIZACIÓN MODULAR INICIADA ===
2026-01-19 21:30:10,889 - INFO - Archivo: productos_avanzado.xlsx
2026-01-19 21:30:10,890 - INFO - === PASO 1: LECTURA EXCEL ===
2026-01-19 21:30:10,890 - INFO - === MÓDULO 1: LECTURA EXCEL ===
2026-01-19 21:30:10,890 - INFO - Archivo: productos_avanzado.xlsx
2026-01-19 21:30:10,963 - INFO - Columnas encontradas: ['cotizacion_id', 'codigo', 'descripcion', 'cantidad', 'con_garantia', 'descuento_empleado', 'con_creditos', 'entrega_cliente', 'COTIZACION', 'ESTADO', 'FECHA_PROCESADO', 'ARCHIVO_WORD', 'tipo_entrega', 'Unnamed: 13']
2026-01-19 21:30:10,976 - INFO - Se encontraron 13 cotizaciones
2026-01-19 21:30:10,976 - INFO - Cotización 1: 2 productos
2026-01-19 21:30:10,977 - INFO - Cotización 2: 3 productos
2026-01-19 21:30:10,977 - INFO - Cotización 3: 3 productos
2026-01-19 21:30:10,977 - INFO - Cotización 4: 3 productos
2026-01-19 21:30:10,978 - INFO - Cotización 5: 1 productos
2026-01-19 21:30:10,978 - INFO - Cotización 6: 1 productos
2026-01-19 21:30:10,978 - INFO - Cotización 7: 1 productos
2026-01-19 21:30:10,978 - INFO - Cotización 8: 1 productos
2026-01-19 21:30:10,979 - INFO - Cotización 9: 1 productos
2026-01-19 21:30:10,979 - INFO - Cotización 10: 3 productos
2026-01-19 21:30:10,979 - INFO - Cotización 11: 1 productos
2026-01-19 21:30:10,980 - INFO - Cotización 12: 4 productos
2026-01-19 21:30:10,980 - INFO - Cotización 13: 6 productos
2026-01-19 21:30:10,980 - INFO - === PASO 2: INICIALIZAR NAVEGADOR ===
2026-01-19 21:30:19,989 - INFO - Navegador Firefox inicializado con configuración limpia
2026-01-19 21:30:19,994 - INFO - === PASO 3: INICIAR SESIÓN ===
2026-01-19 21:30:19,997 - INFO - === MÓDULO 2: INICIO SESIÓN ===
2026-01-19 21:30:23,486 - INFO - Accediendo a: http://ursvtols8b3c:8080/engage-unicomer-web/
2026-01-19 21:30:23,654 - INFO - Credenciales ingresadas
2026-01-19 21:30:25,136 - INFO - Formulario enviado
2026-01-19 21:30:27,230 - INFO - Screenshot capturado: 01_login_resultado.png
2026-01-19 21:30:27,243 - INFO - Login exitoso - URL cambió
2026-01-19 21:30:27,244 - INFO - 
🔄 PROCESANDO COTIZACIÓN 1/13: 1
2026-01-19 21:30:27,245 - INFO - === PASO 4: INICIAR ORDEN DE COMPRA ===
2026-01-19 21:30:27,245 - INFO - Buscando botón 'Comience una Orden de Compra'...
2026-01-19 21:30:27,327 - INFO - Screenshot capturado: C1_02_dashboard.png
2026-01-19 21:30:27,328 - INFO - Intentando selector 1: /html/body/div[2]/div[4]/div/div/div[1]/a[1]/input
2026-01-19 21:30:27,329 - INFO - Esperando que botón orden selector 1 sea visible (timeout: 300s, se reinicia con progreso)...
2026-01-19 21:30:27,548 - INFO - PROGRESO: botón orden selector 1 visible - REINICIANDO timeout
2026-01-19 21:30:27,575 - INFO - OK - botón orden selector 1 listo después de 0.0s
2026-01-19 21:30:28,116 - INFO - Click exitoso en botón orden selector 1
2026-01-19 21:30:29,198 - INFO - Screenshot capturado: C1_04_formulario_orden.png
2026-01-19 21:30:29,199 - INFO - Click realizado en botón orden
2026-01-19 21:30:29,199 - INFO - Configuración - Garantías: SI, Descuento: NO, Créditos: SI, Entrega: NO, Tipo Entrega: cliente llevará
2026-01-19 21:30:29,202 - INFO - === PASO 5: EXTRAER NÚMERO COTIZACIÓN ===
2026-01-19 21:30:29,202 - INFO - === EXTRAYENDO NÚMERO DE COTIZACIÓN INICIAL ===
2026-01-19 21:30:31,278 - INFO - Número encontrado con selector: li.quotationNumberTitle p:last-child
2026-01-19 21:30:31,279 - INFO - Número de cotización: 11609210250009
2026-01-19 21:30:31,280 - INFO - Número base extraído: 11609210250009
2026-01-19 21:30:31,280 - INFO - Número único generado: 11609210250009_1280
2026-01-19 21:30:31,281 - INFO - === PASO 6: AGREGAR ITEMS ============================================================================
2026-01-19 21:30:31,282 - INFO - --- ITEM 1/2 ---
2026-01-19 21:30:31,283 - INFO - === MÓDULO 3: AGREGAR ITEM 1 ===
2026-01-19 21:30:31,284 - INFO - Código: 461431200016, Cantidad: 1
2026-01-19 21:30:31,285 - INFO - Esperando que campo búsqueda item 1 sea visible (timeout: 300s, se reinicia con progreso)...
2026-01-19 21:30:31,321 - INFO - PROGRESO: campo búsqueda item 1 visible - REINICIANDO timeout
2026-01-19 21:30:31,358 - INFO - OK - campo búsqueda item 1 listo después de 0.0s
2026-01-19 21:30:31,462 - INFO - Código 461431200016 ingresado en campo búsqueda
2026-01-19 21:30:31,509 - INFO - Enter enviado para búsqueda
2026-01-19 21:30:33,135 - INFO - Mensaje informativo (ignorado): Error
close
ERROR TO OBTAIN THE PARAMATER: permitirNoInventariadosSeguros...
2026-01-19 21:30:33,136 - INFO - Item 461431200016 procesado correctamente
2026-01-19 21:30:33,137 - INFO - === MÓDULO 4: GARANTÍAS ITEM 1 ===
2026-01-19 21:30:33,139 - INFO - Garantía: AGREGAR
2026-01-19 21:30:34,228 - INFO - Screenshot capturado: C1_07_pantalla_garantias_01.png
2026-01-19 21:30:40,265 - INFO - Botón Add encontrado: //button[contains(@class, 'btn-success') and contains(text(), 'Add')]
2026-01-19 21:30:40,287 - INFO - Click en Añadir garantía
2026-01-19 21:30:42,361 - INFO - Encontradas 6 opciones de garantía
2026-01-19 21:30:42,421 - INFO - Garantía seleccionada - precio: $82.25
2026-01-19 21:30:43,457 - INFO - Clic en botón final para garantía con precio
2026-01-19 21:30:44,536 - INFO - Screenshot capturado: C1_08_garantia_procesada_01.png
2026-01-19 21:30:45,640 - INFO - Screenshot capturado: C1_06_item_con_garantias_procesadas_01.png
2026-01-19 21:30:45,641 - INFO - Garantías procesadas para item 1
2026-01-19 21:30:45,641 - INFO - --- ITEM 2/2 ---
2026-01-19 21:30:45,642 - INFO - === MÓDULO 3: AGREGAR ITEM 2 ===
2026-01-19 21:30:45,643 - INFO - Código: 439766400005, Cantidad: 1
2026-01-19 21:30:45,643 - INFO - Esperando que campo búsqueda item 2 sea visible (timeout: 300s, se reinicia con progreso)...
2026-01-19 21:30:45,680 - INFO - PROGRESO: campo búsqueda item 2 visible - REINICIANDO timeout
2026-01-19 21:30:45,708 - INFO - OK - campo búsqueda item 2 listo después de 0.0s
2026-01-19 21:30:45,794 - INFO - Código 439766400005 ingresado en campo búsqueda
2026-01-19 21:30:45,838 - INFO - Enter enviado para búsqueda
2026-01-19 21:30:50,114 - INFO - Item 439766400005 procesado correctamente
2026-01-19 21:30:50,115 - INFO - === MÓDULO 4: GARANTÍAS ITEM 2 ===
2026-01-19 21:30:50,115 - INFO - Garantía: AGREGAR
2026-01-19 21:30:51,211 - INFO - Screenshot capturado: C1_07_pantalla_garantias_02.png
2026-01-19 21:30:57,251 - INFO - Botón Add encontrado: //button[contains(@class, 'btn-success') and contains(text(), 'Add')]
2026-01-19 21:30:57,278 - INFO - Click en Añadir garantía
2026-01-19 21:30:59,300 - INFO - Encontradas 6 opciones de garantía
2026-01-19 21:30:59,374 - INFO - Garantía seleccionada - precio: $212.50
2026-01-19 21:31:00,403 - INFO - Clic en botón final para garantía con precio
2026-01-19 21:31:01,479 - INFO - Screenshot capturado: C1_08_garantia_procesada_02.png
2026-01-19 21:31:02,580 - INFO - Screenshot capturado: C1_06_item_con_garantias_procesadas_02.png
2026-01-19 21:31:02,581 - INFO - Garantías procesadas para item 2
2026-01-19 21:31:02,582 - INFO - === PASO 7: ENLAZAR CUSTOMER ==========================================================================
2026-01-19 21:31:02,582 - INFO - === MÓDULO 5: ENLAZAR CUSTOMER ===
2026-01-19 21:31:02,668 - INFO - Screenshot capturado: C1_12_antes_enlazar_cliente.png
2026-01-19 21:31:07,712 - INFO - Enlace cliente encontrado: /html/body/div[2]/div[3]/div[28]/div[3]/h4/a
2026-01-19 21:31:07,745 - INFO - Click en enlace cliente
2026-01-19 21:31:10,812 - INFO - Screenshot capturado: C1_13_formulario_cliente.png
2026-01-19 21:31:12,171 - INFO - Cliente 057874256 ingresado
2026-01-19 21:31:13,272 - INFO - Screenshot capturado: C1_14_cliente_ingresado.png
2026-01-19 21:31:14,905 - INFO - Primer Next
2026-01-19 21:31:18,013 - INFO - Screenshot capturado: C1_15_primer_next.png
2026-01-19 21:31:24,222 - INFO - Segundo Next
2026-01-19 21:31:27,331 - INFO - Screenshot capturado: C1_16_segundo_next.png
2026-01-19 21:31:27,331 - INFO - Customer enlazado exitosamente
2026-01-19 21:31:27,332 - INFO - === PASO 9: DESCUENTO EMPLEADO ====================================================================
2026-01-19 21:31:27,333 - INFO - === MÓDULO 7: Creditos ==========================================================
2026-01-19 21:31:33,188 - INFO - Entrando al sistema de creditos
2026-01-19 21:32:32,463 - INFO - Dando click a al select una bandera
2026-01-19 21:37:35,835 - ERROR - Error general: Message: 
Stacktrace:
RemoteError@chrome://remote/content/shared/RemoteError.sys.mjs:8:8
WebDriverError@chrome://remote/content/shared/webdriver/Errors.sys.mjs:187:5
NoSuchElementError@chrome://remote/content/shared/webdriver/Errors.sys.mjs:505:5
element.find/</<@chrome://remote/content/marionette/element.sys.mjs:135:16

2026-01-19 21:37:35,836 - INFO - 📋 Ver detalles del error en: logs\automatizacion_20260119.log
2026-01-19 21:37:35,836 - INFO - Limpiando recursos...
2026-01-19 21:37:35,837 - INFO - Eliminando screenshots residuales...
2026-01-19 21:37:35,863 - INFO - 14 screenshots residuales eliminados
2026-01-19 21:37:39,703 - INFO - Navegador cerrado
2026-01-19 21:37:39,703 - INFO - Limpieza de recursos completada
2026-01-19 21:37:39,704 - INFO - === AUTOMATIZACIÓN FINALIZADA ===
2026-01-19 21:50:14,562 - INFO - Log guardándose en: logs\automatizacion_20260119.log
2026-01-19 21:50:14,563 - INFO -  === AUTOMATIZACIÓN MODULAR INICIADA ===
2026-01-19 21:50:14,563 - INFO - Archivo: productos_avanzado.xlsx
2026-01-19 21:50:14,563 - INFO - === PASO 1: LECTURA EXCEL ===
2026-01-19 21:50:14,563 - INFO - === MÓDULO 1: LECTURA EXCEL ===
2026-01-19 21:50:14,564 - INFO - Archivo: productos_avanzado.xlsx
2026-01-19 21:50:14,642 - INFO - Columnas encontradas: ['cotizacion_id', 'codigo', 'descripcion', 'cantidad', 'con_garantia', 'descuento_empleado', 'con_creditos', 'entrega_cliente', 'COTIZACION', 'ESTADO', 'FECHA_PROCESADO', 'ARCHIVO_WORD', 'tipo_entrega', 'Unnamed: 13']
2026-01-19 21:50:14,660 - INFO - Se encontraron 13 cotizaciones
2026-01-19 21:50:14,660 - INFO - Cotización 1: 2 productos
2026-01-19 21:50:14,661 - INFO - Cotización 2: 3 productos
2026-01-19 21:50:14,661 - INFO - Cotización 3: 3 productos
2026-01-19 21:50:14,661 - INFO - Cotización 4: 3 productos
2026-01-19 21:50:14,662 - INFO - Cotización 5: 1 productos
2026-01-19 21:50:14,662 - INFO - Cotización 6: 1 productos
2026-01-19 21:50:14,662 - INFO - Cotización 7: 1 productos
2026-01-19 21:50:14,662 - INFO - Cotización 8: 1 productos
2026-01-19 21:50:14,662 - INFO - Cotización 9: 1 productos
2026-01-19 21:50:14,663 - INFO - Cotización 10: 3 productos
2026-01-19 21:50:14,664 - INFO - Cotización 11: 1 productos
2026-01-19 21:50:14,665 - INFO - Cotización 12: 4 productos
2026-01-19 21:50:14,665 - INFO - Cotización 13: 6 productos
2026-01-19 21:50:14,666 - INFO - === PASO 2: INICIALIZAR NAVEGADOR ===
2026-01-19 21:50:23,948 - INFO - Navegador Firefox inicializado con configuración limpia
2026-01-19 21:50:23,949 - INFO - === PASO 3: INICIAR SESIÓN ===
2026-01-19 21:50:23,950 - INFO - === MÓDULO 2: INICIO SESIÓN ===
2026-01-19 21:50:32,430 - INFO - Accediendo a: http://ursvtols8b3c:8080/engage-unicomer-web/
2026-01-19 21:50:32,708 - INFO - Credenciales ingresadas
2026-01-19 21:50:35,199 - INFO - Formulario enviado
2026-01-19 21:50:37,317 - INFO - Screenshot capturado: 01_login_resultado.png
2026-01-19 21:50:37,333 - INFO - Login exitoso - URL cambió
2026-01-19 21:50:37,333 - INFO - 
🔄 PROCESANDO COTIZACIÓN 1/13: 1
2026-01-19 21:50:37,334 - INFO - === PASO 4: INICIAR ORDEN DE COMPRA ===
2026-01-19 21:50:37,335 - INFO - Buscando botón 'Comience una Orden de Compra'...
2026-01-19 21:50:37,469 - INFO - Screenshot capturado: C1_02_dashboard.png
2026-01-19 21:50:37,470 - INFO - Intentando selector 1: /html/body/div[2]/div[4]/div/div/div[1]/a[1]/input
2026-01-19 21:50:37,471 - INFO - Esperando que botón orden selector 1 sea visible (timeout: 300s, se reinicia con progreso)...
2026-01-19 21:50:37,840 - INFO - PROGRESO: botón orden selector 1 visible - REINICIANDO timeout
2026-01-19 21:50:37,868 - INFO - OK - botón orden selector 1 listo después de 0.0s
2026-01-19 21:50:38,415 - INFO - Click exitoso en botón orden selector 1
2026-01-19 21:50:39,653 - INFO - Screenshot capturado: C1_04_formulario_orden.png
2026-01-19 21:50:39,655 - INFO - Click realizado en botón orden
2026-01-19 21:50:39,657 - INFO - Configuración - Garantías: SI, Descuento: NO, Créditos: SI, Entrega: NO, Tipo Entrega: cliente llevará
2026-01-19 21:50:39,658 - INFO - === PASO 5: EXTRAER NÚMERO COTIZACIÓN ===
2026-01-19 21:50:39,659 - INFO - === EXTRAYENDO NÚMERO DE COTIZACIÓN INICIAL ===
2026-01-19 21:50:41,739 - INFO - Número encontrado con selector: li.quotationNumberTitle p:last-child
2026-01-19 21:50:41,740 - INFO - Número de cotización: 1160921125000C
2026-01-19 21:50:41,741 - INFO - Número base extraído: 1160921125000C
2026-01-19 21:50:41,742 - INFO - Número único generado: 1160921125000C_1741
2026-01-19 21:50:41,742 - INFO - === PASO 6: AGREGAR ITEMS ============================================================================
2026-01-19 21:50:41,744 - INFO - --- ITEM 1/2 ---
2026-01-19 21:50:41,746 - INFO - === MÓDULO 3: AGREGAR ITEM 1 ===
2026-01-19 21:50:41,746 - INFO - Código: 461431200016, Cantidad: 1
2026-01-19 21:50:41,747 - INFO - Esperando que campo búsqueda item 1 sea visible (timeout: 300s, se reinicia con progreso)...
2026-01-19 21:50:41,857 - INFO - PROGRESO: campo búsqueda item 1 visible - REINICIANDO timeout
2026-01-19 21:50:41,914 - INFO - OK - campo búsqueda item 1 listo después de 0.0s
2026-01-19 21:50:42,008 - INFO - Código 461431200016 ingresado en campo búsqueda
2026-01-19 21:50:42,064 - INFO - Enter enviado para búsqueda
2026-01-19 21:50:44,325 - INFO - Mensaje informativo (ignorado): Error
close
ERROR TO OBTAIN THE PARAMATER: permitirNoInventariadosSeguros...
2026-01-19 21:50:44,325 - INFO - Item 461431200016 procesado correctamente
2026-01-19 21:50:44,326 - INFO - === MÓDULO 4: GARANTÍAS ITEM 1 ===
2026-01-19 21:50:44,327 - INFO - Garantía: AGREGAR
2026-01-19 21:50:45,558 - INFO - Screenshot capturado: C1_07_pantalla_garantias_01.png
2026-01-19 21:50:51,623 - INFO - Botón Add encontrado: //button[contains(@class, 'btn-success') and contains(text(), 'Add')]
2026-01-19 21:50:51,702 - INFO - Click en Añadir garantía
2026-01-19 21:50:54,438 - INFO - Encontradas 6 opciones de garantía
2026-01-19 21:50:54,616 - INFO - Garantía seleccionada - precio: $82.25
2026-01-19 21:50:55,662 - INFO - Clic en botón final para garantía con precio
2026-01-19 21:50:56,834 - INFO - Screenshot capturado: C1_08_garantia_procesada_01.png
2026-01-19 21:50:58,004 - INFO - Screenshot capturado: C1_06_item_con_garantias_procesadas_01.png
2026-01-19 21:50:58,005 - INFO - Garantías procesadas para item 1
2026-01-19 21:50:58,008 - INFO - --- ITEM 2/2 ---
2026-01-19 21:50:58,009 - INFO - === MÓDULO 3: AGREGAR ITEM 2 ===
2026-01-19 21:50:58,010 - INFO - Código: 439766400005, Cantidad: 1
2026-01-19 21:50:58,010 - INFO - Esperando que campo búsqueda item 2 sea visible (timeout: 300s, se reinicia con progreso)...
2026-01-19 21:50:58,095 - INFO - PROGRESO: campo búsqueda item 2 visible - REINICIANDO timeout
2026-01-19 21:50:58,163 - INFO - OK - campo búsqueda item 2 listo después de 0.0s
2026-01-19 21:50:58,233 - INFO - Código 439766400005 ingresado en campo búsqueda
2026-01-19 21:50:58,286 - INFO - Enter enviado para búsqueda
2026-01-19 21:51:03,041 - INFO - Mensaje informativo (ignorado): Error
close
ERROR TO OBTAIN THE PARAMATER: permitirNoInventariadosSeguros...
2026-01-19 21:51:03,042 - INFO - Item 439766400005 procesado correctamente
2026-01-19 21:51:03,043 - INFO - === MÓDULO 4: GARANTÍAS ITEM 2 ===
2026-01-19 21:51:03,044 - INFO - Garantía: AGREGAR
2026-01-19 21:51:04,218 - INFO - Screenshot capturado: C1_07_pantalla_garantias_02.png
2026-01-19 21:51:10,263 - INFO - Botón Add encontrado: //button[contains(@class, 'btn-success') and contains(text(), 'Add')]
2026-01-19 21:51:10,284 - INFO - Click en Añadir garantía
2026-01-19 21:51:12,332 - INFO - Encontradas 6 opciones de garantía
2026-01-19 21:51:12,455 - INFO - Garantía seleccionada - precio: $212.50
2026-01-19 21:51:13,480 - INFO - Clic en botón final para garantía con precio
2026-01-19 21:51:14,576 - INFO - Screenshot capturado: C1_08_garantia_procesada_02.png
2026-01-19 21:51:15,647 - INFO - Screenshot capturado: C1_06_item_con_garantias_procesadas_02.png
2026-01-19 21:51:15,648 - INFO - Garantías procesadas para item 2
2026-01-19 21:51:15,649 - INFO - === PASO 7: ENLAZAR CUSTOMER ==========================================================================
2026-01-19 21:51:15,650 - INFO - === MÓDULO 5: ENLAZAR CUSTOMER ===
2026-01-19 21:51:15,714 - INFO - Screenshot capturado: C1_12_antes_enlazar_cliente.png
2026-01-19 21:51:20,747 - INFO - Enlace cliente encontrado: /html/body/div[2]/div[3]/div[28]/div[3]/h4/a
2026-01-19 21:51:20,766 - INFO - Click en enlace cliente
2026-01-19 21:51:24,086 - INFO - Screenshot capturado: C1_13_formulario_cliente.png
2026-01-19 21:51:25,925 - INFO - Cliente 057874256 ingresado
2026-01-19 21:51:26,993 - INFO - Screenshot capturado: C1_14_cliente_ingresado.png
2026-01-19 21:51:28,194 - INFO - Primer Next
2026-01-19 21:51:31,273 - INFO - Screenshot capturado: C1_15_primer_next.png
2026-01-19 21:51:37,303 - INFO - Segundo Next
2026-01-19 21:51:40,371 - INFO - Screenshot capturado: C1_16_segundo_next.png
2026-01-19 21:51:40,372 - INFO - Customer enlazado exitosamente
2026-01-19 21:51:40,373 - INFO - === PASO 9: DESCUENTO EMPLEADO ====================================================================
2026-01-19 21:51:40,373 - INFO - === MÓDULO 7: Creditos ==========================================================
2026-01-19 21:51:45,954 - INFO - Entrando al sistema de creditos
2026-01-19 21:52:38,857 - INFO - Dando click a al select una bandera
2026-01-19 21:53:05,576 - ERROR - Error general: ('Connection aborted.', ConnectionResetError(10054, 'Se ha forzado la interrupción de una conexión existente por el host remoto', None, 10054, None))
2026-01-19 21:53:05,577 - INFO - 📋 Ver detalles del error en: logs\automatizacion_20260119.log
2026-01-19 21:53:05,577 - INFO - Limpiando recursos...
2026-01-19 21:53:05,578 - INFO - Eliminando screenshots residuales...
2026-01-19 21:54:32,437 - INFO - Log guardándose en: logs\automatizacion_20260119.log
2026-01-19 21:54:32,438 - INFO -  === AUTOMATIZACIÓN MODULAR INICIADA ===
2026-01-19 21:54:32,438 - INFO - Archivo: productos_avanzado.xlsx
2026-01-19 21:54:32,438 - INFO - === PASO 1: LECTURA EXCEL ===
2026-01-19 21:54:32,438 - INFO - === MÓDULO 1: LECTURA EXCEL ===
2026-01-19 21:54:32,439 - INFO - Archivo: productos_avanzado.xlsx
2026-01-19 21:54:32,476 - INFO - Columnas encontradas: ['cotizacion_id', 'codigo', 'descripcion', 'cantidad', 'con_garantia', 'descuento_empleado', 'con_creditos', 'entrega_cliente', 'COTIZACION', 'ESTADO', 'FECHA_PROCESADO', 'ARCHIVO_WORD', 'tipo_entrega', 'Unnamed: 13']
2026-01-19 21:54:32,490 - INFO - Se encontraron 13 cotizaciones
2026-01-19 21:54:32,491 - INFO - Cotización 1: 2 productos
2026-01-19 21:54:32,492 - INFO - Cotización 2: 3 productos
2026-01-19 21:54:32,492 - INFO - Cotización 3: 3 productos
2026-01-19 21:54:32,492 - INFO - Cotización 4: 3 productos
2026-01-19 21:54:32,493 - INFO - Cotización 5: 1 productos
2026-01-19 21:54:32,493 - INFO - Cotización 6: 1 productos
2026-01-19 21:54:32,493 - INFO - Cotización 7: 1 productos
2026-01-19 21:54:32,494 - INFO - Cotización 8: 1 productos
2026-01-19 21:54:32,494 - INFO - Cotización 9: 1 productos
2026-01-19 21:54:32,494 - INFO - Cotización 10: 3 productos
2026-01-19 21:54:32,494 - INFO - Cotización 11: 1 productos
2026-01-19 21:54:32,495 - INFO - Cotización 12: 4 productos
2026-01-19 21:54:32,495 - INFO - Cotización 13: 6 productos
2026-01-19 21:54:32,495 - INFO - === PASO 2: INICIALIZAR NAVEGADOR ===
2026-01-19 21:54:40,500 - INFO - Navegador Firefox inicializado con configuración limpia
2026-01-19 21:54:40,501 - INFO - === PASO 3: INICIAR SESIÓN ===
2026-01-19 21:54:40,501 - INFO - === MÓDULO 2: INICIO SESIÓN ===
2026-01-19 21:54:44,726 - INFO - Accediendo a: http://ursvtols8b3c:8080/engage-unicomer-web/
2026-01-19 21:54:44,956 - INFO - Credenciales ingresadas
2026-01-19 21:54:51,008 - INFO - Formulario enviado
2026-01-19 21:54:53,095 - INFO - Screenshot capturado: 01_login_resultado.png
2026-01-19 21:54:53,105 - INFO - Login exitoso - URL cambió
2026-01-19 21:54:53,106 - INFO - 
🔄 PROCESANDO COTIZACIÓN 1/13: 1
2026-01-19 21:54:53,106 - INFO - === PASO 4: INICIAR ORDEN DE COMPRA ===
2026-01-19 21:54:53,107 - INFO - Buscando botón 'Comience una Orden de Compra'...
2026-01-19 21:54:53,181 - INFO - Screenshot capturado: C1_02_dashboard.png
2026-01-19 21:54:53,182 - INFO - Intentando selector 1: /html/body/div[2]/div[4]/div/div/div[1]/a[1]/input
2026-01-19 21:54:53,182 - INFO - Esperando que botón orden selector 1 sea visible (timeout: 300s, se reinicia con progreso)...
2026-01-19 21:54:53,226 - INFO - PROGRESO: botón orden selector 1 visible - REINICIANDO timeout
2026-01-19 21:54:53,254 - INFO - OK - botón orden selector 1 listo después de 0.0s
2026-01-19 21:54:53,811 - INFO - Click exitoso en botón orden selector 1
2026-01-19 21:54:54,886 - INFO - Screenshot capturado: C1_04_formulario_orden.png
2026-01-19 21:54:54,887 - INFO - Click realizado en botón orden
2026-01-19 21:54:54,888 - INFO - Configuración - Garantías: SI, Descuento: NO, Créditos: SI, Entrega: NO, Tipo Entrega: cliente llevará
2026-01-19 21:54:54,888 - INFO - === PASO 5: EXTRAER NÚMERO COTIZACIÓN ===
2026-01-19 21:54:54,889 - INFO - === EXTRAYENDO NÚMERO DE COTIZACIÓN INICIAL ===
2026-01-19 21:54:56,934 - INFO - Número encontrado con selector: li.quotationNumberTitle p:last-child
2026-01-19 21:54:56,934 - INFO - Número de cotización: 11609212250008
2026-01-19 21:54:56,935 - INFO - Número base extraído: 11609212250008
2026-01-19 21:54:56,935 - INFO - Número único generado: 11609212250008_6935
2026-01-19 21:54:56,936 - INFO - === PASO 6: AGREGAR ITEMS ============================================================================
2026-01-19 21:54:56,937 - INFO - --- ITEM 1/2 ---
2026-01-19 21:54:56,937 - INFO - === MÓDULO 3: AGREGAR ITEM 1 ===
2026-01-19 21:54:56,938 - INFO - Código: 461431200016, Cantidad: 1
2026-01-19 21:54:56,939 - INFO - Esperando que campo búsqueda item 1 sea visible (timeout: 300s, se reinicia con progreso)...
2026-01-19 21:54:56,970 - INFO - PROGRESO: campo búsqueda item 1 visible - REINICIANDO timeout
2026-01-19 21:54:57,001 - INFO - OK - campo búsqueda item 1 listo después de 0.0s
2026-01-19 21:54:57,107 - INFO - Código 461431200016 ingresado en campo búsqueda
2026-01-19 21:54:57,148 - INFO - Enter enviado para búsqueda
2026-01-19 21:54:58,728 - INFO - Mensaje informativo (ignorado): Error
close
ERROR TO OBTAIN THE PARAMATER: permitirNoInventariadosSeguros...
2026-01-19 21:54:58,729 - INFO - Item 461431200016 procesado correctamente
2026-01-19 21:54:58,730 - INFO - === MÓDULO 4: GARANTÍAS ITEM 1 ===
2026-01-19 21:54:58,732 - INFO - Garantía: AGREGAR
2026-01-19 21:54:59,810 - INFO - Screenshot capturado: C1_07_pantalla_garantias_01.png
2026-01-19 21:55:05,853 - INFO - Botón Add encontrado: //button[contains(@class, 'btn-success') and contains(text(), 'Add')]
2026-01-19 21:55:05,877 - INFO - Click en Añadir garantía
2026-01-19 21:55:07,952 - INFO - Encontradas 6 opciones de garantía
2026-01-19 21:55:08,042 - INFO - Garantía seleccionada - precio: $82.25
2026-01-19 21:55:09,090 - INFO - Clic en botón final para garantía con precio
2026-01-19 21:55:10,167 - INFO - Screenshot capturado: C1_08_garantia_procesada_01.png
2026-01-19 21:55:11,275 - INFO - Screenshot capturado: C1_06_item_con_garantias_procesadas_01.png
2026-01-19 21:55:11,275 - INFO - Garantías procesadas para item 1
2026-01-19 21:55:11,276 - INFO - --- ITEM 2/2 ---
2026-01-19 21:55:11,277 - INFO - === MÓDULO 3: AGREGAR ITEM 2 ===
2026-01-19 21:55:11,278 - INFO - Código: 439766400005, Cantidad: 1
2026-01-19 21:55:11,279 - INFO - Esperando que campo búsqueda item 2 sea visible (timeout: 300s, se reinicia con progreso)...
2026-01-19 21:55:11,323 - INFO - PROGRESO: campo búsqueda item 2 visible - REINICIANDO timeout
2026-01-19 21:55:11,356 - INFO - OK - campo búsqueda item 2 listo después de 0.0s
2026-01-19 21:55:11,437 - INFO - Código 439766400005 ingresado en campo búsqueda
2026-01-19 21:55:11,506 - INFO - Enter enviado para búsqueda
2026-01-19 21:55:15,305 - INFO - Mensaje informativo (ignorado): Error
close
ERROR TO OBTAIN THE PARAMATER: permitirNoInventariadosSeguros...
2026-01-19 21:55:15,306 - INFO - Item 439766400005 procesado correctamente
2026-01-19 21:55:15,307 - INFO - === MÓDULO 4: GARANTÍAS ITEM 2 ===
2026-01-19 21:55:15,308 - INFO - Garantía: AGREGAR
2026-01-19 21:55:16,402 - INFO - Screenshot capturado: C1_07_pantalla_garantias_02.png
2026-01-19 21:55:22,452 - INFO - Botón Add encontrado: //button[contains(@class, 'btn-success') and contains(text(), 'Add')]
2026-01-19 21:55:22,475 - INFO - Click en Añadir garantía
2026-01-19 21:55:24,557 - INFO - Encontradas 6 opciones de garantía
2026-01-19 21:55:24,621 - INFO - Garantía seleccionada - precio: $212.50
2026-01-19 21:55:25,640 - INFO - Clic en botón final para garantía con precio
2026-01-19 21:55:26,731 - INFO - Screenshot capturado: C1_08_garantia_procesada_02.png
2026-01-19 21:55:27,799 - INFO - Screenshot capturado: C1_06_item_con_garantias_procesadas_02.png
2026-01-19 21:55:27,801 - INFO - Garantías procesadas para item 2
2026-01-19 21:55:27,802 - INFO - === PASO 7: ENLAZAR CUSTOMER ==========================================================================
2026-01-19 21:55:27,802 - INFO - === MÓDULO 5: ENLAZAR CUSTOMER ===
2026-01-19 21:55:27,874 - INFO - Screenshot capturado: C1_12_antes_enlazar_cliente.png
2026-01-19 21:55:32,908 - INFO - Enlace cliente encontrado: /html/body/div[2]/div[3]/div[28]/div[3]/h4/a
2026-01-19 21:55:32,929 - INFO - Click en enlace cliente
2026-01-19 21:55:35,998 - INFO - Screenshot capturado: C1_13_formulario_cliente.png
2026-01-19 21:55:37,334 - INFO - Cliente 057874256 ingresado
2026-01-19 21:55:38,394 - INFO - Screenshot capturado: C1_14_cliente_ingresado.png
2026-01-19 21:55:39,184 - INFO - Primer Next
2026-01-19 21:55:42,291 - INFO - Screenshot capturado: C1_15_primer_next.png
2026-01-19 21:55:48,099 - INFO - Segundo Next
2026-01-19 21:55:51,161 - INFO - Screenshot capturado: C1_16_segundo_next.png
2026-01-19 21:55:51,162 - INFO - Customer enlazado exitosamente
2026-01-19 21:55:51,162 - INFO - === PASO 9: DESCUENTO EMPLEADO ====================================================================
2026-01-19 21:55:51,163 - INFO - === MÓDULO 7: Creditos ==========================================================
2026-01-19 21:55:56,508 - INFO - Entrando al sistema de creditos
2026-01-19 21:56:02,950 - INFO - Dando click a al select una bandera del select
2026-01-19 22:01:06,279 - ERROR - Error general: Message: 
Stacktrace:
RemoteError@chrome://remote/content/shared/RemoteError.sys.mjs:8:8
WebDriverError@chrome://remote/content/shared/webdriver/Errors.sys.mjs:187:5
NoSuchElementError@chrome://remote/content/shared/webdriver/Errors.sys.mjs:505:5
element.find/</<@chrome://remote/content/marionette/element.sys.mjs:135:16

2026-01-19 22:01:06,279 - INFO - 📋 Ver detalles del error en: logs\automatizacion_20260119.log
2026-01-19 22:01:06,280 - INFO - Limpiando recursos...
2026-01-19 22:01:06,281 - INFO - Eliminando screenshots residuales...
2026-01-19 22:01:06,310 - INFO - 14 screenshots residuales eliminados
2026-01-19 22:01:10,893 - INFO - Navegador cerrado
2026-01-19 22:01:10,894 - INFO - Limpieza de recursos completada
2026-01-19 22:01:10,894 - INFO - === AUTOMATIZACIÓN FINALIZADA ===
2026-01-19 22:02:33,779 - INFO - Log guardándose en: logs\automatizacion_20260119.log
2026-01-19 22:02:33,779 - INFO -  === AUTOMATIZACIÓN MODULAR INICIADA ===
2026-01-19 22:02:33,780 - INFO - Archivo: productos_avanzado.xlsx
2026-01-19 22:02:33,780 - INFO - === PASO 1: LECTURA EXCEL ===
2026-01-19 22:02:33,781 - INFO - === MÓDULO 1: LECTURA EXCEL ===
2026-01-19 22:02:33,781 - INFO - Archivo: productos_avanzado.xlsx
2026-01-19 22:02:33,822 - INFO - Columnas encontradas: ['cotizacion_id', 'codigo', 'descripcion', 'cantidad', 'con_garantia', 'descuento_empleado', 'con_creditos', 'entrega_cliente', 'COTIZACION', 'ESTADO', 'FECHA_PROCESADO', 'ARCHIVO_WORD', 'tipo_entrega', 'Unnamed: 13']
2026-01-19 22:02:33,836 - INFO - Se encontraron 13 cotizaciones
2026-01-19 22:02:33,836 - INFO - Cotización 1: 2 productos
2026-01-19 22:02:33,837 - INFO - Cotización 2: 3 productos
2026-01-19 22:02:33,837 - INFO - Cotización 3: 3 productos
2026-01-19 22:02:33,837 - INFO - Cotización 4: 3 productos
2026-01-19 22:02:33,838 - INFO - Cotización 5: 1 productos
2026-01-19 22:02:33,838 - INFO - Cotización 6: 1 productos
2026-01-19 22:02:33,838 - INFO - Cotización 7: 1 productos
2026-01-19 22:02:33,839 - INFO - Cotización 8: 1 productos
2026-01-19 22:02:33,839 - INFO - Cotización 9: 1 productos
2026-01-19 22:02:33,839 - INFO - Cotización 10: 3 productos
2026-01-19 22:02:33,839 - INFO - Cotización 11: 1 productos
2026-01-19 22:02:33,840 - INFO - Cotización 12: 4 productos
2026-01-19 22:02:33,840 - INFO - Cotización 13: 6 productos
2026-01-19 22:02:33,840 - INFO - === PASO 2: INICIALIZAR NAVEGADOR ===
2026-01-19 22:02:42,338 - INFO - Navegador Firefox inicializado con configuración limpia
2026-01-19 22:02:42,338 - INFO - === PASO 3: INICIAR SESIÓN ===
2026-01-19 22:02:42,339 - INFO - === MÓDULO 2: INICIO SESIÓN ===
2026-01-19 22:02:48,125 - INFO - Accediendo a: http://ursvtols8b3c:8080/engage-unicomer-web/
2026-01-19 22:02:48,327 - INFO - Credenciales ingresadas
2026-01-19 22:02:54,200 - INFO - Formulario enviado
2026-01-19 22:02:56,289 - INFO - Screenshot capturado: 01_login_resultado.png
2026-01-19 22:02:56,302 - INFO - Login exitoso - URL cambió
2026-01-19 22:02:56,303 - INFO - 
🔄 PROCESANDO COTIZACIÓN 1/13: 1
2026-01-19 22:02:56,304 - INFO - === PASO 4: INICIAR ORDEN DE COMPRA ===
2026-01-19 22:02:56,304 - INFO - Buscando botón 'Comience una Orden de Compra'...
2026-01-19 22:02:56,382 - INFO - Screenshot capturado: C1_02_dashboard.png
2026-01-19 22:02:56,383 - INFO - Intentando selector 1: /html/body/div[2]/div[4]/div/div/div[1]/a[1]/input
2026-01-19 22:02:56,384 - INFO - Esperando que botón orden selector 1 sea visible (timeout: 300s, se reinicia con progreso)...
2026-01-19 22:02:56,432 - INFO - PROGRESO: botón orden selector 1 visible - REINICIANDO timeout
2026-01-19 22:02:56,458 - INFO - OK - botón orden selector 1 listo después de 0.0s
2026-01-19 22:02:57,000 - INFO - Click exitoso en botón orden selector 1
2026-01-19 22:02:58,065 - INFO - Screenshot capturado: C1_04_formulario_orden.png
2026-01-19 22:02:58,066 - INFO - Click realizado en botón orden
2026-01-19 22:02:58,067 - INFO - Configuración - Garantías: SI, Descuento: NO, Créditos: SI, Entrega: NO, Tipo Entrega: cliente llevará
2026-01-19 22:02:58,067 - INFO - === PASO 5: EXTRAER NÚMERO COTIZACIÓN ===
2026-01-19 22:02:58,068 - INFO - === EXTRAYENDO NÚMERO DE COTIZACIÓN INICIAL ===
2026-01-19 22:03:00,170 - INFO - Número encontrado con selector: li.quotationNumberTitle p:last-child
2026-01-19 22:03:00,175 - INFO - Número de cotización: 11609213250003
2026-01-19 22:03:00,177 - INFO - Número base extraído: 11609213250003
2026-01-19 22:03:00,178 - INFO - Número único generado: 11609213250003_177
2026-01-19 22:03:00,178 - INFO - === PASO 6: AGREGAR ITEMS ============================================================================
2026-01-19 22:03:00,179 - INFO - --- ITEM 1/2 ---
2026-01-19 22:03:00,179 - INFO - === MÓDULO 3: AGREGAR ITEM 1 ===
2026-01-19 22:03:00,180 - INFO - Código: 461431200016, Cantidad: 1
2026-01-19 22:03:00,180 - INFO - Esperando que campo búsqueda item 1 sea visible (timeout: 300s, se reinicia con progreso)...
2026-01-19 22:03:00,220 - INFO - PROGRESO: campo búsqueda item 1 visible - REINICIANDO timeout
2026-01-19 22:03:00,312 - INFO - OK - campo búsqueda item 1 listo después de 0.0s
2026-01-19 22:03:00,425 - INFO - Código 461431200016 ingresado en campo búsqueda
2026-01-19 22:03:00,468 - INFO - Enter enviado para búsqueda
2026-01-19 22:03:11,516 - INFO - Item 461431200016 procesado correctamente
2026-01-19 22:03:11,516 - INFO - === MÓDULO 4: GARANTÍAS ITEM 1 ===
2026-01-19 22:03:11,517 - INFO - Garantía: AGREGAR
2026-01-19 22:03:12,591 - INFO - Screenshot capturado: C1_07_pantalla_garantias_01.png
2026-01-19 22:03:23,256 - INFO - Botón Add encontrado: //button[contains(@class, 'btn-success') and contains(text(), 'Add')]
2026-01-19 22:03:23,277 - INFO - Click en Añadir garantía
2026-01-19 22:03:30,300 - WARNING - Error en tabla garantías: Message: Unable to locate element: //div[@class='principalContainer']//table[@class='table table-bordered']; For documentation on this error, please visit: https://www.selenium.dev/documentation/webdriver/troubleshooting/errors#nosuchelementexception
Stacktrace:
RemoteError@chrome://remote/content/shared/RemoteError.sys.mjs:8:8
WebDriverError@chrome://remote/content/shared/webdriver/Errors.sys.mjs:187:5
NoSuchElementError@chrome://remote/content/shared/webdriver/Errors.sys.mjs:505:5
element.find/</<@chrome://remote/content/marionette/element.sys.mjs:135:16
, usando No Thanks
2026-01-19 22:03:35,423 - INFO -  Click en No Thanks
2026-01-19 22:03:36,506 - INFO - Screenshot capturado: C1_06_item_con_garantias_procesadas_01.png
2026-01-19 22:03:36,507 - INFO - Garantías procesadas para item 1
2026-01-19 22:03:36,508 - INFO - --- ITEM 2/2 ---
2026-01-19 22:03:36,509 - INFO - === MÓDULO 3: AGREGAR ITEM 2 ===
2026-01-19 22:03:36,509 - INFO - Código: 439766400005, Cantidad: 1
2026-01-19 22:03:36,510 - INFO - Esperando que campo búsqueda item 2 sea visible (timeout: 300s, se reinicia con progreso)...
2026-01-19 22:03:36,554 - INFO - PROGRESO: campo búsqueda item 2 visible - REINICIANDO timeout
2026-01-19 22:03:36,591 - INFO - OK - campo búsqueda item 2 listo después de 0.0s
2026-01-19 22:03:36,690 - INFO - Código 439766400005 ingresado en campo búsqueda
2026-01-19 22:03:36,736 - INFO - Enter enviado para búsqueda
2026-01-19 22:03:47,881 - INFO - Item 439766400005 procesado correctamente
2026-01-19 22:03:47,882 - INFO - === MÓDULO 4: GARANTÍAS ITEM 2 ===
2026-01-19 22:03:47,882 - INFO - Garantía: AGREGAR
2026-01-19 22:03:49,025 - INFO - Screenshot capturado: C1_07_pantalla_garantias_02.png
2026-01-19 22:03:55,069 - INFO - Botón Add encontrado: //button[contains(@class, 'btn-success') and contains(text(), 'Add')]
2026-01-19 22:03:55,090 - INFO - Click en Añadir garantía
2026-01-19 22:03:57,136 - INFO - Encontradas 6 opciones de garantía
2026-01-19 22:03:57,218 - INFO - Garantía seleccionada - precio: $212.50
2026-01-19 22:03:58,249 - INFO - Clic en botón final para garantía con precio
2026-01-19 22:03:59,337 - INFO - Screenshot capturado: C1_08_garantia_procesada_02.png
2026-01-19 22:04:00,408 - INFO - Screenshot capturado: C1_06_item_con_garantias_procesadas_02.png
2026-01-19 22:04:00,410 - INFO - Garantías procesadas para item 2
2026-01-19 22:04:00,410 - INFO - === PASO 7: ENLAZAR CUSTOMER ==========================================================================
2026-01-19 22:04:00,411 - INFO - === MÓDULO 5: ENLAZAR CUSTOMER ===
2026-01-19 22:04:00,478 - INFO - Screenshot capturado: C1_12_antes_enlazar_cliente.png
2026-01-19 22:04:05,504 - INFO - Enlace cliente encontrado: /html/body/div[2]/div[3]/div[28]/div[3]/h4/a
2026-01-19 22:04:05,523 - INFO - Click en enlace cliente
2026-01-19 22:04:08,589 - INFO - Screenshot capturado: C1_13_formulario_cliente.png
2026-01-19 22:04:09,904 - INFO - Cliente 057874256 ingresado
2026-01-19 22:04:10,963 - INFO - Screenshot capturado: C1_14_cliente_ingresado.png
2026-01-19 22:04:13,563 - INFO - Primer Next
2026-01-19 22:04:16,629 - INFO - Screenshot capturado: C1_15_primer_next.png
2026-01-19 22:04:17,383 - INFO - Segundo Next
2026-01-19 22:04:20,470 - INFO - Screenshot capturado: C1_16_segundo_next.png
2026-01-19 22:04:20,471 - INFO - Customer enlazado exitosamente
2026-01-19 22:04:20,471 - INFO - === PASO 9: DESCUENTO EMPLEADO ====================================================================
2026-01-19 22:04:20,472 - INFO - === MÓDULO 7: Creditos ==========================================================
2026-01-19 22:05:02,096 - INFO - Entrando al sistema de creditos
2026-01-19 22:05:09,627 - INFO - Dando click a al select una bandera del select
2026-01-19 22:08:38,237 - ERROR - Error general: Message: TypeError: browsingContext.currentWindowGlobal is null
Stacktrace:
getMarionetteCommandsActorProxy/get/<@chrome://remote/content/marionette/actors/MarionetteCommandsParent.sys.mjs:311:17
observe@resource://gre/modules/AsyncShutdown.sys.mjs:575:17

2026-01-19 22:08:38,238 - INFO - 📋 Ver detalles del error en: logs\automatizacion_20260119.log
2026-01-19 22:08:38,239 - INFO - Limpiando recursos...
2026-01-19 22:08:38,240 - INFO - Eliminando screenshots residuales...
2026-01-19 22:08:38,255 - INFO - 13 screenshots residuales eliminados
2026-01-19 22:08:40,444 - INFO - Navegador cerrado
2026-01-19 22:08:40,445 - INFO - Limpieza de recursos completada
2026-01-19 22:08:40,445 - INFO - === AUTOMATIZACIÓN FINALIZADA ===
2026-01-19 22:08:54,523 - INFO - Log guardándose en: logs\automatizacion_20260119.log
2026-01-19 22:08:54,523 - INFO -  === AUTOMATIZACIÓN MODULAR INICIADA ===
2026-01-19 22:08:54,524 - INFO - Archivo: productos_avanzado.xlsx
2026-01-19 22:08:54,524 - INFO - === PASO 1: LECTURA EXCEL ===
2026-01-19 22:08:54,524 - INFO - === MÓDULO 1: LECTURA EXCEL ===
2026-01-19 22:08:54,525 - INFO - Archivo: productos_avanzado.xlsx
2026-01-19 22:08:54,555 - INFO - Columnas encontradas: ['cotizacion_id', 'codigo', 'descripcion', 'cantidad', 'con_garantia', 'descuento_empleado', 'con_creditos', 'entrega_cliente', 'COTIZACION', 'ESTADO', 'FECHA_PROCESADO', 'ARCHIVO_WORD', 'tipo_entrega', 'Unnamed: 13']
2026-01-19 22:08:54,568 - INFO - Se encontraron 13 cotizaciones
2026-01-19 22:08:54,569 - INFO - Cotización 1: 2 productos
2026-01-19 22:08:54,569 - INFO - Cotización 2: 3 productos
2026-01-19 22:08:54,569 - INFO - Cotización 3: 3 productos
2026-01-19 22:08:54,569 - INFO - Cotización 4: 3 productos
2026-01-19 22:08:54,569 - INFO - Cotización 5: 1 productos
2026-01-19 22:08:54,570 - INFO - Cotización 6: 1 productos
2026-01-19 22:08:54,570 - INFO - Cotización 7: 1 productos
2026-01-19 22:08:54,570 - INFO - Cotización 8: 1 productos
2026-01-19 22:08:54,570 - INFO - Cotización 9: 1 productos
2026-01-19 22:08:54,570 - INFO - Cotización 10: 3 productos
2026-01-19 22:08:54,570 - INFO - Cotización 11: 1 productos
2026-01-19 22:08:54,570 - INFO - Cotización 12: 4 productos
2026-01-19 22:08:54,570 - INFO - Cotización 13: 6 productos
2026-01-19 22:08:54,571 - INFO - === PASO 2: INICIALIZAR NAVEGADOR ===
2026-01-19 22:09:03,433 - INFO - Navegador Firefox inicializado con configuración limpia
2026-01-19 22:09:03,435 - INFO - === PASO 3: INICIAR SESIÓN ===
2026-01-19 22:09:03,439 - INFO - === MÓDULO 2: INICIO SESIÓN ===
2026-01-19 22:09:09,411 - INFO - Accediendo a: http://ursvtols8b3c:8080/engage-unicomer-web/
2026-01-19 22:09:09,626 - INFO - Credenciales ingresadas
2026-01-19 22:09:12,826 - INFO - Formulario enviado
2026-01-19 22:09:14,928 - INFO - Screenshot capturado: 01_login_resultado.png
2026-01-19 22:09:14,939 - INFO - Login exitoso - URL cambió
2026-01-19 22:09:14,940 - INFO - 
🔄 PROCESANDO COTIZACIÓN 1/13: 1
2026-01-19 22:09:14,940 - INFO - === PASO 4: INICIAR ORDEN DE COMPRA ===
2026-01-19 22:09:14,941 - INFO - Buscando botón 'Comience una Orden de Compra'...
2026-01-19 22:09:15,035 - INFO - Screenshot capturado: C1_02_dashboard.png
2026-01-19 22:09:15,036 - INFO - Intentando selector 1: /html/body/div[2]/div[4]/div/div/div[1]/a[1]/input
2026-01-19 22:09:15,036 - INFO - Esperando que botón orden selector 1 sea visible (timeout: 300s, se reinicia con progreso)...
2026-01-19 22:09:15,092 - INFO - PROGRESO: botón orden selector 1 visible - REINICIANDO timeout
2026-01-19 22:09:15,130 - INFO - OK - botón orden selector 1 listo después de 0.0s
2026-01-19 22:09:15,677 - INFO - Click exitoso en botón orden selector 1
2026-01-19 22:09:16,786 - INFO - Screenshot capturado: C1_04_formulario_orden.png
2026-01-19 22:09:16,787 - INFO - Click realizado en botón orden
2026-01-19 22:09:16,788 - INFO - Configuración - Garantías: SI, Descuento: NO, Créditos: SI, Entrega: NO, Tipo Entrega: cliente llevará
2026-01-19 22:09:16,788 - INFO - === PASO 5: EXTRAER NÚMERO COTIZACIÓN ===
2026-01-19 22:09:16,789 - INFO - === EXTRAYENDO NÚMERO DE COTIZACIÓN INICIAL ===
2026-01-19 22:09:18,838 - INFO - Número encontrado con selector: li.quotationNumberTitle p:last-child
2026-01-19 22:09:18,839 - INFO - Número de cotización: 11609214250005
2026-01-19 22:09:18,839 - INFO - Número base extraído: 11609214250005
2026-01-19 22:09:18,840 - INFO - Número único generado: 11609214250005_8839
2026-01-19 22:09:18,841 - INFO - === PASO 6: AGREGAR ITEMS ============================================================================
2026-01-19 22:09:18,842 - INFO - --- ITEM 1/2 ---
2026-01-19 22:09:18,842 - INFO - === MÓDULO 3: AGREGAR ITEM 1 ===
2026-01-19 22:09:18,843 - INFO - Código: 461431200016, Cantidad: 1
2026-01-19 22:09:18,843 - INFO - Esperando que campo búsqueda item 1 sea visible (timeout: 300s, se reinicia con progreso)...
2026-01-19 22:09:18,877 - INFO - PROGRESO: campo búsqueda item 1 visible - REINICIANDO timeout
2026-01-19 22:09:18,907 - INFO - OK - campo búsqueda item 1 listo después de 0.0s
2026-01-19 22:09:18,985 - INFO - Código 461431200016 ingresado en campo búsqueda
2026-01-19 22:09:19,027 - INFO - Enter enviado para búsqueda
2026-01-19 22:09:20,748 - INFO - Mensaje informativo (ignorado): Error
close
ERROR TO OBTAIN THE PARAMATER: permitirNoInventariadosSeguros...
2026-01-19 22:09:20,749 - INFO - Item 461431200016 procesado correctamente
2026-01-19 22:09:20,750 - INFO - === MÓDULO 4: GARANTÍAS ITEM 1 ===
2026-01-19 22:09:20,750 - INFO - Garantía: AGREGAR
2026-01-19 22:09:21,831 - INFO - Screenshot capturado: C1_07_pantalla_garantias_01.png
2026-01-19 22:09:27,868 - INFO - Botón Add encontrado: //button[contains(@class, 'btn-success') and contains(text(), 'Add')]
2026-01-19 22:09:27,888 - INFO - Click en Añadir garantía
2026-01-19 22:09:29,921 - INFO - Encontradas 6 opciones de garantía
2026-01-19 22:09:30,010 - INFO - Garantía seleccionada - precio: $82.25
2026-01-19 22:09:31,036 - INFO - Clic en botón final para garantía con precio
2026-01-19 22:09:32,149 - INFO - Screenshot capturado: C1_08_garantia_procesada_01.png
2026-01-19 22:09:33,258 - INFO - Screenshot capturado: C1_06_item_con_garantias_procesadas_01.png
2026-01-19 22:09:33,259 - INFO - Garantías procesadas para item 1
2026-01-19 22:09:33,259 - INFO - --- ITEM 2/2 ---
2026-01-19 22:09:33,263 - INFO - === MÓDULO 3: AGREGAR ITEM 2 ===
2026-01-19 22:09:33,263 - INFO - Código: 439766400005, Cantidad: 1
2026-01-19 22:09:33,264 - INFO - Esperando que campo búsqueda item 2 sea visible (timeout: 300s, se reinicia con progreso)...
2026-01-19 22:09:33,310 - INFO - PROGRESO: campo búsqueda item 2 visible - REINICIANDO timeout
2026-01-19 22:09:33,342 - INFO - OK - campo búsqueda item 2 listo después de 0.0s
2026-01-19 22:09:33,415 - INFO - Código 439766400005 ingresado en campo búsqueda
2026-01-19 22:09:33,472 - INFO - Enter enviado para búsqueda
2026-01-19 22:09:37,589 - INFO - Mensaje informativo (ignorado): Error
close
ERROR TO OBTAIN THE PARAMATER: permitirNoInventariadosSeguros...
2026-01-19 22:09:37,590 - INFO - Item 439766400005 procesado correctamente
2026-01-19 22:09:37,591 - INFO - === MÓDULO 4: GARANTÍAS ITEM 2 ===
2026-01-19 22:09:37,592 - INFO - Garantía: AGREGAR
2026-01-19 22:09:38,692 - INFO - Screenshot capturado: C1_07_pantalla_garantias_02.png
2026-01-19 22:09:44,731 - INFO - Botón Add encontrado: //button[contains(@class, 'btn-success') and contains(text(), 'Add')]
2026-01-19 22:09:44,752 - INFO - Click en Añadir garantía
2026-01-19 22:09:46,777 - INFO - Encontradas 6 opciones de garantía
2026-01-19 22:09:46,874 - INFO - Garantía seleccionada - precio: $212.50
2026-01-19 22:09:47,899 - INFO - Clic en botón final para garantía con precio
2026-01-19 22:09:48,998 - INFO - Screenshot capturado: C1_08_garantia_procesada_02.png
2026-01-19 22:09:50,065 - INFO - Screenshot capturado: C1_06_item_con_garantias_procesadas_02.png
2026-01-19 22:09:50,066 - INFO - Garantías procesadas para item 2
2026-01-19 22:09:50,067 - INFO - === PASO 7: ENLAZAR CUSTOMER ==========================================================================
2026-01-19 22:09:50,067 - INFO - === MÓDULO 5: ENLAZAR CUSTOMER ===
2026-01-19 22:09:50,133 - INFO - Screenshot capturado: C1_12_antes_enlazar_cliente.png
2026-01-19 22:09:55,166 - INFO - Enlace cliente encontrado: /html/body/div[2]/div[3]/div[28]/div[3]/h4/a
2026-01-19 22:09:55,189 - INFO - Click en enlace cliente
2026-01-19 22:09:58,255 - INFO - Screenshot capturado: C1_13_formulario_cliente.png
2026-01-19 22:10:00,230 - INFO - Cliente 057874256 ingresado
2026-01-19 22:10:01,499 - INFO - Screenshot capturado: C1_14_cliente_ingresado.png
2026-01-19 22:10:03,337 - INFO - Primer Next
2026-01-19 22:10:06,490 - INFO - Screenshot capturado: C1_15_primer_next.png
2026-01-19 22:10:11,840 - INFO - Segundo Next
2026-01-19 22:10:14,918 - INFO - Screenshot capturado: C1_16_segundo_next.png
2026-01-19 22:10:14,918 - INFO - Customer enlazado exitosamente
2026-01-19 22:10:14,919 - INFO - === PASO 9: DESCUENTO EMPLEADO ====================================================================
2026-01-19 22:10:14,920 - INFO - === MÓDULO 7: Creditos ==========================================================
2026-01-19 22:10:19,735 - INFO - Entrando al sistema de creditos
2026-01-19 22:10:27,728 - INFO - Dando click a al select una bandera del select
2026-01-19 22:15:28,270 - ERROR - Error general: Message: 

2026-01-19 22:15:28,271 - INFO - 📋 Ver detalles del error en: logs\automatizacion_20260119.log
2026-01-19 22:15:28,271 - INFO - Limpiando recursos...
2026-01-19 22:15:28,272 - INFO - Eliminando screenshots residuales...
2026-01-19 22:15:28,304 - INFO - 14 screenshots residuales eliminados
2026-01-19 22:15:32,130 - INFO - Navegador cerrado
2026-01-19 22:15:32,130 - INFO - Limpieza de recursos completada
2026-01-19 22:15:32,130 - INFO - === AUTOMATIZACIÓN FINALIZADA ===
