2025-12-01 16:30:53,151 - INFO - Log guardándose en: logs\automatizacion_20251201.log
2025-12-01 16:30:53,152 - INFO -  === AUTOMATIZACIÓN MODULAR INICIADA ===
2025-12-01 16:30:53,153 - INFO - Archivo: productos_avanzado.xlsx
2025-12-01 16:30:53,153 - INFO - === PASO 1: LECTURA EXCEL ===
2025-12-01 16:30:53,153 - INFO - === MÓDULO 1: LECTURA EXCEL ===
2025-12-01 16:30:53,154 - INFO - Archivo: productos_avanzado.xlsx
2025-12-01 16:30:53,331 - INFO - Columnas encontradas: ['cotizacion_id', 'codigo', 'descripcion', 'cantidad', 'con_garantia', 'descuento_empleado', 'con_creditos', 'entrega_cliente', 'COTIZACION', 'ESTADO', 'FECHA_PROCESADO', 'ARCHIVO_WORD', 'tipo_entrega']
2025-12-01 16:30:53,409 - INFO - Se encontraron 2 cotizaciones
2025-12-01 16:30:53,409 - INFO - Cotización 1: 2 productos
2025-12-01 16:30:53,410 - INFO - Cotización 2: 2 productos
2025-12-01 16:30:53,411 - INFO - === PASO 2: INICIALIZAR NAVEGADOR ===
2025-12-01 16:31:05,039 - INFO - Navegador Firefox inicializado con configuración limpia
2025-12-01 16:31:05,040 - INFO - === PASO 3: INICIAR SESIÓN ===
2025-12-01 16:31:05,041 - INFO - === MÓDULO 2: INICIO SESIÓN ===
2025-12-01 16:31:07,081 - INFO - Accediendo a: http://ursvtols8b3c:8080/engage-unicomer-web/
2025-12-01 16:31:07,180 - INFO - Credenciales ingresadas
2025-12-01 16:31:08,923 - INFO - Formulario enviado
2025-12-01 16:31:10,992 - INFO - Screenshot capturado: 01_login_resultado.png
2025-12-01 16:31:10,999 - INFO - Login exitoso - URL cambió
2025-12-01 16:31:10,999 - INFO - 
🔄 PROCESANDO COTIZACIÓN 1/2: 1
2025-12-01 16:31:11,001 - INFO - === PASO 4: INICIAR ORDEN DE COMPRA ===
2025-12-01 16:31:11,001 - INFO - Buscando botón 'Comience una Orden de Compra'...
2025-12-01 16:31:11,053 - INFO - Screenshot capturado: C1_02_dashboard.png
2025-12-01 16:31:11,054 - INFO - Intentando selector 1: /html/body/div[2]/div[4]/div/div/div[1]/a[1]/input
2025-12-01 16:31:11,054 - INFO - Esperando que botón orden selector 1 sea visible (timeout: 300s, se reinicia con progreso)...
2025-12-01 16:31:11,251 - INFO - PROGRESO: botón orden selector 1 visible - REINICIANDO timeout
2025-12-01 16:31:11,268 - INFO - OK - botón orden selector 1 listo después de 0.0s
2025-12-01 16:31:11,799 - INFO - Click exitoso en botón orden selector 1
2025-12-01 16:31:12,855 - INFO - Screenshot capturado: C1_04_formulario_orden.png
2025-12-01 16:31:12,855 - INFO - Click realizado en botón orden
2025-12-01 16:31:12,855 - INFO - Configuración - Garantías: SI, Descuento: NO, Créditos: NO, Entrega: SI, Tipo Entrega: cliente llevará
2025-12-01 16:31:12,856 - INFO - === PASO 5: EXTRAER NÚMERO COTIZACIÓN ===
2025-12-01 16:31:12,856 - INFO - === EXTRAYENDO NÚMERO DE COTIZACIÓN INICIAL ===
2025-12-01 16:31:34,935 - INFO - Número encontrado con selector: //p[contains(text(), '116')]
2025-12-01 16:31:34,936 - INFO - Número de cotización: 1160920625004C
2025-12-01 16:31:34,936 - INFO - Número base extraído: 1160920625004C
2025-12-01 16:31:34,936 - INFO - Número único generado: 1160920625004C_4936
2025-12-01 16:31:34,937 - INFO - === PASO 6: AGREGAR ITEMS ===
2025-12-01 16:31:34,938 - INFO - --- ITEM 1/2 ---
2025-12-01 16:31:34,938 - INFO - === MÓDULO 3: AGREGAR ITEM 1 ===
2025-12-01 16:31:34,939 - INFO - Código: 461431200016, Cantidad: 1
2025-12-01 16:31:34,939 - INFO - Esperando que campo búsqueda item 1 sea visible (timeout: 300s, se reinicia con progreso)...
2025-12-01 16:31:34,970 - INFO - PROGRESO: campo búsqueda item 1 visible - REINICIANDO timeout
2025-12-01 16:31:34,995 - INFO - OK - campo búsqueda item 1 listo después de 0.0s
2025-12-01 16:31:35,050 - INFO - Código 461431200016 ingresado en campo búsqueda
2025-12-01 16:31:35,069 - INFO - Enter enviado para búsqueda
2025-12-01 16:31:38,382 - INFO - Mensaje informativo (ignorado): Error
close
ERROR TO OBTAIN THE PARAMATER: permitirNoInventariadosSeguros...
2025-12-01 16:31:38,383 - INFO - Item 461431200016 procesado correctamente
2025-12-01 16:31:38,383 - INFO - === MÓDULO 4: GARANTÍAS ITEM 1 ===
2025-12-01 16:31:38,384 - INFO - Garantía: AGREGAR
2025-12-01 16:31:39,439 - INFO - Screenshot capturado: C1_07_pantalla_garantias_01.png
2025-12-01 16:31:45,481 - INFO - Botón Add encontrado: //button[contains(@class, 'btn-success') and contains(text(), 'Add')]
2025-12-01 16:31:45,497 - INFO - Click en Añadir garantía
2025-12-01 16:31:50,270 - INFO - Encontradas 6 opciones de garantía
2025-12-01 16:31:50,313 - INFO - Garantía seleccionada - precio: $82.25
2025-12-01 16:31:51,335 - INFO - Clic en botón final para garantía con precio
2025-12-01 16:31:52,385 - INFO - Screenshot capturado: C1_08_garantia_procesada_01.png
2025-12-01 16:31:53,429 - INFO - Screenshot capturado: C1_06_item_con_garantias_procesadas_01.png
2025-12-01 16:31:53,429 - INFO - Garantías procesadas para item 1
2025-12-01 16:31:53,429 - INFO - --- ITEM 2/2 ---
2025-12-01 16:31:53,429 - INFO - === MÓDULO 3: AGREGAR ITEM 2 ===
2025-12-01 16:31:53,429 - INFO - Código: 439766400005, Cantidad: 1
2025-12-01 16:31:53,430 - INFO - Esperando que campo búsqueda item 2 sea visible (timeout: 300s, se reinicia con progreso)...
2025-12-01 16:31:53,451 - INFO - PROGRESO: campo búsqueda item 2 visible - REINICIANDO timeout
2025-12-01 16:31:53,467 - INFO - OK - campo búsqueda item 2 listo después de 0.0s
2025-12-01 16:31:53,497 - INFO - Código 439766400005 ingresado en campo búsqueda
2025-12-01 16:31:53,509 - INFO - Enter enviado para búsqueda
2025-12-01 16:32:00,183 - INFO - Mensaje informativo (ignorado): Error
close
ERROR TO OBTAIN THE PARAMATER: permitirNoInventariadosSeguros...
2025-12-01 16:32:00,183 - INFO - Item 439766400005 procesado correctamente
2025-12-01 16:32:00,184 - INFO - === MÓDULO 4: GARANTÍAS ITEM 2 ===
2025-12-01 16:32:00,184 - INFO - Garantía: AGREGAR
2025-12-01 16:32:01,262 - INFO - Screenshot capturado: C1_07_pantalla_garantias_02.png
2025-12-01 16:32:07,304 - INFO - Botón Add encontrado: //button[contains(@class, 'btn-success') and contains(text(), 'Add')]
2025-12-01 16:32:07,321 - INFO - Click en Añadir garantía
2025-12-01 16:32:09,331 - INFO - Encontradas 6 opciones de garantía
2025-12-01 16:32:09,359 - INFO - Garantía seleccionada - precio: $212.50
2025-12-01 16:32:10,381 - INFO - Clic en botón final para garantía con precio
2025-12-01 16:32:11,437 - INFO - Screenshot capturado: C1_08_garantia_procesada_02.png
2025-12-01 16:32:12,484 - INFO - Screenshot capturado: C1_06_item_con_garantias_procesadas_02.png
2025-12-01 16:32:12,485 - INFO - Garantías procesadas para item 2
2025-12-01 16:32:12,485 - INFO - === PASO 7: ENLAZAR CUSTOMER ===
2025-12-01 16:32:12,485 - INFO - === MÓDULO 5: ENLAZAR CUSTOMER ===
2025-12-01 16:32:12,542 - INFO - Screenshot capturado: C1_12_antes_enlazar_cliente.png
2025-12-01 16:32:17,567 - INFO - Enlace cliente encontrado: /html/body/div[2]/div[3]/div[28]/div[3]/h4/a
2025-12-01 16:32:17,582 - INFO - Click en enlace cliente
2025-12-01 16:32:20,631 - INFO - Screenshot capturado: C1_13_formulario_cliente.png
2025-12-01 16:32:21,904 - INFO - Cliente 057874256 ingresado
2025-12-01 16:32:22,951 - INFO - Screenshot capturado: C1_14_cliente_ingresado.png
2025-12-01 16:32:26,413 - INFO - Primer Next
2025-12-01 16:32:29,468 - INFO - Screenshot capturado: C1_15_primer_next.png
2025-12-01 16:32:34,733 - INFO - Segundo Next
2025-12-01 16:32:37,797 - INFO - Screenshot capturado: C1_16_segundo_next.png
2025-12-01 16:32:37,798 - INFO - Customer enlazado exitosamente
2025-12-01 16:32:37,798 - INFO - === PASO 8: CONFIGURAR ENTREGA ===
2025-12-01 16:32:37,799 - INFO - === MÓDULO 6: DESPACHO/ENTREGA ===
2025-12-01 16:32:37,799 - INFO - Despacho/Entrega: CONFIGURAR
2025-12-01 16:32:37,799 - INFO - Tipo de entrega: cliente llevará
2025-12-01 16:32:37,840 - INFO - Screenshot capturado: C1_17_antes_entrega_cliente.png
2025-12-01 16:32:37,841 - INFO - Paso 1: Buscando botón Transaction Options
2025-12-01 16:32:40,861 - INFO - ✓ Transaction Options encontrado con: transactionOptionsBtn
2025-12-01 16:32:40,876 - INFO - Click en Transaction Options exitoso
2025-12-01 16:32:43,933 - INFO - Screenshot capturado: C1_18_menu_transaction_options.png
2025-12-01 16:32:43,934 - INFO - Paso 2: Seleccionando opción de entrega
2025-12-01 16:32:43,977 - INFO - Opción de entrega seleccionada
2025-12-01 16:32:47,028 - INFO - Screenshot capturado: C1_19_formulario_entrega.png
2025-12-01 16:32:47,029 - INFO - Paso 3: Llenando datos del formulario
2025-12-01 16:32:47,134 - INFO - Nombre 1 ingresado: ELISEO AMILCAR LOPEZ + Enter
2025-12-01 16:32:48,183 - INFO - Nombre 2 ingresado: MARGARITA PORTILLO DE LOPEZ + Enter
2025-12-01 16:32:49,261 - INFO - ✓ Campo adicional (div[4]) ingresado: ELISEO LOPEZ + Enter
2025-12-01 16:32:50,262 - INFO - Paso 4: Configurando select MADRE
2025-12-01 16:32:50,525 - INFO - Select MADRE abierto
2025-12-01 16:32:52,291 - INFO - ✓ Opción MADRE seleccionada
2025-12-01 16:32:53,292 - INFO - Paso 4B: Configurando transportador (relationship)
2025-12-01 16:32:53,539 - INFO - ✓ Select TRANSPORTADOR abierto con: /html/body/div[2]/form/div[1]/div/div[2]/div[6]/span[2]/span/a
2025-12-01 16:32:54,789 - INFO - ✓ Opción TRANSPORTADOR seleccionada
2025-12-01 16:32:55,790 - INFO - Paso 5: Configurando tipo de entrega: cliente llevará
2025-12-01 16:32:56,046 - INFO - ✓ Select TIPO ENTREGA abierto
2025-12-01 16:32:57,302 - INFO - ✓ Tipo entrega seleccionado: Cliente llevará (Cliente Recoge)
2025-12-01 16:32:59,304 - INFO - Paso 6: Configurando lugar de salida (Bodega Nejapa)
2025-12-01 16:32:59,371 - INFO - ✓ Texto escrito: BODEGA 94 NEJAPA
2025-12-01 16:33:01,634 - INFO - ✓ Opción clickeada del dropdown: BODEGA 94 NEJAPA
2025-12-01 16:33:06,646 - INFO - ℹ️ No se requiere OK para lugar de salida
2025-12-01 16:33:08,648 - INFO - Paso 7: Configurando transporte (11094 - BODEGA 94 NEJAPA)
2025-12-01 16:33:10,675 - INFO - ✓ Caja de texto del transporte encontrada
2025-12-01 16:33:11,474 - INFO - ✓ Texto escrito: BODEGA 94 NEJAPA
2025-12-01 16:33:12,476 - INFO - -Buscando opción '11094 - BODEGA 94 NEJAPA' en dropdown...
2025-12-01 16:33:12,477 - INFO - Intentando con selector: //li[@class='ui-menu-item']//a[contains(text(), '11094 - BODEGA 94 NEJAPA')]
2025-12-01 16:33:13,530 - INFO - Intentando con selector: //li[@role='menuitem']//a[contains(text(), '11094 - BODEGA 94 NEJAPA')]
2025-12-01 16:33:14,582 - INFO - Intentando con selector: //li[contains(@class, 'ui-menu-item')]//a[contains(text(), 'BODEGA 94 NEJAPA')]
2025-12-01 16:33:15,639 - INFO - Intentando con selector: //ul[contains(@class, 'ui-autocomplete')]//a[contains(text(), '11094')]
2025-12-01 16:33:16,692 - INFO - Intentando con selector: //a[@class='ui-corner-all'][contains(text(), '11094 - BODEGA 94 NEJAPA')]
2025-12-01 16:33:17,746 - INFO - Intentando con selector: /html/body/ul[4]/li/a
2025-12-01 16:33:18,802 - INFO - 🔄 Fallback: Usando flecha abajo + Enter...
2025-12-01 16:33:19,339 - INFO - ✓ Flecha abajo + Enter ejecutado
2025-12-01 16:33:20,362 - INFO - 🔍 Verificación final: Input='11094 - BODEGA 94 NEJAPA', Select='11094'
2025-12-01 16:33:20,363 - INFO - ✅ TRANSPORTE CONFIGURADO EXITOSAMENTE
2025-12-01 16:33:23,365 - INFO - Paso 8: Agregando instrucciones
2025-12-01 16:33:28,387 - WARNING - Error agregando instrucciones: Message: Unable to locate element: //*[@id='instructions']; For documentation on this error, please visit: https://www.selenium.dev/documentation/webdriver/troubleshooting/errors#nosuchelementexception
Stacktrace:
RemoteError@chrome://remote/content/shared/RemoteError.sys.mjs:8:8
WebDriverError@chrome://remote/content/shared/webdriver/Errors.sys.mjs:187:5
NoSuchElementError@chrome://remote/content/shared/webdriver/Errors.sys.mjs:505:5
element.find/</<@chrome://remote/content/marionette/element.sys.mjs:135:16

2025-12-01 16:33:28,389 - INFO - Paso 9: Enviando formulario de entrega
2025-12-01 16:33:33,407 - WARNING - Error enviando formulario: Message: Unable to locate element: /html/body/div[2]/form/div[2]/button; For documentation on this error, please visit: https://www.selenium.dev/documentation/webdriver/troubleshooting/errors#nosuchelementexception
Stacktrace:
RemoteError@chrome://remote/content/shared/RemoteError.sys.mjs:8:8
WebDriverError@chrome://remote/content/shared/webdriver/Errors.sys.mjs:187:5
NoSuchElementError@chrome://remote/content/shared/webdriver/Errors.sys.mjs:505:5
element.find/</<@chrome://remote/content/marionette/element.sys.mjs:135:16

2025-12-01 16:33:33,408 - WARNING - ⚠️ Error en despacho, continuando...
2025-12-01 16:33:33,409 - INFO - === PASO 9: DESCUENTO EMPLEADO ===
2025-12-01 16:33:33,409 - INFO - Modulo_7_aplicar_credito: DESHABILITADO
2025-12-01 16:33:33,410 - INFO - === PASO 10: CRÉDITOS ===
2025-12-01 16:33:33,410 - INFO - Modulo_8_aplicar_descuento_empleado: DESHABILITADO
2025-12-01 16:33:33,411 - INFO - === PASO 11: FINALIZAR COTIZACIÓN ===
2025-12-01 16:33:33,411 - INFO - === FINALIZANDO COTIZACIÓN ===
2025-12-01 16:33:33,457 - INFO - Screenshot capturado: C1_17_antes_finalizar.png
2025-12-01 16:33:35,459 - INFO - PASO 1: Click en botón finalizar
2025-12-01 16:33:38,484 - INFO - ✓ Botón finalizar encontrado con: /html/body/div[2]/div[4]/div/div/div[3]/form[1]/button
2025-12-01 16:33:38,524 - INFO - Screenshot capturado: C1_18_antes_finalizar.png
2025-12-01 16:33:38,525 - INFO - 🔧 Preservando datos de sesión...
2025-12-01 16:33:38,532 - INFO - 📝 Sesión preservada - OrderID: undefined, SessionData: 
2025-12-01 16:33:38,551 - INFO - ✓ Click en botón finalizar exitoso
2025-12-01 16:33:41,564 - INFO - 🖨️ Elementos printer encontrados: 10
2025-12-01 16:33:41,589 - INFO -   Elemento 1: tag=form, id=printForm, class=
2025-12-01 16:33:41,614 - INFO -   Elemento 2: tag=div, id=, class=printingBox
2025-12-01 16:33:41,648 - INFO -   Elemento 3: tag=input, id=printerGroup, class=printerRadioButton btnFloatRight
2025-12-01 16:33:41,672 - INFO -   Elemento 4: tag=input, id=printerName0, class=
2025-12-01 16:33:41,695 - INFO -   Elemento 5: tag=input, id=printerLocation0, class=
2025-12-01 16:33:41,708 - INFO - 📋 Modales encontrados: 195
2025-12-01 16:33:41,732 - INFO -   Modal 1: tag=div, id=itemInquiryDialog, visible=False
2025-12-01 16:33:41,751 - INFO -   Modal 2: tag=div, id=, visible=False
2025-12-01 16:33:41,768 - INFO -   Modal 3: tag=div, id=, visible=False
2025-12-01 16:33:41,776 - INFO - 📝 Formularios encontrados: 51
2025-12-01 16:33:41,776 - INFO - 🔍 MONITOREANDO ESTADO POST-SAVE...
2025-12-01 16:33:42,782 - INFO - 📍 Segundo 1: URL = http://ursvtols8b3c:8080/engage-unicomer-web/saleOrder/saveAndPrint
2025-12-01 16:33:42,786 - INFO - 📄 Segundo 1: Título = Grupo Unicomer
2025-12-01 16:33:43,874 - INFO - 🔘 Segundo 1: Botones visibles = ['Search', 'Item Inquiry', 'Transaction Options', 'Save & Print', 'Save']
2025-12-01 16:33:43,886 - INFO - 🖨️ Segundo 1: Printer Group encontrado! Visible=True
2025-12-01 16:33:43,886 - INFO - ✅ PRINTER GROUP DISPONIBLE - Procediendo a hacer click...
2025-12-01 16:33:44,129 - INFO - ✓ Default Printer seleccionado: //*[@id='printerGroup']
2025-12-01 16:33:45,161 - INFO - 🖨️ Botón print encontrado: //button[@id='defaultSubmitPrintButton']
2025-12-01 16:33:45,182 - INFO - ✅ CLICK EN BOTÓN IMPRIMIR EXITOSO
2025-12-01 16:33:50,298 - INFO - ℹ️ No se requiere confirmación adicional
2025-12-01 16:33:50,353 - INFO - Screenshot capturado: C1_21_print_completado.png
2025-12-01 16:33:50,354 - INFO - ✅ Finalización exitosa
2025-12-01 16:33:50,355 - INFO - === PASO 12: GENERAR REPORTE INDIVIDUAL ===
2025-12-01 16:33:50,355 - INFO - Generando reporte para cotización 1 con número 1160920625004C
2025-12-01 16:33:50,356 - INFO - Screenshots disponibles: 20
2025-12-01 16:33:50,356 - INFO - 🔄 Generando reporte para cotización 1: 1160920625004C
2025-12-01 16:33:50,479 - INFO - Excel actualizado - Cotización 1: 1160920625004C
2025-12-01 16:33:50,789 - INFO - Reporte ejecutivo generado: Reporte_cotizacion_1160920625004C.docx
2025-12-01 16:33:50,790 - INFO - Archivo verificado: 1618422 bytes
2025-12-01 16:33:50,790 - INFO - Reporte Word generado exitosamente para cotización 1
2025-12-01 16:33:50,791 - INFO - Iniciando limpieza de screenshots después de generar reporte
2025-12-01 16:33:50,792 - INFO - Screenshot eliminado: 01_login_resultado.png
2025-12-01 16:33:50,795 - INFO - Screenshot eliminado: C1_02_dashboard.png
2025-12-01 16:33:50,797 - INFO - Screenshot eliminado: C1_04_formulario_orden.png
2025-12-01 16:33:50,799 - INFO - Screenshot eliminado: C1_07_pantalla_garantias_01.png
2025-12-01 16:33:50,802 - INFO - Screenshot eliminado: C1_08_garantia_procesada_01.png
2025-12-01 16:33:50,805 - INFO - Screenshot eliminado: C1_06_item_con_garantias_procesadas_01.png
2025-12-01 16:33:50,808 - INFO - Screenshot eliminado: C1_07_pantalla_garantias_02.png
2025-12-01 16:33:50,812 - INFO - Screenshot eliminado: C1_08_garantia_procesada_02.png
2025-12-01 16:33:50,817 - INFO - Screenshot eliminado: C1_06_item_con_garantias_procesadas_02.png
2025-12-01 16:33:50,821 - INFO - Screenshot eliminado: C1_12_antes_enlazar_cliente.png
2025-12-01 16:33:50,824 - INFO - Screenshot eliminado: C1_13_formulario_cliente.png
2025-12-01 16:33:50,828 - INFO - Screenshot eliminado: C1_14_cliente_ingresado.png
2025-12-01 16:33:50,831 - INFO - Screenshot eliminado: C1_15_primer_next.png
2025-12-01 16:33:50,834 - INFO - Screenshot eliminado: C1_16_segundo_next.png
2025-12-01 16:33:50,837 - INFO - Screenshot eliminado: C1_17_antes_entrega_cliente.png
2025-12-01 16:33:50,838 - INFO - Screenshot eliminado: C1_18_menu_transaction_options.png
2025-12-01 16:33:50,839 - INFO - Screenshot eliminado: C1_19_formulario_entrega.png
2025-12-01 16:33:50,842 - INFO - Screenshot eliminado: C1_17_antes_finalizar.png
2025-12-01 16:33:50,846 - INFO - Screenshot eliminado: C1_18_antes_finalizar.png
2025-12-01 16:33:50,849 - INFO - Screenshot eliminado: C1_21_print_completado.png
2025-12-01 16:33:50,850 - INFO - 20 screenshots eliminados para esta cotización
2025-12-01 16:33:50,851 - INFO - Cotización 1 completada: 1160920625004C
2025-12-01 16:33:52,857 - INFO - 
🔄 PROCESANDO COTIZACIÓN 2/2: 2
2025-12-01 16:33:52,875 - INFO - === PASO 4: INICIAR ORDEN DE COMPRA ===
2025-12-01 16:33:52,876 - INFO - Buscando botón 'Comience una Orden de Compra'...
2025-12-01 16:33:52,924 - INFO - Screenshot capturado: C2_02_dashboard.png
2025-12-01 16:33:52,925 - INFO - Intentando selector 1: /html/body/div[2]/div[4]/div/div/div[1]/a[1]/input
2025-12-01 16:33:52,925 - INFO - Esperando que botón orden selector 1 sea visible (timeout: 300s, se reinicia con progreso)...
2025-12-01 16:33:58,441 - INFO - Esperando botón orden selector 1... Sin progreso: 0s, Total: 0s, Queda: 300s
2025-12-01 16:34:02,875 - INFO - PROGRESO: botón orden selector 1 existe - REINICIANDO timeout
2025-12-01 16:34:02,923 - INFO - PROGRESO: botón orden selector 1 visible - REINICIANDO timeout
2025-12-01 16:34:02,945 - INFO - OK - botón orden selector 1 listo después de 5.5s
2025-12-01 16:34:03,471 - INFO - Click exitoso en botón orden selector 1
2025-12-01 16:34:04,521 - INFO - Screenshot capturado: C2_04_formulario_orden.png
2025-12-01 16:34:04,522 - INFO - Click realizado en botón orden
2025-12-01 16:34:04,522 - INFO - Preparando nueva cotización...
2025-12-01 16:34:09,540 - INFO - ✓ Storage del navegador limpiado
2025-12-01 16:34:09,545 - INFO - ✓ Página estabilizada para nueva cotización
2025-12-01 16:34:09,546 - INFO - ✓ Sistema listo para siguiente cotización automática
2025-12-01 16:34:10,548 - INFO - Configuración - Garantías: SI, Descuento: NO, Créditos: NO, Entrega: NO, Tipo Entrega: cliente llevará
2025-12-01 16:34:10,549 - INFO - === PASO 5: EXTRAER NÚMERO COTIZACIÓN ===
2025-12-01 16:34:10,549 - INFO - === EXTRAYENDO NÚMERO DE COTIZACIÓN INICIAL ===
2025-12-01 16:34:12,591 - INFO - Número encontrado con selector: li.quotationNumberTitle p:last-child
2025-12-01 16:34:12,592 - INFO - Número de cotización: 1160920625004G
2025-12-01 16:34:12,592 - INFO - Número base extraído: 1160920625004G
2025-12-01 16:34:12,593 - INFO - Número único generado: 1160920625004G_2592
2025-12-01 16:34:12,594 - INFO - === PASO 6: AGREGAR ITEMS ===
2025-12-01 16:34:12,594 - INFO - --- ITEM 1/2 ---
2025-12-01 16:34:12,594 - INFO - === MÓDULO 3: AGREGAR ITEM 1 ===
2025-12-01 16:34:12,595 - INFO - Código: 462801600016, Cantidad: 1
2025-12-01 16:34:12,595 - INFO - Esperando que campo búsqueda item 1 sea visible (timeout: 300s, se reinicia con progreso)...
2025-12-01 16:34:12,614 - INFO - PROGRESO: campo búsqueda item 1 visible - REINICIANDO timeout
2025-12-01 16:34:12,628 - INFO - OK - campo búsqueda item 1 listo después de 0.0s
2025-12-01 16:34:12,663 - INFO - Código 462801600016 ingresado en campo búsqueda
2025-12-01 16:34:12,678 - INFO - Enter enviado para búsqueda
2025-12-01 16:34:14,749 - INFO - Mensaje informativo (ignorado): Error
close
ERROR TO OBTAIN THE PARAMATER: permitirNoInventariadosSeguros...
2025-12-01 16:34:14,750 - INFO - Item 462801600016 procesado correctamente
2025-12-01 16:34:14,750 - INFO - === MÓDULO 4: GARANTÍAS ITEM 1 ===
2025-12-01 16:34:14,750 - INFO - Garantía: AGREGAR
2025-12-01 16:34:15,812 - INFO - Screenshot capturado: C2_07_pantalla_garantias_01.png
2025-12-01 16:34:21,846 - INFO - Botón Add encontrado: //button[contains(@class, 'btn-success') and contains(text(), 'Add')]
2025-12-01 16:34:21,859 - INFO - Click en Añadir garantía
2025-12-01 16:34:23,869 - INFO - Encontradas 6 opciones de garantía
2025-12-01 16:34:23,896 - INFO - Garantía seleccionada - precio: $300.00
2025-12-01 16:34:24,911 - INFO - Clic en botón final para garantía con precio
2025-12-01 16:34:25,957 - INFO - Screenshot capturado: C2_08_garantia_procesada_01.png
2025-12-01 16:34:27,003 - INFO - Screenshot capturado: C2_06_item_con_garantias_procesadas_01.png
2025-12-01 16:34:27,004 - INFO - Garantías procesadas para item 1
2025-12-01 16:34:27,004 - INFO - --- ITEM 2/2 ---
2025-12-01 16:34:27,004 - INFO - === MÓDULO 3: AGREGAR ITEM 2 ===
2025-12-01 16:34:27,004 - INFO - Código: 456497500019, Cantidad: 1
2025-12-01 16:34:27,005 - INFO - Esperando que campo búsqueda item 2 sea visible (timeout: 300s, se reinicia con progreso)...
2025-12-01 16:34:27,023 - INFO - PROGRESO: campo búsqueda item 2 visible - REINICIANDO timeout
2025-12-01 16:34:27,038 - INFO - OK - campo búsqueda item 2 listo después de 0.0s
2025-12-01 16:34:27,073 - INFO - Código 456497500019 ingresado en campo búsqueda
2025-12-01 16:34:27,084 - INFO - Enter enviado para búsqueda
2025-12-01 16:34:32,629 - INFO - Mensaje informativo (ignorado): Error
close
ERROR TO OBTAIN THE PARAMATER: permitirNoInventariadosSeguros...
2025-12-01 16:34:32,630 - INFO - Item 456497500019 procesado correctamente
2025-12-01 16:34:32,631 - INFO - === MÓDULO 4: GARANTÍAS ITEM 2 ===
2025-12-01 16:34:32,631 - INFO - Garantía: AGREGAR
2025-12-01 16:34:33,684 - INFO - Screenshot capturado: C2_07_pantalla_garantias_02.png
2025-12-01 16:34:39,708 - INFO - Botón Add encontrado: //button[contains(@class, 'btn-success') and contains(text(), 'Add')]
2025-12-01 16:34:39,721 - INFO - Click en Añadir garantía
2025-12-01 16:34:41,732 - INFO - Encontradas 6 opciones de garantía
2025-12-01 16:34:41,757 - INFO - Garantía seleccionada - precio: $41.75
2025-12-01 16:34:42,777 - INFO - Clic en botón final para garantía con precio
2025-12-01 16:34:43,829 - INFO - Screenshot capturado: C2_08_garantia_procesada_02.png
2025-12-01 16:34:44,975 - INFO - Screenshot capturado: C2_06_item_con_garantias_procesadas_02.png
2025-12-01 16:34:44,975 - INFO - Garantías procesadas para item 2
2025-12-01 16:34:44,976 - INFO - === PASO 7: ENLAZAR CUSTOMER ===
2025-12-01 16:34:44,976 - INFO - === MÓDULO 5: ENLAZAR CUSTOMER ===
2025-12-01 16:34:45,048 - INFO - Screenshot capturado: C2_12_antes_enlazar_cliente.png
2025-12-01 16:34:50,090 - INFO - Enlace cliente encontrado: /html/body/div[2]/div[3]/div[28]/div[3]/h4/a
2025-12-01 16:34:50,107 - INFO - Click en enlace cliente
2025-12-01 16:34:53,152 - INFO - Screenshot capturado: C2_13_formulario_cliente.png
2025-12-01 16:34:54,425 - INFO - Cliente 057874256 ingresado
2025-12-01 16:34:55,528 - INFO - Screenshot capturado: C2_14_cliente_ingresado.png
2025-12-01 16:34:55,769 - INFO - Primer Next
2025-12-01 16:34:59,173 - INFO - Screenshot capturado: C2_15_primer_next.png
2025-12-01 16:35:04,589 - INFO - Segundo Next
2025-12-01 16:35:07,677 - INFO - Screenshot capturado: C2_16_segundo_next.png
2025-12-01 16:35:07,678 - INFO - Customer enlazado exitosamente
2025-12-01 16:35:07,679 - INFO - === PASO 8: CONFIGURAR ENTREGA ===
2025-12-01 16:35:07,679 - INFO - === MÓDULO 6: DESPACHO/ENTREGA ===
2025-12-01 16:35:07,680 - INFO - Despacho/Entrega: OMITIR
2025-12-01 16:35:07,681 - INFO - Tipo de entrega: cliente llevará
2025-12-01 16:35:07,681 - INFO - Entrega cliente omitida (configurado como No)
2025-12-01 16:35:07,682 - INFO - === PASO 9: DESCUENTO EMPLEADO ===
2025-12-01 16:35:07,682 - INFO - Modulo_7_aplicar_credito: DESHABILITADO
2025-12-01 16:35:07,683 - INFO - === PASO 10: CRÉDITOS ===
2025-12-01 16:35:07,683 - INFO - Modulo_8_aplicar_descuento_empleado: DESHABILITADO
2025-12-01 16:35:07,684 - INFO - === PASO 11: FINALIZAR COTIZACIÓN ===
2025-12-01 16:35:07,685 - INFO - === FINALIZANDO COTIZACIÓN ===
2025-12-01 16:35:07,761 - INFO - Screenshot capturado: C2_17_antes_finalizar.png
2025-12-01 16:35:09,762 - INFO - PASO 1: Click en botón finalizar
2025-12-01 16:35:12,798 - INFO - ✓ Botón finalizar encontrado con: /html/body/div[2]/div[4]/div/div/div[3]/form[1]/button
2025-12-01 16:35:12,873 - INFO - Screenshot capturado: C2_18_antes_finalizar.png
2025-12-01 16:35:12,873 - INFO - 🔧 Preservando datos de sesión...
2025-12-01 16:35:12,890 - INFO - 📝 Sesión preservada - OrderID: undefined, SessionData: 
2025-12-01 16:35:12,912 - INFO - ✓ Click en botón finalizar exitoso
2025-12-01 16:35:15,928 - INFO - 🖨️ Elementos printer encontrados: 10
2025-12-01 16:35:15,974 - INFO -   Elemento 1: tag=form, id=printForm, class=
2025-12-01 16:35:16,014 - INFO -   Elemento 2: tag=div, id=, class=printingBox
2025-12-01 16:35:16,056 - INFO -   Elemento 3: tag=input, id=printerGroup, class=printerRadioButton btnFloatRight
2025-12-01 16:35:16,092 - INFO -   Elemento 4: tag=input, id=printerName0, class=
2025-12-01 16:35:16,121 - INFO -   Elemento 5: tag=input, id=printerLocation0, class=
2025-12-01 16:35:16,138 - INFO - 📋 Modales encontrados: 195
2025-12-01 16:35:16,168 - INFO -   Modal 1: tag=div, id=itemInquiryDialog, visible=False
2025-12-01 16:35:16,201 - INFO -   Modal 2: tag=div, id=, visible=False
2025-12-01 16:35:16,228 - INFO -   Modal 3: tag=div, id=, visible=False
2025-12-01 16:35:16,238 - INFO - 📝 Formularios encontrados: 51
2025-12-01 16:35:16,239 - INFO - 🔍 MONITOREANDO ESTADO POST-SAVE...
2025-12-01 16:35:17,248 - INFO - 📍 Segundo 1: URL = http://ursvtols8b3c:8080/engage-unicomer-web/saleOrder/saveAndPrint
2025-12-01 16:35:17,254 - INFO - 📄 Segundo 1: Título = Grupo Unicomer
2025-12-01 16:35:18,742 - INFO - 🔘 Segundo 1: Botones visibles = ['Search', 'Item Inquiry', 'Transaction Options', 'Save & Print', 'Save']
2025-12-01 16:35:18,757 - INFO - 🖨️ Segundo 1: Printer Group encontrado! Visible=True
2025-12-01 16:35:18,757 - INFO - ✅ PRINTER GROUP DISPONIBLE - Procediendo a hacer click...
2025-12-01 16:35:19,014 - INFO - ✓ Default Printer seleccionado: //*[@id='printerGroup']
2025-12-01 16:35:20,045 - INFO - 🖨️ Botón print encontrado: //button[@id='defaultSubmitPrintButton']
2025-12-01 16:35:20,072 - INFO - ✅ CLICK EN BOTÓN IMPRIMIR EXITOSO
2025-12-01 16:35:25,231 - INFO - ℹ️ No se requiere confirmación adicional
2025-12-01 16:35:25,331 - INFO - Screenshot capturado: C2_21_print_completado.png
2025-12-01 16:35:25,331 - INFO - ✅ Finalización exitosa
2025-12-01 16:35:25,332 - INFO - === PASO 12: GENERAR REPORTE INDIVIDUAL ===
2025-12-01 16:35:25,333 - INFO - Generando reporte para cotización 2 con número 1160920625004G
2025-12-01 16:35:25,333 - INFO - Screenshots disponibles: 16
2025-12-01 16:35:25,334 - INFO - 🔄 Generando reporte para cotización 2: 1160920625004G
2025-12-01 16:35:25,466 - INFO - Excel actualizado - Cotización 2: 1160920625004G
2025-12-01 16:35:25,919 - INFO - Reporte ejecutivo generado: Reporte_cotizacion_1160920625004G.docx
2025-12-01 16:35:25,921 - INFO - Archivo verificado: 1328297 bytes
2025-12-01 16:35:25,921 - INFO - Reporte Word generado exitosamente para cotización 2
2025-12-01 16:35:25,922 - INFO - Iniciando limpieza de screenshots después de generar reporte
2025-12-01 16:35:25,925 - INFO - Screenshot eliminado: C2_02_dashboard.png
2025-12-01 16:35:25,928 - INFO - Screenshot eliminado: C2_04_formulario_orden.png
2025-12-01 16:35:25,932 - INFO - Screenshot eliminado: C2_07_pantalla_garantias_01.png
2025-12-01 16:35:25,935 - INFO - Screenshot eliminado: C2_08_garantia_procesada_01.png
2025-12-01 16:35:25,938 - INFO - Screenshot eliminado: C2_06_item_con_garantias_procesadas_01.png
2025-12-01 16:35:25,941 - INFO - Screenshot eliminado: C2_07_pantalla_garantias_02.png
2025-12-01 16:35:25,944 - INFO - Screenshot eliminado: C2_08_garantia_procesada_02.png
2025-12-01 16:35:25,947 - INFO - Screenshot eliminado: C2_06_item_con_garantias_procesadas_02.png
2025-12-01 16:35:25,951 - INFO - Screenshot eliminado: C2_12_antes_enlazar_cliente.png
2025-12-01 16:35:25,954 - INFO - Screenshot eliminado: C2_13_formulario_cliente.png
2025-12-01 16:35:25,958 - INFO - Screenshot eliminado: C2_14_cliente_ingresado.png
2025-12-01 16:35:25,962 - INFO - Screenshot eliminado: C2_15_primer_next.png
2025-12-01 16:35:25,965 - INFO - Screenshot eliminado: C2_16_segundo_next.png
2025-12-01 16:35:25,968 - INFO - Screenshot eliminado: C2_17_antes_finalizar.png
2025-12-01 16:35:25,971 - INFO - Screenshot eliminado: C2_18_antes_finalizar.png
2025-12-01 16:35:25,975 - INFO - Screenshot eliminado: C2_21_print_completado.png
2025-12-01 16:35:25,976 - INFO - 16 screenshots eliminados para esta cotización
2025-12-01 16:35:25,977 - INFO - Cotización 2 completada: 1160920625004G
2025-12-01 16:35:27,978 - INFO - === PASO 13: CREAR REPORTES FINALES ===
2025-12-01 16:35:27,979 - INFO - === REPORTE FINAL ===
2025-12-01 16:35:27,980 - INFO - Excel ya fue actualizado individualmente por cotización
2025-12-01 16:35:27,981 - INFO - Reportes Word ya fueron generados individualmente
2025-12-01 16:35:27,986 - INFO - Reportes encontrados: 2
2025-12-01 16:35:27,986 - INFO - === RESUMEN FINAL ===
2025-12-01 16:35:27,987 - INFO -  PROCESO MODULAR COMPLETADO
2025-12-01 16:35:27,989 - INFO - Cotizaciones procesadas: 2
2025-12-01 16:35:27,989 - INFO - Excel: productos_avanzado.xlsx
2025-12-01 16:35:27,990 - INFO - 📑 Word: ['Reporte_cotizacion_1160920625004C.docx', 'Reporte_cotizacion_1160920625004G.docx']
2025-12-01 16:35:27,990 - INFO - Navegador abierto por 60 segundos...
2025-12-01 16:35:29,991 - INFO - Limpiando recursos...
2025-12-01 16:35:29,992 - INFO - Screenshots ya fueron eliminados por cotización
2025-12-01 16:35:34,013 - INFO - Navegador cerrado
2025-12-01 16:35:34,013 - INFO - Limpieza de recursos completada
2025-12-01 16:35:34,014 - INFO - === AUTOMATIZACIÓN FINALIZADA ===
