2025-11-26 16:01:07,673 - INFO - Log guardándose en: logs\automatizacion_20251126.log
2025-11-26 16:01:07,673 - INFO -  === AUTOMATIZACIÓN MODULAR INICIADA ===
2025-11-26 16:01:07,673 - INFO - Archivo: productos_avanzado.xlsx
2025-11-26 16:01:07,673 - INFO - === PASO 1: LECTURA EXCEL ===
2025-11-26 16:01:07,674 - INFO - === MÓDULO 1: LECTURA EXCEL ===
2025-11-26 16:01:07,674 - INFO - Archivo: productos_avanzado.xlsx
2025-11-26 16:01:07,755 - INFO - Columnas encontradas: ['cotizacion_id', 'codigo', 'descripcion', 'cantidad', 'con_garantia', 'descuento_empleado', 'con_creditos', 'entrega_cliente', 'COTIZACION', 'ESTADO', 'FECHA_PROCESADO', 'ARCHIVO_WORD', 'tipo_entrega']
2025-11-26 16:01:07,762 - INFO - Se encontraron 2 cotizaciones
2025-11-26 16:01:07,762 - INFO - Cotización 1: 2 productos
2025-11-26 16:01:07,762 - INFO - Cotización 2: 2 productos
2025-11-26 16:01:07,763 - INFO - === PASO 2: INICIALIZAR NAVEGADOR ===
2025-11-26 16:01:14,631 - INFO - Navegador Firefox inicializado con configuración limpia
2025-11-26 16:01:14,631 - INFO - === PASO 3: INICIAR SESIÓN ===
2025-11-26 16:01:14,632 - INFO - === MÓDULO 2: INICIO SESIÓN ===
2025-11-26 16:01:16,077 - INFO - Accediendo a: http://ursvtols8b3c:8080/engage-unicomer-web/
2025-11-26 16:01:16,179 - INFO - Credenciales ingresadas
2025-11-26 16:01:18,962 - INFO - Formulario enviado
2025-11-26 16:01:21,064 - INFO - Screenshot capturado: 01_login_resultado.png
2025-11-26 16:01:21,084 - INFO - Login exitoso - URL cambió
2025-11-26 16:01:21,085 - INFO - 
🔄 PROCESANDO COTIZACIÓN 1/2: 1
2025-11-26 16:01:21,086 - INFO - === PASO 4: INICIAR ORDEN DE COMPRA ===
2025-11-26 16:01:21,088 - INFO - Buscando botón 'Comience una Orden de Compra'...
2025-11-26 16:01:21,216 - INFO - Screenshot capturado: C1_02_dashboard.png
2025-11-26 16:01:21,217 - INFO - Intentando selector 1: //input[@value='Comience una Orden de Compra']
2025-11-26 16:01:21,217 - INFO - Esperando que botón orden selector 1 sea visible (timeout: 300s, se reinicia con progreso)...
2025-11-26 16:01:26,733 - INFO - Esperando botón orden selector 1... Sin progreso: 0s, Total: 0s, Queda: 300s
2025-11-26 16:02:27,575 - INFO - Esperando botón orden selector 1... Sin progreso: 61s, Total: 61s, Queda: 239s
2025-11-26 16:03:51,222 - WARNING - ⏹️ Interrumpido por usuario
2025-11-26 16:03:51,223 - INFO - 📋 Log completo disponible en: logs\automatizacion_20251126.log
2025-11-26 16:03:51,224 - INFO - Limpiando recursos...
2025-11-26 16:03:51,224 - INFO - Eliminando screenshots residuales...
2025-11-26 16:03:51,226 - INFO - 2 screenshots residuales eliminados
2025-11-26 16:03:53,252 - WARNING -  Error cerrando navegador
2025-11-26 16:03:53,254 - INFO - Limpieza de recursos completada
2025-11-26 16:03:53,255 - INFO - === AUTOMATIZACIÓN FINALIZADA ===
2025-11-26 16:06:53,234 - INFO - Log guardándose en: logs\automatizacion_20251126.log
2025-11-26 16:06:53,234 - INFO -  === AUTOMATIZACIÓN MODULAR INICIADA ===
2025-11-26 16:06:53,235 - INFO - Archivo: productos_avanzado.xlsx
2025-11-26 16:06:53,235 - INFO - === PASO 1: LECTURA EXCEL ===
2025-11-26 16:06:53,235 - INFO - === MÓDULO 1: LECTURA EXCEL ===
2025-11-26 16:06:53,235 - INFO - Archivo: productos_avanzado.xlsx
2025-11-26 16:06:53,260 - INFO - Columnas encontradas: ['cotizacion_id', 'codigo', 'descripcion', 'cantidad', 'con_garantia', 'descuento_empleado', 'con_creditos', 'entrega_cliente', 'COTIZACION', 'ESTADO', 'FECHA_PROCESADO', 'ARCHIVO_WORD', 'tipo_entrega']
2025-11-26 16:06:53,263 - INFO - Se encontraron 2 cotizaciones
2025-11-26 16:06:53,263 - INFO - Cotización 1: 2 productos
2025-11-26 16:06:53,263 - INFO - Cotización 2: 2 productos
2025-11-26 16:06:53,263 - INFO - === PASO 2: INICIALIZAR NAVEGADOR ===
2025-11-26 16:06:58,918 - INFO - Navegador Firefox inicializado con configuración limpia
2025-11-26 16:06:58,919 - INFO - === PASO 3: INICIAR SESIÓN ===
2025-11-26 16:06:58,920 - INFO - === MÓDULO 2: INICIO SESIÓN ===
2025-11-26 16:07:00,312 - INFO - Accediendo a: http://ursvtols8b3c:8080/engage-unicomer-web/
2025-11-26 16:07:00,454 - INFO - Credenciales ingresadas
2025-11-26 16:07:01,952 - INFO - Formulario enviado
2025-11-26 16:07:04,019 - INFO - Screenshot capturado: 01_login_resultado.png
2025-11-26 16:07:04,026 - INFO - Login exitoso - URL cambió
2025-11-26 16:07:04,027 - INFO - 
🔄 PROCESANDO COTIZACIÓN 1/2: 1
2025-11-26 16:07:04,028 - INFO - === PASO 4: INICIAR ORDEN DE COMPRA ===
2025-11-26 16:07:04,029 - INFO - Buscando botón 'Comience una Orden de Compra'...
2025-11-26 16:07:04,108 - INFO - Screenshot capturado: C1_02_dashboard.png
2025-11-26 16:07:04,114 - INFO - Intentando selector 1: /html/body/div[2]/div[4]/div/div/div[1]/a[1]/input
2025-11-26 16:07:04,119 - INFO - Esperando que botón orden selector 1 sea visible (timeout: 300s, se reinicia con progreso)...
2025-11-26 16:07:04,331 - INFO - PROGRESO: botón orden selector 1 visible - REINICIANDO timeout
2025-11-26 16:07:04,356 - INFO - OK - botón orden selector 1 listo después de 0.0s
2025-11-26 16:07:04,901 - INFO - Click exitoso en botón orden selector 1
2025-11-26 16:07:05,995 - INFO - Screenshot capturado: C1_04_formulario_orden.png
2025-11-26 16:07:05,996 - INFO - Click realizado en botón orden
2025-11-26 16:07:05,997 - INFO - Configuración - Garantías: SI, Descuento: NO, Créditos: NO, Entrega: SI, Tipo Entrega: cliente llevará
2025-11-26 16:07:05,998 - INFO - === PASO 5: EXTRAER NÚMERO COTIZACIÓN ===
2025-11-26 16:07:05,999 - INFO - === EXTRAYENDO NÚMERO DE COTIZACIÓN INICIAL ===
2025-11-26 16:07:08,034 - INFO - Número encontrado con selector: li.quotationNumberTitle p:last-child
2025-11-26 16:07:08,035 - INFO - Número de cotización: 11609210250005
2025-11-26 16:07:08,035 - INFO - Número base extraído: 11609210250005
2025-11-26 16:07:08,035 - INFO - Número único generado: 11609210250005_8035
2025-11-26 16:07:08,036 - INFO - === PASO 6: AGREGAR ITEMS ===
2025-11-26 16:07:08,037 - INFO - --- ITEM 1/2 ---
2025-11-26 16:07:08,037 - INFO - === MÓDULO 3: AGREGAR ITEM 1 ===
2025-11-26 16:07:08,037 - INFO - Código: 461431200016, Cantidad: 1
2025-11-26 16:07:08,038 - INFO - Esperando que campo búsqueda item 1 sea visible (timeout: 300s, se reinicia con progreso)...
2025-11-26 16:07:08,056 - INFO - PROGRESO: campo búsqueda item 1 visible - REINICIANDO timeout
2025-11-26 16:07:08,073 - INFO - OK - campo búsqueda item 1 listo después de 0.0s
2025-11-26 16:07:08,116 - INFO - Código 461431200016 ingresado en campo búsqueda
2025-11-26 16:07:08,134 - INFO - Enter enviado para búsqueda
2025-11-26 16:07:09,498 - INFO - Mensaje informativo (ignorado): Error
close
ERROR TO OBTAIN THE PARAMATER: permitirNoInventariadosSeguros...
2025-11-26 16:07:09,498 - INFO - Item 461431200016 procesado correctamente
2025-11-26 16:07:09,499 - INFO - === MÓDULO 4: GARANTÍAS ITEM 1 ===
2025-11-26 16:07:09,499 - INFO - Garantía: AGREGAR
2025-11-26 16:07:10,550 - INFO - Screenshot capturado: C1_07_pantalla_garantias_01.png
2025-11-26 16:07:16,597 - INFO - Botón Add encontrado: //button[contains(@class, 'btn-success') and contains(text(), 'Add')]
2025-11-26 16:07:16,623 - INFO - Click en Añadir garantía
2025-11-26 16:07:23,646 - WARNING - Error en tabla garantías: Message: Unable to locate element: //div[@class='principalContainer']//table[@class='table table-bordered']; For documentation on this error, please visit: https://www.selenium.dev/documentation/webdriver/troubleshooting/errors#nosuchelementexception
Stacktrace:
RemoteError@chrome://remote/content/shared/RemoteError.sys.mjs:8:8
WebDriverError@chrome://remote/content/shared/webdriver/Errors.sys.mjs:187:5
NoSuchElementError@chrome://remote/content/shared/webdriver/Errors.sys.mjs:505:5
element.find/</<@chrome://remote/content/marionette/element.sys.mjs:135:16
, usando No Thanks
2025-11-26 16:07:32,811 - WARNING -  No se encontró botón No Thanks
2025-11-26 16:07:33,102 - WARNING - ⏹️ Interrumpido por usuario
2025-11-26 16:07:33,102 - INFO - 📋 Log completo disponible en: logs\automatizacion_20251126.log
2025-11-26 16:07:33,102 - INFO - Limpiando recursos...
2025-11-26 16:07:33,102 - INFO - Eliminando screenshots residuales...
2025-11-26 16:07:33,103 - INFO - 4 screenshots residuales eliminados
2025-11-26 16:07:35,151 - WARNING -  Error cerrando navegador
2025-11-26 16:07:35,152 - INFO - Limpieza de recursos completada
2025-11-26 16:07:35,153 - INFO - === AUTOMATIZACIÓN FINALIZADA ===
2025-11-26 16:07:43,721 - INFO - Log guardándose en: logs\automatizacion_20251126.log
2025-11-26 16:07:43,721 - INFO -  === AUTOMATIZACIÓN MODULAR INICIADA ===
2025-11-26 16:07:43,721 - INFO - Archivo: productos_avanzado.xlsx
2025-11-26 16:07:43,722 - INFO - === PASO 1: LECTURA EXCEL ===
2025-11-26 16:07:43,722 - INFO - === MÓDULO 1: LECTURA EXCEL ===
2025-11-26 16:07:43,722 - INFO - Archivo: productos_avanzado.xlsx
2025-11-26 16:07:43,747 - INFO - Columnas encontradas: ['cotizacion_id', 'codigo', 'descripcion', 'cantidad', 'con_garantia', 'descuento_empleado', 'con_creditos', 'entrega_cliente', 'COTIZACION', 'ESTADO', 'FECHA_PROCESADO', 'ARCHIVO_WORD', 'tipo_entrega']
2025-11-26 16:07:43,750 - INFO - Se encontraron 2 cotizaciones
2025-11-26 16:07:43,750 - INFO - Cotización 1: 2 productos
2025-11-26 16:07:43,750 - INFO - Cotización 2: 2 productos
2025-11-26 16:07:43,750 - INFO - === PASO 2: INICIALIZAR NAVEGADOR ===
2025-11-26 16:07:51,641 - INFO - Navegador Firefox inicializado con configuración limpia
2025-11-26 16:07:51,642 - INFO - === PASO 3: INICIAR SESIÓN ===
2025-11-26 16:07:51,643 - INFO - === MÓDULO 2: INICIO SESIÓN ===
2025-11-26 16:07:52,795 - INFO - Accediendo a: http://ursvtols8b3c:8080/engage-unicomer-web/
2025-11-26 16:07:52,940 - INFO - Credenciales ingresadas
2025-11-26 16:07:55,177 - INFO - Formulario enviado
2025-11-26 16:07:57,272 - INFO - Screenshot capturado: 01_login_resultado.png
2025-11-26 16:07:57,281 - INFO - Login exitoso - URL cambió
2025-11-26 16:07:57,281 - INFO - 
🔄 PROCESANDO COTIZACIÓN 1/2: 1
2025-11-26 16:07:57,282 - INFO - === PASO 4: INICIAR ORDEN DE COMPRA ===
2025-11-26 16:07:57,282 - INFO - Buscando botón 'Comience una Orden de Compra'...
2025-11-26 16:07:57,410 - INFO - Screenshot capturado: C1_02_dashboard.png
2025-11-26 16:07:57,410 - INFO - Intentando selector 1: /html/body/div[2]/div[4]/div/div/div[1]/a[1]/input
2025-11-26 16:07:57,411 - INFO - Esperando que botón orden selector 1 sea visible (timeout: 300s, se reinicia con progreso)...
2025-11-26 16:07:57,447 - INFO - PROGRESO: botón orden selector 1 visible - REINICIANDO timeout
2025-11-26 16:07:57,474 - INFO - OK - botón orden selector 1 listo después de 0.0s
2025-11-26 16:07:58,024 - INFO - Click exitoso en botón orden selector 1
2025-11-26 16:07:59,172 - INFO - Screenshot capturado: C1_04_formulario_orden.png
2025-11-26 16:07:59,172 - INFO - Click realizado en botón orden
2025-11-26 16:07:59,173 - INFO - Configuración - Garantías: SI, Descuento: NO, Créditos: NO, Entrega: SI, Tipo Entrega: cliente llevará
2025-11-26 16:07:59,173 - INFO - === PASO 5: EXTRAER NÚMERO COTIZACIÓN ===
2025-11-26 16:07:59,174 - INFO - === EXTRAYENDO NÚMERO DE COTIZACIÓN INICIAL ===
2025-11-26 16:08:01,278 - INFO - Número encontrado con selector: li.quotationNumberTitle p:last-child
2025-11-26 16:08:01,279 - INFO - Número de cotización: 11609211250008
2025-11-26 16:08:01,281 - INFO - Número base extraído: 11609211250008
2025-11-26 16:08:01,281 - INFO - Número único generado: 11609211250008_1280
2025-11-26 16:08:01,282 - INFO - === PASO 6: AGREGAR ITEMS ===
2025-11-26 16:08:01,283 - INFO - --- ITEM 1/2 ---
2025-11-26 16:08:01,284 - INFO - === MÓDULO 3: AGREGAR ITEM 1 ===
2025-11-26 16:08:01,285 - INFO - Código: 461431200016, Cantidad: 1
2025-11-26 16:08:01,286 - INFO - Esperando que campo búsqueda item 1 sea visible (timeout: 300s, se reinicia con progreso)...
2025-11-26 16:08:01,335 - INFO - PROGRESO: campo búsqueda item 1 visible - REINICIANDO timeout
2025-11-26 16:08:01,387 - INFO - OK - campo búsqueda item 1 listo después de 0.0s
2025-11-26 16:08:01,427 - INFO - Código 461431200016 ingresado en campo búsqueda
2025-11-26 16:08:01,459 - INFO - Enter enviado para búsqueda
2025-11-26 16:08:02,827 - INFO - Mensaje informativo (ignorado): Error
close
ERROR TO OBTAIN THE PARAMATER: permitirNoInventariadosSeguros...
2025-11-26 16:08:02,827 - INFO - Item 461431200016 procesado correctamente
2025-11-26 16:08:02,827 - INFO - === MÓDULO 4: GARANTÍAS ITEM 1 ===
2025-11-26 16:08:02,828 - INFO - Garantía: AGREGAR
2025-11-26 16:08:03,949 - INFO - Screenshot capturado: C1_07_pantalla_garantias_01.png
2025-11-26 16:08:09,996 - INFO - Botón Add encontrado: //button[contains(@class, 'btn-success') and contains(text(), 'Add')]
2025-11-26 16:08:10,017 - INFO - Click en Añadir garantía
2025-11-26 16:08:12,030 - INFO - Encontradas 6 opciones de garantía
2025-11-26 16:08:12,065 - INFO - Garantía seleccionada - precio: $82.25
2025-11-26 16:08:13,080 - INFO - Clic en botón final para garantía con precio
2025-11-26 16:08:14,129 - INFO - Screenshot capturado: C1_08_garantia_procesada_01.png
2025-11-26 16:08:15,174 - INFO - Screenshot capturado: C1_06_item_con_garantias_procesadas_01.png
2025-11-26 16:08:15,175 - INFO - Garantías procesadas para item 1
2025-11-26 16:08:15,175 - INFO - --- ITEM 2/2 ---
2025-11-26 16:08:15,176 - INFO - === MÓDULO 3: AGREGAR ITEM 2 ===
2025-11-26 16:08:15,176 - INFO - Código: 439766400005, Cantidad: 1
2025-11-26 16:08:15,177 - INFO - Esperando que campo búsqueda item 2 sea visible (timeout: 300s, se reinicia con progreso)...
2025-11-26 16:08:15,197 - INFO - PROGRESO: campo búsqueda item 2 visible - REINICIANDO timeout
2025-11-26 16:08:15,226 - INFO - OK - campo búsqueda item 2 listo después de 0.0s
2025-11-26 16:08:15,310 - INFO - Código 439766400005 ingresado en campo búsqueda
2025-11-26 16:08:15,327 - INFO - Enter enviado para búsqueda
2025-11-26 16:08:19,544 - INFO - Mensaje informativo (ignorado): Error
close
ERROR TO OBTAIN THE PARAMATER: permitirNoInventariadosSeguros...
2025-11-26 16:08:19,545 - INFO - Item 439766400005 procesado correctamente
2025-11-26 16:08:19,545 - INFO - === MÓDULO 4: GARANTÍAS ITEM 2 ===
2025-11-26 16:08:19,545 - INFO - Garantía: AGREGAR
2025-11-26 16:08:20,604 - INFO - Screenshot capturado: C1_07_pantalla_garantias_02.png
2025-11-26 16:08:26,643 - INFO - Botón Add encontrado: //button[contains(@class, 'btn-success') and contains(text(), 'Add')]
2025-11-26 16:08:26,660 - INFO - Click en Añadir garantía
2025-11-26 16:08:28,670 - INFO - Encontradas 6 opciones de garantía
2025-11-26 16:08:28,708 - INFO - Garantía seleccionada - precio: $212.50
2025-11-26 16:08:29,732 - INFO - Clic en botón final para garantía con precio
2025-11-26 16:08:30,846 - INFO - Screenshot capturado: C1_08_garantia_procesada_02.png
2025-11-26 16:08:31,957 - INFO - Screenshot capturado: C1_06_item_con_garantias_procesadas_02.png
2025-11-26 16:08:31,959 - INFO - Garantías procesadas para item 2
2025-11-26 16:08:31,960 - INFO - === PASO 7: ENLAZAR CUSTOMER ===
2025-11-26 16:08:31,962 - INFO - === MÓDULO 5: ENLAZAR CUSTOMER ===
2025-11-26 16:08:32,086 - INFO - Screenshot capturado: C1_12_antes_enlazar_cliente.png
2025-11-26 16:08:37,134 - INFO - Enlace cliente encontrado: /html/body/div[2]/div[3]/div[28]/div[3]/h4/a
2025-11-26 16:08:37,175 - INFO - Click en enlace cliente
2025-11-26 16:08:40,263 - INFO - Screenshot capturado: C1_13_formulario_cliente.png
2025-11-26 16:08:41,593 - INFO - Cliente 057874256 ingresado
2025-11-26 16:08:42,681 - INFO - Screenshot capturado: C1_14_cliente_ingresado.png
2025-11-26 16:08:43,864 - INFO - Primer Next
2025-11-26 16:08:46,923 - INFO - Screenshot capturado: C1_15_primer_next.png
2025-11-26 16:08:52,168 - INFO - Segundo Next
2025-11-26 16:08:55,214 - INFO - Screenshot capturado: C1_16_segundo_next.png
2025-11-26 16:08:55,215 - INFO - Customer enlazado exitosamente
2025-11-26 16:08:55,216 - INFO - === PASO 8: CONFIGURAR ENTREGA ===
2025-11-26 16:08:55,217 - INFO - === MÓDULO 6: DESPACHO/ENTREGA ===
2025-11-26 16:08:55,217 - INFO - Despacho/Entrega: CONFIGURAR
2025-11-26 16:08:55,218 - INFO - Tipo de entrega: cliente llevará
2025-11-26 16:08:55,264 - INFO - Screenshot capturado: C1_17_antes_entrega_cliente.png
2025-11-26 16:08:55,264 - INFO - Paso 1: Buscando botón Transaction Options
2025-11-26 16:08:58,290 - INFO - ✓ Transaction Options encontrado con: transactionOptionsBtn
2025-11-26 16:08:58,309 - INFO - Click en Transaction Options exitoso
2025-11-26 16:09:01,351 - INFO - Screenshot capturado: C1_18_menu_transaction_options.png
2025-11-26 16:09:01,352 - INFO - Paso 2: Seleccionando opción de entrega
2025-11-26 16:09:01,389 - INFO - Opción de entrega seleccionada
2025-11-26 16:09:04,433 - INFO - Screenshot capturado: C1_19_formulario_entrega.png
2025-11-26 16:09:04,434 - INFO - Paso 3: Llenando datos del formulario
2025-11-26 16:09:04,535 - INFO - Nombre 1 ingresado: ELISEO AMILCAR LOPEZ + Enter
2025-11-26 16:09:05,617 - INFO - Nombre 2 ingresado: MARGARITA PORTILLO DE LOPEZ + Enter
2025-11-26 16:09:06,691 - INFO - ✓ Campo adicional (div[4]) ingresado: ELISEO LOPEZ + Enter
2025-11-26 16:09:07,692 - INFO - Paso 4: Configurando select MADRE
2025-11-26 16:09:07,949 - INFO - Select MADRE abierto
2025-11-26 16:09:09,723 - INFO - ✓ Opción MADRE seleccionada
2025-11-26 16:09:10,724 - INFO - Paso 4B: Configurando transportador (relationship)
2025-11-26 16:09:10,986 - INFO - ✓ Select TRANSPORTADOR abierto con: /html/body/div[2]/form/div[1]/div/div[2]/div[6]/span[2]/span/a
2025-11-26 16:09:12,245 - INFO - ✓ Opción TRANSPORTADOR seleccionada
2025-11-26 16:09:13,246 - INFO - Paso 5: Configurando tipo de entrega: cliente llevará
2025-11-26 16:09:13,500 - INFO - ✓ Select TIPO ENTREGA abierto
2025-11-26 16:09:14,768 - INFO - ✓ Tipo entrega seleccionado: Cliente llevará (Cliente Recoge)
2025-11-26 16:09:16,770 - INFO - Paso 6: Configurando lugar de salida (Bodega Nejapa)
2025-11-26 16:09:16,847 - INFO - ✓ Texto escrito: BODEGA 94 NEJAPA
2025-11-26 16:09:19,118 - INFO - ✓ Opción clickeada del dropdown: BODEGA 94 NEJAPA
2025-11-26 16:09:24,140 - INFO - ℹ️ No se requiere OK para lugar de salida
2025-11-26 16:09:26,146 - INFO - Paso 7: Configurando transporte (11094 - BODEGA 94 NEJAPA)
2025-11-26 16:09:28,165 - INFO - ✓ Caja de texto del transporte encontrada
2025-11-26 16:09:28,989 - INFO - ✓ Texto escrito: BODEGA 94 NEJAPA
2025-11-26 16:09:29,990 - INFO - -Buscando opción '11094 - BODEGA 94 NEJAPA' en dropdown...
2025-11-26 16:09:29,991 - INFO - Intentando con selector: //li[@class='ui-menu-item']//a[contains(text(), '11094 - BODEGA 94 NEJAPA')]
2025-11-26 16:09:31,050 - INFO - Intentando con selector: //li[@role='menuitem']//a[contains(text(), '11094 - BODEGA 94 NEJAPA')]
2025-11-26 16:09:32,105 - INFO - Intentando con selector: //li[contains(@class, 'ui-menu-item')]//a[contains(text(), 'BODEGA 94 NEJAPA')]
2025-11-26 16:09:33,152 - INFO - Intentando con selector: //ul[contains(@class, 'ui-autocomplete')]//a[contains(text(), '11094')]
2025-11-26 16:09:34,209 - INFO - Intentando con selector: //a[@class='ui-corner-all'][contains(text(), '11094 - BODEGA 94 NEJAPA')]
2025-11-26 16:09:35,255 - INFO - Intentando con selector: /html/body/ul[4]/li/a
2025-11-26 16:09:36,315 - INFO - 🔄 Fallback: Usando flecha abajo + Enter...
2025-11-26 16:09:36,859 - INFO - ✓ Flecha abajo + Enter ejecutado
2025-11-26 16:09:37,883 - INFO - 🔍 Verificación final: Input='11094 - BODEGA 94 NEJAPA', Select='11094'
2025-11-26 16:09:37,884 - INFO - ✅ TRANSPORTE CONFIGURADO EXITOSAMENTE
2025-11-26 16:09:40,885 - INFO - Paso 8: Agregando instrucciones
2025-11-26 16:09:45,907 - WARNING - Error agregando instrucciones: Message: Unable to locate element: //*[@id='instructions']; For documentation on this error, please visit: https://www.selenium.dev/documentation/webdriver/troubleshooting/errors#nosuchelementexception
Stacktrace:
RemoteError@chrome://remote/content/shared/RemoteError.sys.mjs:8:8
WebDriverError@chrome://remote/content/shared/webdriver/Errors.sys.mjs:187:5
NoSuchElementError@chrome://remote/content/shared/webdriver/Errors.sys.mjs:505:5
element.find/</<@chrome://remote/content/marionette/element.sys.mjs:135:16

2025-11-26 16:09:45,908 - INFO - Paso 9: Enviando formulario de entrega
2025-11-26 16:09:50,928 - WARNING - Error enviando formulario: Message: Unable to locate element: /html/body/div[2]/form/div[2]/button; For documentation on this error, please visit: https://www.selenium.dev/documentation/webdriver/troubleshooting/errors#nosuchelementexception
Stacktrace:
RemoteError@chrome://remote/content/shared/RemoteError.sys.mjs:8:8
WebDriverError@chrome://remote/content/shared/webdriver/Errors.sys.mjs:187:5
NoSuchElementError@chrome://remote/content/shared/webdriver/Errors.sys.mjs:505:5
element.find/</<@chrome://remote/content/marionette/element.sys.mjs:135:16

2025-11-26 16:09:50,929 - WARNING - ⚠️ Error en despacho, continuando...
2025-11-26 16:09:50,930 - INFO - === PASO 9: DESCUENTO EMPLEADO ===
2025-11-26 16:09:50,931 - INFO - Modulo_7_aplicar_credito: DESHABILITADO
2025-11-26 16:09:50,931 - INFO - === PASO 10: CRÉDITOS ===
2025-11-26 16:09:50,932 - INFO - Modulo_8_aplicar_descuento_empleado: DESHABILITADO
2025-11-26 16:09:50,932 - INFO - === PASO 11: FINALIZAR COTIZACIÓN ===
2025-11-26 16:09:50,933 - INFO - === FINALIZANDO COTIZACIÓN ===
2025-11-26 16:09:51,031 - INFO - Screenshot capturado: C1_17_antes_finalizar.png
2025-11-26 16:09:53,032 - INFO - PASO 1: Click en botón finalizar
2025-11-26 16:09:56,061 - INFO - ✓ Botón finalizar encontrado con: /html/body/div[2]/div[4]/div/div/div[3]/form[1]/button
2025-11-26 16:09:56,107 - INFO - Screenshot capturado: C1_18_antes_finalizar.png
2025-11-26 16:09:56,109 - INFO - 🔧 Preservando datos de sesión...
2025-11-26 16:09:56,120 - INFO - 📝 Sesión preservada - OrderID: undefined, SessionData: 
2025-11-26 16:09:56,136 - INFO - ✓ Click en botón finalizar exitoso
2025-11-26 16:09:59,145 - INFO - 🖨️ Elementos printer encontrados: 6
2025-11-26 16:09:59,176 - INFO -   Elemento 1: tag=form, id=printForm, class=
2025-11-26 16:09:59,200 - INFO -   Elemento 2: tag=div, id=, class=printingBox
2025-11-26 16:09:59,226 - INFO -   Elemento 3: tag=input, id=printerGroup, class=printerRadioButton btnFloatRight
2025-11-26 16:09:59,258 - INFO -   Elemento 4: tag=input, id=printerName0, class=
2025-11-26 16:09:59,288 - INFO -   Elemento 5: tag=input, id=printerLocation0, class=
2025-11-26 16:09:59,299 - INFO - 📋 Modales encontrados: 195
2025-11-26 16:09:59,320 - INFO -   Modal 1: tag=div, id=itemInquiryDialog, visible=False
2025-11-26 16:09:59,345 - INFO -   Modal 2: tag=div, id=, visible=False
2025-11-26 16:09:59,371 - INFO -   Modal 3: tag=div, id=, visible=False
2025-11-26 16:09:59,376 - INFO - 📝 Formularios encontrados: 50
2025-11-26 16:09:59,377 - INFO - 🔍 MONITOREANDO ESTADO POST-SAVE...
2025-11-26 16:10:00,382 - INFO - 📍 Segundo 1: URL = http://ursvtols8b3c:8080/engage-unicomer-web/saleOrder/saveAndPrint
2025-11-26 16:10:00,384 - INFO - 📄 Segundo 1: Título = Grupo Unicomer
2025-11-26 16:10:01,582 - INFO - 🔘 Segundo 1: Botones visibles = ['Search', 'Item Inquiry', 'Transaction Options', 'Save & Print', 'Save']
2025-11-26 16:10:01,593 - INFO - 🖨️ Segundo 1: Printer Group encontrado! Visible=True
2025-11-26 16:10:01,593 - INFO - ✅ PRINTER GROUP DISPONIBLE - Procediendo a hacer click...
2025-11-26 16:10:16,890 - INFO - ✓ Default Printer seleccionado: //input[@type='radio' and following-sibling::form//span[text()='Default Printer']]
2025-11-26 16:10:17,920 - INFO - 🖨️ Botón print encontrado: //button[@id='defaultSubmitPrintButton']
2025-11-26 16:10:17,942 - INFO - ✅ CLICK EN BOTÓN IMPRIMIR EXITOSO
2025-11-26 16:10:23,079 - INFO - ℹ️ No se requiere confirmación adicional
2025-11-26 16:10:23,155 - INFO - Screenshot capturado: C1_21_print_completado.png
2025-11-26 16:10:23,155 - INFO - ✅ Finalización exitosa
2025-11-26 16:10:23,155 - INFO - === PASO 12: GENERAR REPORTE INDIVIDUAL ===
2025-11-26 16:10:23,156 - INFO - Generando reporte para cotización 1 con número 11609211250008
2025-11-26 16:10:23,156 - INFO - Screenshots disponibles: 20
2025-11-26 16:10:23,156 - INFO - 🔄 Generando reporte para cotización 1: 11609211250008
2025-11-26 16:10:23,205 - INFO - Excel actualizado - Cotización 1: 11609211250008
2025-11-26 16:10:23,355 - INFO - Reporte ejecutivo generado: Reporte_cotizacion_11609211250008.docx
2025-11-26 16:10:23,355 - INFO - Archivo verificado: 1537579 bytes
2025-11-26 16:10:23,355 - INFO - Reporte Word generado exitosamente para cotización 1
2025-11-26 16:10:23,355 - INFO - Iniciando limpieza de screenshots después de generar reporte
2025-11-26 16:10:23,356 - INFO - Screenshot eliminado: 01_login_resultado.png
2025-11-26 16:10:23,357 - INFO - Screenshot eliminado: C1_02_dashboard.png
2025-11-26 16:10:23,358 - INFO - Screenshot eliminado: C1_04_formulario_orden.png
2025-11-26 16:10:23,359 - INFO - Screenshot eliminado: C1_07_pantalla_garantias_01.png
2025-11-26 16:10:23,360 - INFO - Screenshot eliminado: C1_08_garantia_procesada_01.png
2025-11-26 16:10:23,361 - INFO - Screenshot eliminado: C1_06_item_con_garantias_procesadas_01.png
2025-11-26 16:10:23,363 - INFO - Screenshot eliminado: C1_07_pantalla_garantias_02.png
2025-11-26 16:10:23,365 - INFO - Screenshot eliminado: C1_08_garantia_procesada_02.png
2025-11-26 16:10:23,365 - INFO - Screenshot eliminado: C1_06_item_con_garantias_procesadas_02.png
2025-11-26 16:10:23,366 - INFO - Screenshot eliminado: C1_12_antes_enlazar_cliente.png
2025-11-26 16:10:23,368 - INFO - Screenshot eliminado: C1_13_formulario_cliente.png
2025-11-26 16:10:23,368 - INFO - Screenshot eliminado: C1_14_cliente_ingresado.png
2025-11-26 16:10:23,369 - INFO - Screenshot eliminado: C1_15_primer_next.png
2025-11-26 16:10:23,370 - INFO - Screenshot eliminado: C1_16_segundo_next.png
2025-11-26 16:10:23,370 - INFO - Screenshot eliminado: C1_17_antes_entrega_cliente.png
2025-11-26 16:10:23,371 - INFO - Screenshot eliminado: C1_18_menu_transaction_options.png
2025-11-26 16:10:23,371 - INFO - Screenshot eliminado: C1_19_formulario_entrega.png
2025-11-26 16:10:23,372 - INFO - Screenshot eliminado: C1_17_antes_finalizar.png
2025-11-26 16:10:23,373 - INFO - Screenshot eliminado: C1_18_antes_finalizar.png
2025-11-26 16:10:23,373 - INFO - Screenshot eliminado: C1_21_print_completado.png
2025-11-26 16:10:23,374 - INFO - 20 screenshots eliminados para esta cotización
2025-11-26 16:10:23,374 - INFO - Cotización 1 completada: 11609211250008
2025-11-26 16:10:25,375 - INFO - 
🔄 PROCESANDO COTIZACIÓN 2/2: 2
2025-11-26 16:10:25,375 - INFO - === PASO 4: INICIAR ORDEN DE COMPRA ===
2025-11-26 16:10:25,376 - INFO - Buscando botón 'Comience una Orden de Compra'...
2025-11-26 16:10:25,501 - INFO - Screenshot capturado: C2_02_dashboard.png
2025-11-26 16:10:25,501 - INFO - Intentando selector 1: /html/body/div[2]/div[4]/div/div/div[1]/a[1]/input
2025-11-26 16:10:25,502 - INFO - Esperando que botón orden selector 1 sea visible (timeout: 300s, se reinicia con progreso)...
2025-11-26 16:10:31,024 - INFO - Esperando botón orden selector 1... Sin progreso: 0s, Total: 0s, Queda: 300s
2025-11-26 16:11:31,721 - INFO - Esperando botón orden selector 1... Sin progreso: 61s, Total: 61s, Queda: 239s
2025-11-26 16:13:16,564 - INFO - Esperando botón orden selector 1... Sin progreso: 166s, Total: 166s, Queda: 134s
2025-11-26 16:15:01,365 - INFO - Esperando botón orden selector 1... Sin progreso: 270s, Total: 270s, Queda: 30s
2025-11-26 16:15:28,937 - WARNING - Sin progreso en botón orden selector 1 por 300s - QUITANDO elemento y continuando
2025-11-26 16:15:28,938 - INFO - Total transcurrido: 303.4s
2025-11-26 16:15:28,938 - WARNING - QUITANDO: botón orden selector 1 - Sin progreso por 300s, continuando sin él
2025-11-26 16:15:28,939 - INFO - Selector 1 quitado por falta de progreso, probando siguiente...
2025-11-26 16:15:28,939 - ERROR - Ningún selector de botón orden funcionó - todos fueron quitados por timeout
2025-11-26 16:15:28,940 - WARNING - No se pudo iniciar orden de compra para cotización 2 - continuando con siguiente
2025-11-26 16:15:28,941 - INFO - === PASO 13: CREAR REPORTES FINALES ===
2025-11-26 16:15:28,942 - INFO - === REPORTE FINAL ===
2025-11-26 16:15:28,942 - INFO - Excel ya fue actualizado individualmente por cotización
2025-11-26 16:15:28,943 - INFO - Reportes Word ya fueron generados individualmente
2025-11-26 16:15:28,945 - INFO - Reportes encontrados: 1
2025-11-26 16:15:28,946 - INFO - === RESUMEN FINAL ===
2025-11-26 16:15:28,947 - INFO -  PROCESO MODULAR COMPLETADO
2025-11-26 16:15:28,947 - INFO - Cotizaciones procesadas: 1
2025-11-26 16:15:28,948 - INFO - Excel: productos_avanzado.xlsx
2025-11-26 16:15:28,948 - INFO - 📑 Word: ['Reporte_cotizacion_11609211250008.docx']
2025-11-26 16:15:28,948 - INFO - Navegador abierto por 60 segundos...
2025-11-26 16:15:30,949 - INFO - Limpiando recursos...
2025-11-26 16:15:30,951 - INFO - Eliminando screenshots residuales...
2025-11-26 16:15:30,964 - INFO - 1 screenshots residuales eliminados
2025-11-26 16:15:33,815 - INFO - Navegador cerrado
2025-11-26 16:15:33,817 - INFO - Limpieza de recursos completada
2025-11-26 16:15:33,818 - INFO - === AUTOMATIZACIÓN FINALIZADA ===
2025-11-26 16:20:35,542 - INFO - Log guardándose en: logs\automatizacion_20251126.log
2025-11-26 16:20:35,542 - INFO -  === AUTOMATIZACIÓN MODULAR INICIADA ===
2025-11-26 16:20:35,543 - INFO - Archivo: productos_avanzado.xlsx
2025-11-26 16:20:35,543 - INFO - === PASO 1: LECTURA EXCEL ===
2025-11-26 16:20:35,543 - INFO - === MÓDULO 1: LECTURA EXCEL ===
2025-11-26 16:20:35,544 - INFO - Archivo: productos_avanzado.xlsx
2025-11-26 16:20:35,626 - INFO - Columnas encontradas: ['cotizacion_id', 'codigo', 'descripcion', 'cantidad', 'con_garantia', 'descuento_empleado', 'con_creditos', 'entrega_cliente', 'COTIZACION', 'ESTADO', 'FECHA_PROCESADO', 'ARCHIVO_WORD', 'tipo_entrega']
2025-11-26 16:20:35,631 - INFO - Se encontraron 2 cotizaciones
2025-11-26 16:20:35,632 - INFO - Cotización 1: 2 productos
2025-11-26 16:20:35,632 - INFO - Cotización 2: 2 productos
2025-11-26 16:20:35,632 - INFO - === PASO 2: INICIALIZAR NAVEGADOR ===
2025-11-26 16:20:43,777 - INFO - Navegador Firefox inicializado con configuración limpia
2025-11-26 16:20:43,778 - INFO - === PASO 3: INICIAR SESIÓN ===
2025-11-26 16:20:43,779 - INFO - === MÓDULO 2: INICIO SESIÓN ===
2025-11-26 16:20:48,011 - INFO - Accediendo a: http://urgtorbs6dlk:8080/engage-unicomer-web/
2025-11-26 16:20:48,193 - INFO - Credenciales ingresadas
2025-11-26 16:20:50,722 - INFO - Formulario enviado
2025-11-26 16:20:52,847 - INFO - Screenshot capturado: 01_login_resultado.png
2025-11-26 16:20:52,859 - INFO - Login exitoso - URL cambió
2025-11-26 16:20:52,860 - INFO - 
🔄 PROCESANDO COTIZACIÓN 1/2: 1
2025-11-26 16:20:52,861 - INFO - === PASO 4: INICIAR ORDEN DE COMPRA ===
2025-11-26 16:20:52,861 - INFO - Buscando botón 'Comience una Orden de Compra'...
2025-11-26 16:20:52,985 - INFO - Screenshot capturado: C1_02_dashboard.png
2025-11-26 16:20:52,986 - INFO - Intentando selector 1: /html/body/div[2]/div[4]/div/div/div[1]/a[1]/input
2025-11-26 16:20:52,986 - INFO - Esperando que botón orden selector 1 sea visible (timeout: 300s, se reinicia con progreso)...
2025-11-26 16:20:58,508 - INFO - Esperando botón orden selector 1... Sin progreso: 0s, Total: 0s, Queda: 300s
2025-11-26 16:21:15,762 - WARNING - ⏹️ Interrumpido por usuario
2025-11-26 16:21:15,763 - INFO - 📋 Log completo disponible en: logs\automatizacion_20251126.log
2025-11-26 16:21:15,763 - INFO - Limpiando recursos...
2025-11-26 16:21:15,764 - INFO - Eliminando screenshots residuales...
2025-11-26 16:21:15,769 - INFO - 2 screenshots residuales eliminados
2025-11-26 16:21:17,804 - WARNING -  Error cerrando navegador
2025-11-26 16:21:17,804 - INFO - Limpieza de recursos completada
2025-11-26 16:21:17,805 - INFO - === AUTOMATIZACIÓN FINALIZADA ===
2025-11-26 16:21:24,545 - INFO - Log guardándose en: logs\automatizacion_20251126.log
2025-11-26 16:21:24,546 - INFO -  === AUTOMATIZACIÓN MODULAR INICIADA ===
2025-11-26 16:21:24,546 - INFO - Archivo: productos_avanzado.xlsx
2025-11-26 16:21:24,546 - INFO - === PASO 1: LECTURA EXCEL ===
2025-11-26 16:21:24,547 - INFO - === MÓDULO 1: LECTURA EXCEL ===
2025-11-26 16:21:24,547 - INFO - Archivo: productos_avanzado.xlsx
2025-11-26 16:21:24,604 - INFO - Columnas encontradas: ['cotizacion_id', 'codigo', 'descripcion', 'cantidad', 'con_garantia', 'descuento_empleado', 'con_creditos', 'entrega_cliente', 'COTIZACION', 'ESTADO', 'FECHA_PROCESADO', 'ARCHIVO_WORD', 'tipo_entrega']
2025-11-26 16:21:24,611 - INFO - Se encontraron 2 cotizaciones
2025-11-26 16:21:24,612 - INFO - Cotización 1: 2 productos
2025-11-26 16:21:24,612 - INFO - Cotización 2: 2 productos
2025-11-26 16:21:24,612 - INFO - === PASO 2: INICIALIZAR NAVEGADOR ===
2025-11-26 16:21:34,906 - INFO - Navegador Firefox inicializado con configuración limpia
2025-11-26 16:21:34,907 - INFO - === PASO 3: INICIAR SESIÓN ===
2025-11-26 16:21:34,907 - INFO - === MÓDULO 2: INICIO SESIÓN ===
2025-11-26 16:21:36,366 - INFO - Accediendo a: http://urgtorbs6dlk:8080/engage-unicomer-web/
2025-11-26 16:21:36,595 - INFO - Credenciales ingresadas
2025-11-26 16:21:41,895 - INFO - Formulario enviado
2025-11-26 16:21:43,969 - INFO - Screenshot capturado: 01_login_resultado.png
2025-11-26 16:21:43,980 - ERROR - Login falló
2025-11-26 16:21:43,982 - ERROR - Error en inicio de sesión - No se puede continuar con automatización
2025-11-26 16:21:43,984 - INFO - Como no hay cotizaciones procesadas, saltando generación de reportes
2025-11-26 16:21:43,984 - INFO - Limpiando recursos...
2025-11-26 16:21:43,985 - INFO - Eliminando screenshots residuales...
2025-11-26 16:21:43,992 - INFO - 1 screenshots residuales eliminados
2025-11-26 16:21:48,681 - INFO - Navegador cerrado
2025-11-26 16:21:48,681 - INFO - Limpieza de recursos completada
2025-11-26 16:21:48,682 - INFO - === AUTOMATIZACIÓN FINALIZADA ===
2025-11-26 16:32:52,617 - INFO - Log guardándose en: logs\automatizacion_20251126.log
2025-11-26 16:32:52,618 - INFO -  === AUTOMATIZACIÓN MODULAR INICIADA ===
2025-11-26 16:32:52,618 - INFO - Archivo: productos_avanzado.xlsx
2025-11-26 16:32:52,619 - INFO - === PASO 1: LECTURA EXCEL ===
2025-11-26 16:32:52,619 - INFO - === MÓDULO 1: LECTURA EXCEL ===
2025-11-26 16:32:52,620 - INFO - Archivo: productos_avanzado.xlsx
2025-11-26 16:32:52,736 - INFO - Columnas encontradas: ['cotizacion_id', 'codigo', 'descripcion', 'cantidad', 'con_garantia', 'descuento_empleado', 'con_creditos', 'entrega_cliente', 'COTIZACION', 'ESTADO', 'FECHA_PROCESADO', 'ARCHIVO_WORD', 'tipo_entrega']
2025-11-26 16:32:52,820 - INFO - Se encontraron 2 cotizaciones
2025-11-26 16:32:52,820 - INFO - Cotización 1: 2 productos
2025-11-26 16:32:52,821 - INFO - Cotización 2: 2 productos
2025-11-26 16:32:52,821 - INFO - === PASO 2: INICIALIZAR NAVEGADOR ===
2025-11-26 16:33:03,745 - INFO - Navegador Firefox inicializado con configuración limpia
2025-11-26 16:33:03,746 - INFO - === PASO 3: INICIAR SESIÓN ===
2025-11-26 16:33:03,747 - INFO - === MÓDULO 2: INICIO SESIÓN ===
2025-11-26 16:33:05,815 - INFO - Accediendo a: http://ursvtols8b3c:8080/engage-unicomer-web/
2025-11-26 16:33:06,020 - INFO - Credenciales ingresadas
2025-11-26 16:33:09,330 - INFO - Formulario enviado
2025-11-26 16:33:11,437 - INFO - Screenshot capturado: 01_login_resultado.png
2025-11-26 16:33:11,447 - INFO - Login exitoso - URL cambió
2025-11-26 16:33:11,449 - INFO - 
🔄 PROCESANDO COTIZACIÓN 1/2: 1
2025-11-26 16:33:11,450 - INFO - === PASO 4: INICIAR ORDEN DE COMPRA ===
2025-11-26 16:33:11,451 - INFO - Buscando botón 'Comience una Orden de Compra'...
2025-11-26 16:33:11,538 - INFO - Screenshot capturado: C1_02_dashboard.png
2025-11-26 16:33:11,539 - INFO - Intentando selector 1: /html/body/div[2]/div[4]/div/div/div[1]/a[1]/input
2025-11-26 16:33:11,539 - INFO - Esperando que botón orden selector 1 sea visible (timeout: 300s, se reinicia con progreso)...
2025-11-26 16:33:11,776 - INFO - PROGRESO: botón orden selector 1 visible - REINICIANDO timeout
2025-11-26 16:33:11,813 - INFO - OK - botón orden selector 1 listo después de 0.0s
2025-11-26 16:33:12,379 - INFO - Click exitoso en botón orden selector 1
2025-11-26 16:33:13,495 - INFO - Screenshot capturado: C1_04_formulario_orden.png
2025-11-26 16:33:13,496 - INFO - Click realizado en botón orden
2025-11-26 16:33:13,498 - INFO - Configuración - Garantías: SI, Descuento: NO, Créditos: NO, Entrega: SI, Tipo Entrega: cliente llevará
2025-11-26 16:33:13,499 - INFO - === PASO 5: EXTRAER NÚMERO COTIZACIÓN ===
2025-11-26 16:33:13,500 - INFO - === EXTRAYENDO NÚMERO DE COTIZACIÓN INICIAL ===
2025-11-26 16:33:15,533 - INFO - Número encontrado con selector: li.quotationNumberTitle p:last-child
2025-11-26 16:33:15,535 - INFO - Número de cotización: 11609212250004
2025-11-26 16:33:15,536 - INFO - Número base extraído: 11609212250004
2025-11-26 16:33:15,537 - INFO - Número único generado: 11609212250004_5536
2025-11-26 16:33:15,538 - INFO - === PASO 6: AGREGAR ITEMS ===
2025-11-26 16:33:15,539 - INFO - --- ITEM 1/2 ---
2025-11-26 16:33:15,541 - INFO - === MÓDULO 3: AGREGAR ITEM 1 ===
2025-11-26 16:33:15,542 - INFO - Código: 461431200016, Cantidad: 1
2025-11-26 16:33:15,546 - INFO - Esperando que campo búsqueda item 1 sea visible (timeout: 300s, se reinicia con progreso)...
2025-11-26 16:33:15,586 - INFO - PROGRESO: campo búsqueda item 1 visible - REINICIANDO timeout
2025-11-26 16:33:15,640 - INFO - OK - campo búsqueda item 1 listo después de 0.0s
2025-11-26 16:33:15,834 - INFO - Código 461431200016 ingresado en campo búsqueda
2025-11-26 16:33:15,891 - INFO - Enter enviado para búsqueda
2025-11-26 16:33:17,683 - INFO - Mensaje informativo (ignorado): Error
close
ERROR TO OBTAIN THE PARAMATER: permitirNoInventariadosSeguros...
2025-11-26 16:33:17,683 - INFO - Item 461431200016 procesado correctamente
2025-11-26 16:33:17,684 - INFO - === MÓDULO 4: GARANTÍAS ITEM 1 ===
2025-11-26 16:33:17,685 - INFO - Garantía: AGREGAR
2025-11-26 16:33:18,795 - INFO - Screenshot capturado: C1_07_pantalla_garantias_01.png
2025-11-26 16:33:24,844 - INFO - Botón Add encontrado: //button[contains(@class, 'btn-success') and contains(text(), 'Add')]
2025-11-26 16:33:24,868 - INFO - Click en Añadir garantía
2025-11-26 16:33:27,106 - INFO - Encontradas 6 opciones de garantía
2025-11-26 16:33:27,244 - INFO - Garantía seleccionada - precio: $82.25
2025-11-26 16:33:28,275 - INFO - Clic en botón final para garantía con precio
2025-11-26 16:33:29,363 - INFO - Screenshot capturado: C1_08_garantia_procesada_01.png
2025-11-26 16:33:30,585 - INFO - Screenshot capturado: C1_06_item_con_garantias_procesadas_01.png
2025-11-26 16:33:30,586 - INFO - Garantías procesadas para item 1
2025-11-26 16:33:30,587 - INFO - --- ITEM 2/2 ---
2025-11-26 16:33:30,588 - INFO - === MÓDULO 3: AGREGAR ITEM 2 ===
2025-11-26 16:33:30,589 - INFO - Código: 439766400005, Cantidad: 1
2025-11-26 16:33:30,590 - INFO - Esperando que campo búsqueda item 2 sea visible (timeout: 300s, se reinicia con progreso)...
2025-11-26 16:33:30,663 - INFO - PROGRESO: campo búsqueda item 2 visible - REINICIANDO timeout
2025-11-26 16:33:30,719 - INFO - OK - campo búsqueda item 2 listo después de 0.0s
2025-11-26 16:33:30,815 - INFO - Código 439766400005 ingresado en campo búsqueda
2025-11-26 16:33:30,862 - INFO - Enter enviado para búsqueda
2025-11-26 16:33:34,866 - INFO - Mensaje informativo (ignorado): Error
close
ERROR TO OBTAIN THE PARAMATER: permitirNoInventariadosSeguros...
2025-11-26 16:33:34,868 - INFO - Item 439766400005 procesado correctamente
2025-11-26 16:33:34,869 - INFO - === MÓDULO 4: GARANTÍAS ITEM 2 ===
2025-11-26 16:33:34,869 - INFO - Garantía: AGREGAR
2025-11-26 16:33:35,963 - INFO - Screenshot capturado: C1_07_pantalla_garantias_02.png
2025-11-26 16:33:42,029 - INFO - Botón Add encontrado: //button[contains(@class, 'btn-success') and contains(text(), 'Add')]
2025-11-26 16:33:42,053 - INFO - Click en Añadir garantía
2025-11-26 16:33:44,070 - INFO - Encontradas 6 opciones de garantía
2025-11-26 16:33:44,121 - INFO - Garantía seleccionada - precio: $212.50
2025-11-26 16:33:45,158 - INFO - Clic en botón final para garantía con precio
2025-11-26 16:33:46,248 - INFO - Screenshot capturado: C1_08_garantia_procesada_02.png
2025-11-26 16:33:47,334 - INFO - Screenshot capturado: C1_06_item_con_garantias_procesadas_02.png
2025-11-26 16:33:47,336 - INFO - Garantías procesadas para item 2
2025-11-26 16:33:47,338 - INFO - === PASO 7: ENLAZAR CUSTOMER ===
2025-11-26 16:33:47,339 - INFO - === MÓDULO 5: ENLAZAR CUSTOMER ===
2025-11-26 16:33:47,419 - INFO - Screenshot capturado: C1_12_antes_enlazar_cliente.png
2025-11-26 16:33:52,476 - INFO - Enlace cliente encontrado: /html/body/div[2]/div[3]/div[28]/div[3]/h4/a
2025-11-26 16:33:52,535 - INFO - Click en enlace cliente
2025-11-26 16:33:55,598 - INFO - Screenshot capturado: C1_13_formulario_cliente.png
2025-11-26 16:33:56,933 - INFO - Cliente 057874256 ingresado
2025-11-26 16:33:58,012 - INFO - Screenshot capturado: C1_14_cliente_ingresado.png
2025-11-26 16:33:58,911 - INFO - Primer Next
2025-11-26 16:34:02,144 - INFO - Screenshot capturado: C1_15_primer_next.png
2025-11-26 16:34:07,684 - INFO - Segundo Next
2025-11-26 16:34:10,852 - INFO - Screenshot capturado: C1_16_segundo_next.png
2025-11-26 16:34:10,853 - INFO - Customer enlazado exitosamente
2025-11-26 16:34:10,854 - INFO - === PASO 8: CONFIGURAR ENTREGA ===
2025-11-26 16:34:10,855 - INFO - === MÓDULO 6: DESPACHO/ENTREGA ===
2025-11-26 16:34:10,856 - INFO - Despacho/Entrega: CONFIGURAR
2025-11-26 16:34:10,858 - INFO - Tipo de entrega: cliente llevará
2025-11-26 16:34:11,045 - INFO - Screenshot capturado: C1_17_antes_entrega_cliente.png
2025-11-26 16:34:11,046 - INFO - Paso 1: Buscando botón Transaction Options
2025-11-26 16:34:14,100 - INFO - ✓ Transaction Options encontrado con: transactionOptionsBtn
2025-11-26 16:34:14,134 - INFO - Click en Transaction Options exitoso
2025-11-26 16:34:17,302 - INFO - Screenshot capturado: C1_18_menu_transaction_options.png
2025-11-26 16:34:17,303 - INFO - Paso 2: Seleccionando opción de entrega
2025-11-26 16:34:17,411 - INFO - Opción de entrega seleccionada
2025-11-26 16:34:20,601 - INFO - Screenshot capturado: C1_19_formulario_entrega.png
2025-11-26 16:34:20,602 - INFO - Paso 3: Llenando datos del formulario
2025-11-26 16:34:20,813 - INFO - Nombre 1 ingresado: ELISEO AMILCAR LOPEZ + Enter
2025-11-26 16:34:22,002 - INFO - Nombre 2 ingresado: MARGARITA PORTILLO DE LOPEZ + Enter
2025-11-26 16:34:23,308 - INFO - ✓ Campo adicional (div[4]) ingresado: ELISEO LOPEZ + Enter
2025-11-26 16:34:24,318 - INFO - Paso 4: Configurando select MADRE
2025-11-26 16:34:24,708 - INFO - Select MADRE abierto
2025-11-26 16:34:26,572 - INFO - ✓ Opción MADRE seleccionada
2025-11-26 16:34:27,574 - INFO - Paso 4B: Configurando transportador (relationship)
2025-11-26 16:34:27,858 - INFO - ✓ Select TRANSPORTADOR abierto con: /html/body/div[2]/form/div[1]/div/div[2]/div[6]/span[2]/span/a
2025-11-26 16:34:29,162 - INFO - ✓ Opción TRANSPORTADOR seleccionada
2025-11-26 16:34:30,166 - INFO - Paso 5: Configurando tipo de entrega: cliente llevará
2025-11-26 16:34:30,524 - INFO - ✓ Select TIPO ENTREGA abierto
2025-11-26 16:34:31,801 - INFO - ✓ Tipo entrega seleccionado: Cliente llevará (Cliente Recoge)
2025-11-26 16:34:33,804 - INFO - Paso 6: Configurando lugar de salida (Bodega Nejapa)
2025-11-26 16:34:33,985 - INFO - ✓ Texto escrito: BODEGA 94 NEJAPA
2025-11-26 16:34:36,251 - INFO - ✓ Opción clickeada del dropdown: BODEGA 94 NEJAPA
2025-11-26 16:34:41,259 - INFO - ℹ️ No se requiere OK para lugar de salida
2025-11-26 16:34:43,262 - INFO - Paso 7: Configurando transporte (11094 - BODEGA 94 NEJAPA)
2025-11-26 16:34:45,308 - INFO - ✓ Caja de texto del transporte encontrada
2025-11-26 16:34:46,182 - INFO - ✓ Texto escrito: BODEGA 94 NEJAPA
2025-11-26 16:34:47,184 - INFO - -Buscando opción '11094 - BODEGA 94 NEJAPA' en dropdown...
2025-11-26 16:34:47,188 - INFO - Intentando con selector: //li[@class='ui-menu-item']//a[contains(text(), '11094 - BODEGA 94 NEJAPA')]
2025-11-26 16:34:48,285 - INFO - Intentando con selector: //li[@role='menuitem']//a[contains(text(), '11094 - BODEGA 94 NEJAPA')]
2025-11-26 16:34:49,354 - INFO - Intentando con selector: //li[contains(@class, 'ui-menu-item')]//a[contains(text(), 'BODEGA 94 NEJAPA')]
2025-11-26 16:34:50,414 - INFO - Intentando con selector: //ul[contains(@class, 'ui-autocomplete')]//a[contains(text(), '11094')]
2025-11-26 16:34:51,490 - INFO - Intentando con selector: //a[@class='ui-corner-all'][contains(text(), '11094 - BODEGA 94 NEJAPA')]
2025-11-26 16:34:52,562 - INFO - Intentando con selector: /html/body/ul[4]/li/a
2025-11-26 16:34:53,632 - INFO - 🔄 Fallback: Usando flecha abajo + Enter...
2025-11-26 16:34:54,205 - INFO - ✓ Flecha abajo + Enter ejecutado
2025-11-26 16:34:55,243 - INFO - 🔍 Verificación final: Input='11094 - BODEGA 94 NEJAPA', Select='11094'
2025-11-26 16:34:55,244 - INFO - ✅ TRANSPORTE CONFIGURADO EXITOSAMENTE
2025-11-26 16:34:58,246 - INFO - Paso 8: Agregando instrucciones
2025-11-26 16:35:03,596 - WARNING - Error agregando instrucciones: Message: Unable to locate element: //*[@id='instructions']; For documentation on this error, please visit: https://www.selenium.dev/documentation/webdriver/troubleshooting/errors#nosuchelementexception
Stacktrace:
RemoteError@chrome://remote/content/shared/RemoteError.sys.mjs:8:8
WebDriverError@chrome://remote/content/shared/webdriver/Errors.sys.mjs:187:5
NoSuchElementError@chrome://remote/content/shared/webdriver/Errors.sys.mjs:505:5
element.find/</<@chrome://remote/content/marionette/element.sys.mjs:135:16

2025-11-26 16:35:03,597 - INFO - Paso 9: Enviando formulario de entrega
2025-11-26 16:35:08,615 - WARNING - Error enviando formulario: Message: Unable to locate element: /html/body/div[2]/form/div[2]/button; For documentation on this error, please visit: https://www.selenium.dev/documentation/webdriver/troubleshooting/errors#nosuchelementexception
Stacktrace:
RemoteError@chrome://remote/content/shared/RemoteError.sys.mjs:8:8
WebDriverError@chrome://remote/content/shared/webdriver/Errors.sys.mjs:187:5
NoSuchElementError@chrome://remote/content/shared/webdriver/Errors.sys.mjs:505:5
element.find/</<@chrome://remote/content/marionette/element.sys.mjs:135:16

2025-11-26 16:35:08,616 - WARNING - ⚠️ Error en despacho, continuando...
2025-11-26 16:35:08,617 - INFO - === PASO 9: DESCUENTO EMPLEADO ===
2025-11-26 16:35:08,617 - INFO - Modulo_7_aplicar_credito: DESHABILITADO
2025-11-26 16:35:08,618 - INFO - === PASO 10: CRÉDITOS ===
2025-11-26 16:35:08,618 - INFO - Modulo_8_aplicar_descuento_empleado: DESHABILITADO
2025-11-26 16:35:08,619 - INFO - === PASO 11: FINALIZAR COTIZACIÓN ===
2025-11-26 16:35:08,619 - INFO - === FINALIZANDO COTIZACIÓN ===
2025-11-26 16:35:08,787 - INFO - Screenshot capturado: C1_17_antes_finalizar.png
2025-11-26 16:35:10,789 - INFO - PASO 1: Click en botón finalizar
2025-11-26 16:35:13,820 - INFO - ✓ Botón finalizar encontrado con: /html/body/div[2]/div[4]/div/div/div[3]/form[1]/button
2025-11-26 16:35:13,969 - INFO - Screenshot capturado: C1_18_antes_finalizar.png
2025-11-26 16:35:13,970 - INFO - 🔧 Preservando datos de sesión...
2025-11-26 16:35:13,982 - INFO - 📝 Sesión preservada - OrderID: undefined, SessionData: 
2025-11-26 16:35:14,023 - INFO - ✓ Click en botón finalizar exitoso
2025-11-26 16:35:17,040 - INFO - 🖨️ Elementos printer encontrados: 10
2025-11-26 16:35:17,078 - INFO -   Elemento 1: tag=form, id=printForm, class=
2025-11-26 16:35:17,125 - INFO -   Elemento 2: tag=div, id=, class=printingBox
2025-11-26 16:35:17,179 - INFO -   Elemento 3: tag=input, id=printerGroup, class=printerRadioButton btnFloatRight
2025-11-26 16:35:17,230 - INFO -   Elemento 4: tag=input, id=printerName0, class=
2025-11-26 16:35:17,274 - INFO -   Elemento 5: tag=input, id=printerLocation0, class=
2025-11-26 16:35:17,299 - INFO - 📋 Modales encontrados: 195
2025-11-26 16:35:17,340 - INFO -   Modal 1: tag=div, id=itemInquiryDialog, visible=False
2025-11-26 16:35:17,377 - INFO -   Modal 2: tag=div, id=, visible=False
2025-11-26 16:35:17,409 - INFO -   Modal 3: tag=div, id=, visible=False
2025-11-26 16:35:17,418 - INFO - 📝 Formularios encontrados: 51
2025-11-26 16:35:17,419 - INFO - 🔍 MONITOREANDO ESTADO POST-SAVE...
2025-11-26 16:35:18,426 - INFO - 📍 Segundo 1: URL = http://ursvtols8b3c:8080/engage-unicomer-web/saleOrder/saveAndPrint
2025-11-26 16:35:18,434 - INFO - 📄 Segundo 1: Título = Grupo Unicomer
2025-11-26 16:35:20,277 - INFO - 🔘 Segundo 1: Botones visibles = ['Search', 'Item Inquiry', 'Transaction Options', 'Save & Print', 'Save']
2025-11-26 16:35:20,303 - INFO - 🖨️ Segundo 1: Printer Group encontrado! Visible=True
2025-11-26 16:35:20,304 - INFO - ✅ PRINTER GROUP DISPONIBLE - Procediendo a hacer click...
2025-11-26 16:35:35,644 - INFO - ✓ Default Printer seleccionado: //input[@type='radio' and following-sibling::form//span[text()='Default Printer']]
2025-11-26 16:35:36,678 - INFO - 🖨️ Botón print encontrado: //button[@id='defaultSubmitPrintButton']
2025-11-26 16:35:36,714 - INFO - ✅ CLICK EN BOTÓN IMPRIMIR EXITOSO
2025-11-26 16:35:41,858 - INFO - ℹ️ No se requiere confirmación adicional
2025-11-26 16:35:41,936 - INFO - Screenshot capturado: C1_21_print_completado.png
2025-11-26 16:35:41,938 - INFO - ✅ Finalización exitosa
2025-11-26 16:35:41,942 - INFO - === PASO 12: GENERAR REPORTE INDIVIDUAL ===
2025-11-26 16:35:41,948 - INFO - Generando reporte para cotización 1 con número 11609212250004
2025-11-26 16:35:41,949 - INFO - Screenshots disponibles: 20
2025-11-26 16:35:41,950 - INFO - 🔄 Generando reporte para cotización 1: 11609212250004
2025-11-26 16:35:42,155 - INFO - Excel actualizado - Cotización 1: 11609212250004
2025-11-26 16:35:42,761 - INFO - Reporte ejecutivo generado: Reporte_cotizacion_11609212250004.docx
2025-11-26 16:35:42,763 - INFO - Archivo verificado: 1681761 bytes
2025-11-26 16:35:42,765 - INFO - Reporte Word generado exitosamente para cotización 1
2025-11-26 16:35:42,765 - INFO - Iniciando limpieza de screenshots después de generar reporte
2025-11-26 16:35:42,769 - INFO - Screenshot eliminado: 01_login_resultado.png
2025-11-26 16:35:42,775 - INFO - Screenshot eliminado: C1_02_dashboard.png
2025-11-26 16:35:42,780 - INFO - Screenshot eliminado: C1_04_formulario_orden.png
2025-11-26 16:35:42,783 - INFO - Screenshot eliminado: C1_07_pantalla_garantias_01.png
2025-11-26 16:35:42,787 - INFO - Screenshot eliminado: C1_08_garantia_procesada_01.png
2025-11-26 16:35:42,790 - INFO - Screenshot eliminado: C1_06_item_con_garantias_procesadas_01.png
2025-11-26 16:35:42,794 - INFO - Screenshot eliminado: C1_07_pantalla_garantias_02.png
2025-11-26 16:35:42,798 - INFO - Screenshot eliminado: C1_08_garantia_procesada_02.png
2025-11-26 16:35:42,801 - INFO - Screenshot eliminado: C1_06_item_con_garantias_procesadas_02.png
2025-11-26 16:35:42,805 - INFO - Screenshot eliminado: C1_12_antes_enlazar_cliente.png
2025-11-26 16:35:42,809 - INFO - Screenshot eliminado: C1_13_formulario_cliente.png
2025-11-26 16:35:42,812 - INFO - Screenshot eliminado: C1_14_cliente_ingresado.png
2025-11-26 16:35:42,815 - INFO - Screenshot eliminado: C1_15_primer_next.png
2025-11-26 16:35:42,819 - INFO - Screenshot eliminado: C1_16_segundo_next.png
2025-11-26 16:35:42,823 - INFO - Screenshot eliminado: C1_17_antes_entrega_cliente.png
2025-11-26 16:35:42,827 - INFO - Screenshot eliminado: C1_18_menu_transaction_options.png
2025-11-26 16:35:42,831 - INFO - Screenshot eliminado: C1_19_formulario_entrega.png
2025-11-26 16:35:42,834 - INFO - Screenshot eliminado: C1_17_antes_finalizar.png
2025-11-26 16:35:42,837 - INFO - Screenshot eliminado: C1_18_antes_finalizar.png
2025-11-26 16:35:42,841 - INFO - Screenshot eliminado: C1_21_print_completado.png
2025-11-26 16:35:42,842 - INFO - 20 screenshots eliminados para esta cotización
2025-11-26 16:35:42,843 - INFO - Cotización 1 completada: 11609212250004
2025-11-26 16:35:44,844 - INFO - 
🔄 PROCESANDO COTIZACIÓN 2/2: 2
2025-11-26 16:35:44,845 - INFO - === PASO 4: INICIAR ORDEN DE COMPRA ===
2025-11-26 16:35:44,846 - INFO - Buscando botón 'Comience una Orden de Compra'...
2025-11-26 16:35:45,043 - INFO - Screenshot capturado: C2_02_dashboard.png
2025-11-26 16:35:45,044 - INFO - Intentando selector 1: /html/body/div[2]/div[4]/div/div/div[1]/a[1]/input
2025-11-26 16:35:45,045 - INFO - Esperando que botón orden selector 1 sea visible (timeout: 300s, se reinicia con progreso)...
2025-11-26 16:35:50,583 - INFO - Esperando botón orden selector 1... Sin progreso: 0s, Total: 0s, Queda: 300s
2025-11-26 16:36:51,351 - INFO - Esperando botón orden selector 1... Sin progreso: 61s, Total: 61s, Queda: 239s
2025-11-26 16:38:36,277 - INFO - Esperando botón orden selector 1... Sin progreso: 166s, Total: 166s, Queda: 134s
2025-11-26 16:40:21,068 - INFO - Esperando botón orden selector 1... Sin progreso: 271s, Total: 271s, Queda: 29s
2025-11-26 16:40:48,640 - WARNING - Sin progreso en botón orden selector 1 por 300s - QUITANDO elemento y continuando
2025-11-26 16:40:48,641 - INFO - Total transcurrido: 303.6s
2025-11-26 16:40:48,641 - WARNING - QUITANDO: botón orden selector 1 - Sin progreso por 300s, continuando sin él
2025-11-26 16:40:48,642 - INFO - Selector 1 quitado por falta de progreso, probando siguiente...
2025-11-26 16:40:48,642 - ERROR - Ningún selector de botón orden funcionó - todos fueron quitados por timeout
2025-11-26 16:40:48,643 - WARNING - No se pudo iniciar orden de compra para cotización 2 - continuando con siguiente
2025-11-26 16:40:48,643 - INFO - === PASO 13: CREAR REPORTES FINALES ===
2025-11-26 16:40:48,643 - INFO - === REPORTE FINAL ===
2025-11-26 16:40:48,644 - INFO - Excel ya fue actualizado individualmente por cotización
2025-11-26 16:40:48,644 - INFO - Reportes Word ya fueron generados individualmente
2025-11-26 16:40:48,653 - INFO - Reportes encontrados: 1
2025-11-26 16:40:48,653 - INFO - === RESUMEN FINAL ===
2025-11-26 16:40:48,657 - INFO -  PROCESO MODULAR COMPLETADO
2025-11-26 16:40:48,657 - INFO - Cotizaciones procesadas: 1
2025-11-26 16:40:48,658 - INFO - Excel: productos_avanzado.xlsx
2025-11-26 16:40:48,659 - INFO - 📑 Word: ['Reporte_cotizacion_11609212250004.docx']
2025-11-26 16:40:48,661 - INFO - Navegador abierto por 60 segundos...
2025-11-26 16:40:50,664 - INFO - Limpiando recursos...
2025-11-26 16:40:50,666 - INFO - Eliminando screenshots residuales...
2025-11-26 16:40:50,669 - INFO - 1 screenshots residuales eliminados
2025-11-26 16:40:54,761 - INFO - Navegador cerrado
2025-11-26 16:40:54,762 - INFO - Limpieza de recursos completada
2025-11-26 16:40:54,762 - INFO - === AUTOMATIZACIÓN FINALIZADA ===
