2025-12-03 09:49:05,429 - INFO - Log guardándose en: logs\automatizacion_20251203.log
2025-12-03 09:49:05,430 - INFO -  === AUTOMATIZACIÓN MODULAR INICIADA ===
2025-12-03 09:49:05,430 - INFO - Archivo: productos.xlsx
2025-12-03 09:49:05,430 - INFO - === PASO 1: LECTURA EXCEL ===
2025-12-03 09:49:05,431 - INFO - === MÓDULO 1: LECTURA EXCEL ===
2025-12-03 09:49:05,431 - INFO - Archivo: productos.xlsx
2025-12-03 09:49:05,540 - INFO - Columnas encontradas: ['PROCESS', 'cotizacion_id', 'codigo', 'descripcion', 'cantidad', 'con_garantia', 'descuento_empleado', 'con_creditos', 'entrega_cliente', 'COTIZACION', 'ESTADO', 'FECHA_PROCESADO', 'ARCHIVO_WORD', 'tipo_entrega', 'empleado_id']
2025-12-03 09:49:05,636 - INFO - Se encontraron 2 cotizaciones
2025-12-03 09:49:05,637 - INFO - Cotización 1: 2 productos
2025-12-03 09:49:05,638 - INFO - Cotización 2: 3 productos
2025-12-03 09:49:05,638 - INFO - === PASO 2: INICIALIZAR NAVEGADOR ===
2025-12-03 09:49:16,831 - INFO - Navegador Firefox inicializado con configuración limpia
2025-12-03 09:49:16,832 - INFO - === PASO 3: INICIAR SESIÓN ===
2025-12-03 09:49:16,833 - INFO - === MÓDULO 2: INICIO SESIÓN ===
2025-12-03 09:49:19,391 - INFO - Accediendo a: http://ursvtols8b3c:8080/engage-unicomer-web/
2025-12-03 09:49:19,580 - INFO - Credenciales ingresadas
2025-12-03 09:49:21,467 - INFO - Formulario enviado
2025-12-03 09:49:23,585 - INFO - Screenshot capturado: 01_login_resultado.png
2025-12-03 09:49:23,603 - INFO - Login exitoso - URL cambió
2025-12-03 09:49:23,604 - INFO - 
🔄 PROCESANDO COTIZACIÓN 1/2: 1
2025-12-03 09:49:23,604 - INFO - === PASO 4: INICIAR ORDEN DE COMPRA ===
2025-12-03 09:49:23,605 - INFO - Buscando botón 'Comience una Orden de Compra'...
2025-12-03 09:49:23,725 - INFO - Screenshot capturado: C1_02_dashboard.png
2025-12-03 09:49:23,726 - INFO - Intentando selector 1: /html/body/div[2]/div[4]/div/div/div[1]/a[1]/input
2025-12-03 09:49:23,726 - INFO - Esperando que botón orden selector 1 sea visible (timeout: 300s, se reinicia con progreso)...
2025-12-03 09:49:23,978 - INFO - PROGRESO: botón orden selector 1 visible - REINICIANDO timeout
2025-12-03 09:49:24,005 - INFO - OK - botón orden selector 1 listo después de 0.0s
2025-12-03 09:49:24,566 - INFO - Click exitoso en botón orden selector 1
2025-12-03 09:49:25,663 - INFO - Screenshot capturado: C1_04_formulario_orden.png
2025-12-03 09:49:25,664 - INFO - Click realizado en botón orden
2025-12-03 09:49:25,665 - INFO - Configuración - Garantías: NO, Descuento: SI, Créditos: NO, Entrega: NO, Tipo Entrega: cliente llevará
2025-12-03 09:49:25,665 - INFO - === PASO 5: EXTRAER NÚMERO COTIZACIÓN ===
2025-12-03 09:49:25,666 - INFO - === EXTRAYENDO NÚMERO DE COTIZACIÓN INICIAL ===
2025-12-03 09:49:27,739 - INFO - Número encontrado con selector: li.quotationNumberTitle p:last-child
2025-12-03 09:49:27,740 - INFO - Número de cotización: 11609240250002
2025-12-03 09:49:27,742 - INFO - Número base extraído: 11609240250002
2025-12-03 09:49:27,743 - INFO - Número único generado: 11609240250002_7742
2025-12-03 09:49:27,744 - INFO - === PASO 6: AGREGAR ITEMS ============================================================================
2025-12-03 09:49:27,745 - INFO - --- ITEM 1/2 ---
2025-12-03 09:49:27,745 - INFO - === MÓDULO 3: AGREGAR ITEM 1 ===
2025-12-03 09:49:27,746 - INFO - Código: 461431200016, Cantidad: 1
2025-12-03 09:49:27,747 - INFO - Esperando que campo búsqueda item 1 sea visible (timeout: 300s, se reinicia con progreso)...
2025-12-03 09:49:27,780 - INFO - PROGRESO: campo búsqueda item 1 visible - REINICIANDO timeout
2025-12-03 09:49:27,814 - INFO - OK - campo búsqueda item 1 listo después de 0.0s
2025-12-03 09:49:27,910 - INFO - Código 461431200016 ingresado en campo búsqueda
2025-12-03 09:49:27,949 - INFO - Enter enviado para búsqueda
2025-12-03 09:49:31,465 - INFO - Mensaje informativo (ignorado): Error
close
ERROR TO OBTAIN THE PARAMATER: permitirNoInventariadosSeguros...
2025-12-03 09:49:31,466 - INFO - Item 461431200016 procesado correctamente
2025-12-03 09:49:31,466 - INFO - === MÓDULO 4: GARANTÍAS ITEM 1 ===
2025-12-03 09:49:31,467 - INFO - Garantía: RECHAZAR
2025-12-03 09:49:32,563 - INFO - Screenshot capturado: C1_07_pantalla_garantias_01.png
2025-12-03 09:49:38,593 - INFO - Botón No Thanks encontrado - rechazando garantía
2025-12-03 09:49:38,620 - INFO - Click en No Thanks
2025-12-03 09:49:39,698 - INFO - Screenshot capturado: C1_06_item_con_garantias_procesadas_01.png
2025-12-03 09:49:39,701 - INFO - Garantías procesadas para item 1
2025-12-03 09:49:39,702 - INFO - --- ITEM 2/2 ---
2025-12-03 09:49:39,703 - INFO - === MÓDULO 3: AGREGAR ITEM 2 ===
2025-12-03 09:49:39,704 - INFO - Código: 439766400005, Cantidad: 1
2025-12-03 09:49:39,705 - INFO - Esperando que campo búsqueda item 2 sea visible (timeout: 300s, se reinicia con progreso)...
2025-12-03 09:49:39,742 - INFO - PROGRESO: campo búsqueda item 2 visible - REINICIANDO timeout
2025-12-03 09:49:39,786 - INFO - OK - campo búsqueda item 2 listo después de 0.0s
2025-12-03 09:49:39,953 - INFO - Código 439766400005 ingresado en campo búsqueda
2025-12-03 09:49:40,035 - INFO - Enter enviado para búsqueda
2025-12-03 09:49:47,896 - INFO - Mensaje informativo (ignorado): Error
close
ERROR TO OBTAIN THE PARAMATER: permitirNoInventariadosSeguros...
2025-12-03 09:49:47,897 - INFO - Item 439766400005 procesado correctamente
2025-12-03 09:49:47,898 - INFO - === MÓDULO 4: GARANTÍAS ITEM 2 ===
2025-12-03 09:49:47,899 - INFO - Garantía: RECHAZAR
2025-12-03 09:49:49,004 - INFO - Screenshot capturado: C1_07_pantalla_garantias_02.png
2025-12-03 09:49:55,036 - INFO - Botón No Thanks encontrado - rechazando garantía
2025-12-03 09:49:55,062 - INFO - Click en No Thanks
2025-12-03 09:49:56,145 - INFO - Screenshot capturado: C1_06_item_con_garantias_procesadas_02.png
2025-12-03 09:49:56,146 - INFO - Garantías procesadas para item 2
2025-12-03 09:49:56,146 - INFO - === PASO 7: ENLAZAR CUSTOMER ==========================================================================
2025-12-03 09:49:56,147 - INFO - === MÓDULO 5: ENLAZAR CUSTOMER ===
2025-12-03 09:49:56,215 - INFO - Screenshot capturado: C1_12_antes_enlazar_cliente.png
2025-12-03 09:50:01,257 - INFO - Enlace cliente encontrado: /html/body/div[2]/div[3]/div[28]/div[3]/h4/a
2025-12-03 09:50:01,295 - INFO - Click en enlace cliente
2025-12-03 09:50:04,368 - INFO - Screenshot capturado: C1_13_formulario_cliente.png
2025-12-03 09:50:05,759 - INFO - Cliente 057874256 ingresado
2025-12-03 09:50:06,833 - INFO - Screenshot capturado: C1_14_cliente_ingresado.png
2025-12-03 09:50:07,734 - INFO - Primer Next
2025-12-03 09:50:10,831 - INFO - Screenshot capturado: C1_15_primer_next.png
2025-12-03 09:50:13,349 - INFO - Segundo Next
2025-12-03 09:50:16,462 - INFO - Screenshot capturado: C1_16_segundo_next.png
2025-12-03 09:50:16,463 - INFO - Customer enlazado exitosamente
2025-12-03 09:50:16,464 - INFO - === PASO 10: CRÉDITOS =============================================================================
2025-12-03 09:50:16,466 - INFO - === MÓDULO 8: APLICAR DESCUENTO EMPLEADO ==========================================================
2025-12-03 09:50:19,191 - INFO - Buscando input de porcentaje (IDs duplicados)...
2025-12-03 09:50:29,233 - INFO - Porcentaje aplicado correctamente en el modal visible (10%)
2025-12-03 09:50:30,276 - INFO - Descuento confirmado vía JS
2025-12-03 09:50:30,277 - INFO - === PASO 11: FINALIZAR COTIZACIÓN ===
2025-12-03 09:50:30,278 - INFO - === FINALIZANDO COTIZACIÓN ===
2025-12-03 09:50:30,375 - INFO - Screenshot capturado: C1_17_antes_finalizar.png
2025-12-03 09:50:32,377 - INFO - PASO 1: Click en botón finalizar
2025-12-03 09:50:35,415 - INFO - ✓ Botón finalizar encontrado con: /html/body/div[2]/div[4]/div/div/div[3]/form[1]/button
2025-12-03 09:50:35,492 - INFO - Screenshot capturado: C1_18_antes_finalizar.png
2025-12-03 09:50:35,494 - INFO - 🔧 Preservando datos de sesión...
2025-12-03 09:50:35,510 - INFO - 📝 Sesión preservada - OrderID: undefined, SessionData: 
2025-12-03 09:50:35,531 - INFO - ✓ Click en botón finalizar exitoso
2025-12-03 09:50:38,546 - INFO - 🖨️ Elementos printer encontrados: 6
2025-12-03 09:50:38,583 - INFO -   Elemento 1: tag=form, id=printForm, class=
2025-12-03 09:50:38,625 - INFO -   Elemento 2: tag=div, id=, class=printingBox
2025-12-03 09:50:38,662 - INFO -   Elemento 3: tag=input, id=printerGroup, class=printerRadioButton btnFloatRight
2025-12-03 09:50:38,692 - INFO -   Elemento 4: tag=input, id=printerName0, class=
2025-12-03 09:50:38,725 - INFO -   Elemento 5: tag=input, id=printerLocation0, class=
2025-12-03 09:50:38,750 - INFO - 📋 Modales encontrados: 189
2025-12-03 09:50:38,783 - INFO -   Modal 1: tag=div, id=itemInquiryDialog, visible=False
2025-12-03 09:50:38,814 - INFO -   Modal 2: tag=div, id=, visible=False
2025-12-03 09:50:38,846 - INFO -   Modal 3: tag=div, id=, visible=False
2025-12-03 09:50:38,861 - INFO - 📝 Formularios encontrados: 50
2025-12-03 09:50:38,862 - INFO - 🔍 MONITOREANDO ESTADO POST-SAVE...
2025-12-03 09:50:39,869 - INFO - 📍 Segundo 1: URL = http://ursvtols8b3c:8080/engage-unicomer-web/saleOrder/saveAndPrint
2025-12-03 09:50:39,874 - INFO - 📄 Segundo 1: Título = Grupo Unicomer
2025-12-03 09:50:41,671 - INFO - 🔘 Segundo 1: Botones visibles = ['Search', 'Item Inquiry', 'Transaction Options', 'Save & Print', 'Save']
2025-12-03 09:50:41,699 - INFO - 🖨️ Segundo 1: Printer Group encontrado! Visible=True
2025-12-03 09:50:41,701 - INFO - ✅ PRINTER GROUP DISPONIBLE - Procediendo a hacer click...
2025-12-03 09:50:41,965 - INFO - ✓ Default Printer seleccionado: //*[@id='printerGroup']
2025-12-03 09:50:42,993 - INFO - 🖨️ Botón print encontrado: //button[@id='defaultSubmitPrintButton']
2025-12-03 09:50:43,016 - INFO - ✅ CLICK EN BOTÓN IMPRIMIR EXITOSO
2025-12-03 09:51:22,415 - INFO - ✅ CONFIRMACIÓN FINAL EXITOSA
2025-12-03 09:51:22,579 - INFO - Screenshot capturado: C1_21_print_completado.png
2025-12-03 09:51:22,581 - INFO - ✅ Finalización exitosa
2025-12-03 09:51:22,583 - INFO - === PASO 12: GENERAR REPORTE INDIVIDUAL ===
2025-12-03 09:51:22,584 - INFO - Generando reporte para cotización 1 con número 11609240250002
2025-12-03 09:51:22,584 - INFO - Screenshots disponibles: 15
2025-12-03 09:51:22,585 - INFO - 🔄 Generando reporte para cotización 1: 11609240250002
2025-12-03 09:51:22,963 - INFO - ✅ Excel actualizado - Cotización 1: 11609240250002
2025-12-03 09:51:23,493 - INFO - Reporte ejecutivo generado: Reporte_cotizacion_11609240250002.docx
2025-12-03 09:51:23,496 - INFO - Archivo verificado: 1359301 bytes
2025-12-03 09:51:23,498 - INFO - Reporte Word generado exitosamente para cotización 1
2025-12-03 09:51:23,500 - INFO - Iniciando limpieza de screenshots después de generar reporte
2025-12-03 09:51:23,504 - INFO - Screenshot eliminado: 01_login_resultado.png
2025-12-03 09:51:23,508 - INFO - Screenshot eliminado: C1_02_dashboard.png
2025-12-03 09:51:23,512 - INFO - Screenshot eliminado: C1_04_formulario_orden.png
2025-12-03 09:51:23,515 - INFO - Screenshot eliminado: C1_07_pantalla_garantias_01.png
2025-12-03 09:51:23,518 - INFO - Screenshot eliminado: C1_06_item_con_garantias_procesadas_01.png
2025-12-03 09:51:23,521 - INFO - Screenshot eliminado: C1_07_pantalla_garantias_02.png
2025-12-03 09:51:23,524 - INFO - Screenshot eliminado: C1_06_item_con_garantias_procesadas_02.png
2025-12-03 09:51:23,526 - INFO - Screenshot eliminado: C1_12_antes_enlazar_cliente.png
2025-12-03 09:51:23,531 - INFO - Screenshot eliminado: C1_13_formulario_cliente.png
2025-12-03 09:51:23,534 - INFO - Screenshot eliminado: C1_14_cliente_ingresado.png
2025-12-03 09:51:23,538 - INFO - Screenshot eliminado: C1_15_primer_next.png
2025-12-03 09:51:23,540 - INFO - Screenshot eliminado: C1_16_segundo_next.png
2025-12-03 09:51:23,544 - INFO - Screenshot eliminado: C1_17_antes_finalizar.png
2025-12-03 09:51:23,549 - INFO - Screenshot eliminado: C1_18_antes_finalizar.png
2025-12-03 09:51:23,553 - INFO - Screenshot eliminado: C1_21_print_completado.png
2025-12-03 09:51:23,554 - INFO - 15 screenshots eliminados para esta cotización
2025-12-03 09:51:23,554 - INFO - Cotización 1 completada: 11609240250002
2025-12-03 09:51:25,556 - INFO - 
🔄 PROCESANDO COTIZACIÓN 2/2: 2
2025-12-03 09:51:25,556 - INFO - === PASO 4: INICIAR ORDEN DE COMPRA ===
2025-12-03 09:51:25,557 - INFO - Buscando botón 'Comience una Orden de Compra'...
2025-12-03 09:51:25,648 - INFO - Screenshot capturado: C2_02_dashboard.png
2025-12-03 09:51:25,648 - INFO - Intentando selector 1: /html/body/div[2]/div[4]/div/div/div[1]/a[1]/input
2025-12-03 09:51:25,649 - INFO - Esperando que botón orden selector 1 sea visible (timeout: 300s, se reinicia con progreso)...
2025-12-03 09:51:25,732 - INFO - PROGRESO: botón orden selector 1 visible - REINICIANDO timeout
2025-12-03 09:51:25,770 - INFO - OK - botón orden selector 1 listo después de 0.0s
2025-12-03 09:51:26,320 - INFO - Click exitoso en botón orden selector 1
2025-12-03 09:51:27,455 - INFO - Screenshot capturado: C2_04_formulario_orden.png
2025-12-03 09:51:27,456 - INFO - Click realizado en botón orden
2025-12-03 09:51:27,457 - INFO - Preparando nueva cotización...
2025-12-03 09:51:32,482 - INFO - ✓ Storage del navegador limpiado
2025-12-03 09:51:32,490 - INFO - ✓ Página estabilizada para nueva cotización
2025-12-03 09:51:32,491 - INFO - ✓ Sistema listo para siguiente cotización automática
2025-12-03 09:51:33,492 - INFO - Configuración - Garantías: NO, Descuento: SI, Créditos: NO, Entrega: NO, Tipo Entrega: cliente llevará
2025-12-03 09:51:33,493 - INFO - === PASO 5: EXTRAER NÚMERO COTIZACIÓN ===
2025-12-03 09:51:33,494 - INFO - === EXTRAYENDO NÚMERO DE COTIZACIÓN INICIAL ===
2025-12-03 09:51:35,567 - INFO - Número encontrado con selector: li.quotationNumberTitle p:last-child
2025-12-03 09:51:35,569 - INFO - Número de cotización: 11609240250003
2025-12-03 09:51:35,570 - INFO - Número base extraído: 11609240250003
2025-12-03 09:51:35,570 - INFO - Número único generado: 11609240250003_5570
2025-12-03 09:51:35,571 - INFO - === PASO 6: AGREGAR ITEMS ============================================================================
2025-12-03 09:51:35,572 - INFO - --- ITEM 1/3 ---
2025-12-03 09:51:35,572 - INFO - === MÓDULO 3: AGREGAR ITEM 1 ===
2025-12-03 09:51:35,573 - INFO - Código: 462801600016, Cantidad: 1
2025-12-03 09:51:35,573 - INFO - Esperando que campo búsqueda item 1 sea visible (timeout: 300s, se reinicia con progreso)...
2025-12-03 09:51:35,611 - INFO - PROGRESO: campo búsqueda item 1 visible - REINICIANDO timeout
2025-12-03 09:51:35,635 - INFO - OK - campo búsqueda item 1 listo después de 0.0s
2025-12-03 09:51:35,704 - INFO - Código 462801600016 ingresado en campo búsqueda
2025-12-03 09:51:35,744 - INFO - Enter enviado para búsqueda
2025-12-03 09:51:38,629 - INFO - Mensaje informativo (ignorado): Error
close
ERROR TO OBTAIN THE PARAMATER: permitirNoInventariadosSeguros...
2025-12-03 09:51:38,630 - INFO - Item 462801600016 procesado correctamente
2025-12-03 09:51:38,631 - INFO - === MÓDULO 4: GARANTÍAS ITEM 1 ===
2025-12-03 09:51:38,631 - INFO - Garantía: RECHAZAR
2025-12-03 09:51:39,729 - INFO - Screenshot capturado: C2_07_pantalla_garantias_01.png
2025-12-03 09:51:45,770 - INFO - Botón No Thanks encontrado - rechazando garantía
2025-12-03 09:51:45,793 - INFO - Click en No Thanks
2025-12-03 09:51:46,861 - INFO - Screenshot capturado: C2_06_item_con_garantias_procesadas_01.png
2025-12-03 09:51:46,862 - INFO - Garantías procesadas para item 1
2025-12-03 09:51:46,863 - INFO - --- ITEM 2/3 ---
2025-12-03 09:51:46,863 - INFO - === MÓDULO 3: AGREGAR ITEM 2 ===
2025-12-03 09:51:46,863 - INFO - Código: 456497500019, Cantidad: 1
2025-12-03 09:51:46,864 - INFO - Esperando que campo búsqueda item 2 sea visible (timeout: 300s, se reinicia con progreso)...
2025-12-03 09:51:46,891 - INFO - PROGRESO: campo búsqueda item 2 visible - REINICIANDO timeout
2025-12-03 09:51:46,921 - INFO - OK - campo búsqueda item 2 listo después de 0.0s
2025-12-03 09:51:47,021 - INFO - Código 456497500019 ingresado en campo búsqueda
2025-12-03 09:51:47,069 - INFO - Enter enviado para búsqueda
2025-12-03 09:51:50,751 - INFO - Mensaje informativo (ignorado): Error
close
ERROR TO OBTAIN THE PARAMATER: permitirNoInventariadosSeguros...
2025-12-03 09:51:50,752 - INFO - Item 456497500019 procesado correctamente
2025-12-03 09:51:50,753 - INFO - === MÓDULO 4: GARANTÍAS ITEM 2 ===
2025-12-03 09:51:50,754 - INFO - Garantía: RECHAZAR
2025-12-03 09:51:51,848 - INFO - Screenshot capturado: C2_07_pantalla_garantias_02.png
2025-12-03 09:51:57,900 - INFO - Botón No Thanks encontrado - rechazando garantía
2025-12-03 09:51:57,930 - INFO - Click en No Thanks
2025-12-03 09:51:59,006 - INFO - Screenshot capturado: C2_06_item_con_garantias_procesadas_02.png
2025-12-03 09:51:59,008 - INFO - Garantías procesadas para item 2
2025-12-03 09:51:59,009 - INFO - --- ITEM 3/3 ---
2025-12-03 09:51:59,009 - INFO - === MÓDULO 3: AGREGAR ITEM 3 ===
2025-12-03 09:51:59,010 - INFO - Código: 461964100012, Cantidad: 1
2025-12-03 09:51:59,011 - INFO - Esperando que campo búsqueda item 3 sea visible (timeout: 300s, se reinicia con progreso)...
2025-12-03 09:51:59,044 - INFO - PROGRESO: campo búsqueda item 3 visible - REINICIANDO timeout
2025-12-03 09:51:59,075 - INFO - OK - campo búsqueda item 3 listo después de 0.0s
2025-12-03 09:51:59,160 - INFO - Código 461964100012 ingresado en campo búsqueda
2025-12-03 09:51:59,193 - INFO - Enter enviado para búsqueda
2025-12-03 09:52:04,824 - INFO - Mensaje informativo (ignorado): Error
close
ERROR TO OBTAIN THE PARAMATER: permitirNoInventariadosSeguros...
2025-12-03 09:52:04,825 - INFO - Item 461964100012 procesado correctamente
2025-12-03 09:52:04,826 - INFO - === MÓDULO 4: GARANTÍAS ITEM 3 ===
2025-12-03 09:52:04,826 - INFO - Garantía: RECHAZAR
2025-12-03 09:52:05,910 - INFO - Screenshot capturado: C2_07_pantalla_garantias_03.png
2025-12-03 09:52:11,948 - INFO - Botón No Thanks encontrado - rechazando garantía
2025-12-03 09:52:11,973 - INFO - Click en No Thanks
2025-12-03 09:52:13,049 - INFO - Screenshot capturado: C2_06_item_con_garantias_procesadas_03.png
2025-12-03 09:52:13,049 - INFO - Garantías procesadas para item 3
2025-12-03 09:52:13,050 - INFO - === PASO 7: ENLAZAR CUSTOMER ==========================================================================
2025-12-03 09:52:13,051 - INFO - === MÓDULO 5: ENLAZAR CUSTOMER ===
2025-12-03 09:52:13,130 - INFO - Screenshot capturado: C2_12_antes_enlazar_cliente.png
2025-12-03 09:52:18,189 - INFO - Enlace cliente encontrado: /html/body/div[2]/div[3]/div[28]/div[3]/h4/a
2025-12-03 09:52:18,212 - INFO - Click en enlace cliente
2025-12-03 09:52:21,300 - INFO - Screenshot capturado: C2_13_formulario_cliente.png
2025-12-03 09:52:22,673 - INFO - Cliente 057874256 ingresado
2025-12-03 09:52:23,877 - INFO - Screenshot capturado: C2_14_cliente_ingresado.png
2025-12-03 09:52:24,389 - INFO - Primer Next
2025-12-03 09:52:27,477 - INFO - Screenshot capturado: C2_15_primer_next.png
2025-12-03 09:52:31,679 - INFO - Segundo Next
2025-12-03 09:52:34,762 - INFO - Screenshot capturado: C2_16_segundo_next.png
2025-12-03 09:52:34,763 - INFO - Customer enlazado exitosamente
2025-12-03 09:52:34,763 - INFO - === PASO 10: CRÉDITOS =============================================================================
2025-12-03 09:52:34,764 - INFO - === MÓDULO 8: APLICAR DESCUENTO EMPLEADO ==========================================================
2025-12-03 09:52:36,840 - INFO - Buscando input de porcentaje (IDs duplicados)...
2025-12-03 09:52:46,871 - WARNING - ⚠ No se pudo insertar el porcentaje, revisar el DOM
2025-12-03 09:57:49,912 - ERROR - Error general: Message: 
Stacktrace:
RemoteError@chrome://remote/content/shared/RemoteError.sys.mjs:8:8
WebDriverError@chrome://remote/content/shared/webdriver/Errors.sys.mjs:187:5
NoSuchElementError@chrome://remote/content/shared/webdriver/Errors.sys.mjs:505:5
element.find/</<@chrome://remote/content/marionette/element.sys.mjs:135:16

2025-12-03 09:57:49,912 - INFO - 📋 Ver detalles del error en: logs\automatizacion_20251203.log
2025-12-03 09:57:49,913 - INFO - Limpiando recursos...
2025-12-03 09:57:49,914 - INFO - Eliminando screenshots residuales...
2025-12-03 09:57:49,945 - INFO - 13 screenshots residuales eliminados
2025-12-03 09:57:54,401 - INFO - Navegador cerrado
2025-12-03 09:57:54,403 - INFO - Limpieza de recursos completada
2025-12-03 09:57:54,405 - INFO - === AUTOMATIZACIÓN FINALIZADA ===
2025-12-03 16:21:21,704 - INFO - Log guardándose en: logs\automatizacion_20251203.log
2025-12-03 16:21:21,705 - INFO -  === AUTOMATIZACIÓN MODULAR INICIADA ===
2025-12-03 16:21:21,706 - INFO - Archivo: productos.xlsx
2025-12-03 16:21:21,706 - INFO - === PASO 1: LECTURA EXCEL ===
2025-12-03 16:21:21,707 - INFO - === MÓDULO 1: LECTURA EXCEL ===
2025-12-03 16:21:21,707 - INFO - Archivo: productos.xlsx
2025-12-03 16:21:21,811 - INFO - Columnas encontradas: ['PROCESS', 'cotizacion_id', 'codigo', 'descripcion', 'cantidad', 'con_garantia', 'descuento_empleado', 'con_creditos', 'entrega_cliente', 'COTIZACION', 'ESTADO', 'FECHA_PROCESADO', 'ARCHIVO_WORD', 'tipo_entrega', 'empleado_id']
2025-12-03 16:21:21,901 - INFO - Se encontraron 2 cotizaciones
2025-12-03 16:21:21,901 - INFO - Cotización 1: 2 productos
2025-12-03 16:21:21,902 - INFO - Cotización 2: 3 productos
2025-12-03 16:21:21,902 - INFO - === PASO 2: INICIALIZAR NAVEGADOR ===
2025-12-03 16:21:32,867 - INFO - Navegador Firefox inicializado con configuración limpia
2025-12-03 16:21:32,868 - INFO - === PASO 3: INICIAR SESIÓN ===
2025-12-03 16:21:32,869 - INFO - === MÓDULO 2: INICIO SESIÓN ===
2025-12-03 16:21:36,176 - INFO - Accediendo a: http://ursvtols8b3c:8080/engage-unicomer-web/
2025-12-03 16:21:36,377 - INFO - Credenciales ingresadas
2025-12-03 16:21:38,884 - INFO - Formulario enviado
2025-12-03 16:21:40,967 - INFO - Screenshot capturado: 01_login_resultado.png
2025-12-03 16:21:40,977 - INFO - Login exitoso - URL cambió
2025-12-03 16:21:40,978 - INFO - 
🔄 PROCESANDO COTIZACIÓN 1/2: 1
2025-12-03 16:21:40,979 - INFO - === PASO 4: INICIAR ORDEN DE COMPRA ===
2025-12-03 16:21:40,980 - INFO - Buscando botón 'Comience una Orden de Compra'...
2025-12-03 16:21:41,050 - INFO - Screenshot capturado: C1_02_dashboard.png
2025-12-03 16:21:41,051 - INFO - Intentando selector 1: /html/body/div[2]/div[4]/div/div/div[1]/a[1]/input
2025-12-03 16:21:41,052 - INFO - Esperando que botón orden selector 1 sea visible (timeout: 300s, se reinicia con progreso)...
2025-12-03 16:21:41,332 - INFO - PROGRESO: botón orden selector 1 visible - REINICIANDO timeout
2025-12-03 16:21:41,359 - INFO - OK - botón orden selector 1 listo después de 0.0s
2025-12-03 16:21:41,908 - INFO - Click exitoso en botón orden selector 1
2025-12-03 16:21:43,015 - INFO - Screenshot capturado: C1_04_formulario_orden.png
2025-12-03 16:21:43,016 - INFO - Click realizado en botón orden
2025-12-03 16:21:43,017 - INFO - Configuración - Garantías: NO, Descuento: NO, Créditos: SI, Entrega: NO, Tipo Entrega: cliente llevará
2025-12-03 16:21:43,017 - INFO - === PASO 5: EXTRAER NÚMERO COTIZACIÓN ===
2025-12-03 16:21:43,018 - INFO - === EXTRAYENDO NÚMERO DE COTIZACIÓN INICIAL ===
2025-12-03 16:21:45,065 - INFO - Número encontrado con selector: li.quotationNumberTitle p:last-child
2025-12-03 16:21:45,066 - INFO - Número de cotización: 11609241250006
2025-12-03 16:21:45,067 - INFO - Número base extraído: 11609241250006
2025-12-03 16:21:45,067 - INFO - Número único generado: 11609241250006_5067
2025-12-03 16:21:45,068 - INFO - === PASO 6: AGREGAR ITEMS ============================================================================
2025-12-03 16:21:45,069 - INFO - --- ITEM 1/2 ---
2025-12-03 16:21:45,070 - INFO - === MÓDULO 3: AGREGAR ITEM 1 ===
2025-12-03 16:21:45,071 - INFO - Código: 461431200016, Cantidad: 1
2025-12-03 16:21:45,072 - INFO - Esperando que campo búsqueda item 1 sea visible (timeout: 300s, se reinicia con progreso)...
2025-12-03 16:21:45,098 - INFO - PROGRESO: campo búsqueda item 1 visible - REINICIANDO timeout
2025-12-03 16:21:45,122 - INFO - OK - campo búsqueda item 1 listo después de 0.0s
2025-12-03 16:21:45,210 - INFO - Código 461431200016 ingresado en campo búsqueda
2025-12-03 16:21:45,248 - INFO - Enter enviado para búsqueda
2025-12-03 16:21:46,891 - INFO - Item 461431200016 procesado correctamente
2025-12-03 16:21:46,891 - INFO - === MÓDULO 4: GARANTÍAS ITEM 1 ===
2025-12-03 16:21:46,892 - INFO - Garantía: RECHAZAR
2025-12-03 16:21:47,974 - INFO - Screenshot capturado: C1_07_pantalla_garantias_01.png
2025-12-03 16:21:54,000 - INFO - Botón No Thanks encontrado - rechazando garantía
2025-12-03 16:21:54,022 - INFO - Click en No Thanks
2025-12-03 16:21:55,101 - INFO - Screenshot capturado: C1_06_item_con_garantias_procesadas_01.png
2025-12-03 16:21:55,101 - INFO - Garantías procesadas para item 1
2025-12-03 16:21:55,102 - INFO - --- ITEM 2/2 ---
2025-12-03 16:21:55,103 - INFO - === MÓDULO 3: AGREGAR ITEM 2 ===
2025-12-03 16:21:55,103 - INFO - Código: 439766400005, Cantidad: 1
2025-12-03 16:21:55,105 - INFO - Esperando que campo búsqueda item 2 sea visible (timeout: 300s, se reinicia con progreso)...
2025-12-03 16:21:55,143 - INFO - PROGRESO: campo búsqueda item 2 visible - REINICIANDO timeout
2025-12-03 16:21:55,174 - INFO - OK - campo búsqueda item 2 listo después de 0.0s
2025-12-03 16:21:55,258 - INFO - Código 439766400005 ingresado en campo búsqueda
2025-12-03 16:21:55,293 - INFO - Enter enviado para búsqueda
2025-12-03 16:21:57,526 - INFO - Mensaje informativo (ignorado): Error
close
ERROR TO OBTAIN THE PARAMATER: permitirNoInventariadosSeguros...
2025-12-03 16:21:57,526 - INFO - Item 439766400005 procesado correctamente
2025-12-03 16:21:57,527 - INFO - === MÓDULO 4: GARANTÍAS ITEM 2 ===
2025-12-03 16:21:57,527 - INFO - Garantía: RECHAZAR
2025-12-03 16:21:58,602 - INFO - Screenshot capturado: C1_07_pantalla_garantias_02.png
2025-12-03 16:22:04,641 - INFO - Botón No Thanks encontrado - rechazando garantía
2025-12-03 16:22:04,670 - INFO - Click en No Thanks
2025-12-03 16:22:05,748 - INFO - Screenshot capturado: C1_06_item_con_garantias_procesadas_02.png
2025-12-03 16:22:05,749 - INFO - Garantías procesadas para item 2
2025-12-03 16:22:05,750 - INFO - === PASO 7: ENLAZAR CUSTOMER ==========================================================================
2025-12-03 16:22:05,751 - INFO - === MÓDULO 5: ENLAZAR CUSTOMER ===
2025-12-03 16:22:05,819 - INFO - Screenshot capturado: C1_12_antes_enlazar_cliente.png
2025-12-03 16:22:10,860 - INFO - Enlace cliente encontrado: /html/body/div[2]/div[3]/div[28]/div[3]/h4/a
2025-12-03 16:22:10,882 - INFO - Click en enlace cliente
2025-12-03 16:22:13,940 - INFO - Screenshot capturado: C1_13_formulario_cliente.png
2025-12-03 16:22:15,266 - INFO - Cliente 057874256 ingresado
2025-12-03 16:22:16,332 - INFO - Screenshot capturado: C1_14_cliente_ingresado.png
2025-12-03 16:22:19,944 - INFO - Primer Next
2025-12-03 16:22:23,021 - INFO - Screenshot capturado: C1_15_primer_next.png
2025-12-03 16:22:27,893 - INFO - Segundo Next
2025-12-03 16:22:30,953 - INFO - Screenshot capturado: C1_16_segundo_next.png
2025-12-03 16:22:30,956 - INFO - Customer enlazado exitosamente
2025-12-03 16:22:30,959 - INFO - === PASO 9: DESCUENTO EMPLEADO ====================================================================
2025-12-03 16:27:53,060 - ERROR - Error general: Message: 
Stacktrace:
RemoteError@chrome://remote/content/shared/RemoteError.sys.mjs:8:8
WebDriverError@chrome://remote/content/shared/webdriver/Errors.sys.mjs:187:5
NoSuchElementError@chrome://remote/content/shared/webdriver/Errors.sys.mjs:505:5
element.find/</<@chrome://remote/content/marionette/element.sys.mjs:135:16

2025-12-03 16:27:53,061 - INFO - 📋 Ver detalles del error en: logs\automatizacion_20251203.log
2025-12-03 16:27:53,061 - INFO - Limpiando recursos...
2025-12-03 16:27:53,062 - INFO - Eliminando screenshots residuales...
2025-12-03 16:27:53,086 - INFO - 12 screenshots residuales eliminados
2025-12-03 16:27:56,811 - INFO - Navegador cerrado
2025-12-03 16:27:56,812 - INFO - Limpieza de recursos completada
2025-12-03 16:27:56,813 - INFO - === AUTOMATIZACIÓN FINALIZADA ===
2025-12-03 16:32:35,277 - INFO - Log guardándose en: logs\automatizacion_20251203.log
2025-12-03 16:32:35,277 - INFO -  === AUTOMATIZACIÓN MODULAR INICIADA ===
2025-12-03 16:32:35,278 - INFO - Archivo: productos.xlsx
2025-12-03 16:32:35,278 - INFO - === PASO 1: LECTURA EXCEL ===
2025-12-03 16:32:35,278 - INFO - === MÓDULO 1: LECTURA EXCEL ===
2025-12-03 16:32:35,279 - INFO - Archivo: productos.xlsx
2025-12-03 16:32:35,359 - INFO - Columnas encontradas: ['PROCESS', 'cotizacion_id', 'codigo', 'descripcion', 'cantidad', 'con_garantia', 'descuento_empleado', 'con_creditos', 'entrega_cliente', 'COTIZACION', 'ESTADO', 'FECHA_PROCESADO', 'ARCHIVO_WORD', 'tipo_entrega', 'empleado_id']
2025-12-03 16:32:35,367 - INFO - Se encontraron 2 cotizaciones
2025-12-03 16:32:35,367 - INFO - Cotización 1: 2 productos
2025-12-03 16:32:35,368 - INFO - Cotización 2: 3 productos
2025-12-03 16:32:35,368 - INFO - === PASO 2: INICIALIZAR NAVEGADOR ===
2025-12-03 16:32:43,767 - INFO - Navegador Firefox inicializado con configuración limpia
2025-12-03 16:32:43,768 - INFO - === PASO 3: INICIAR SESIÓN ===
2025-12-03 16:32:43,769 - INFO - === MÓDULO 2: INICIO SESIÓN ===
2025-12-03 16:32:45,995 - INFO - Accediendo a: http://ursvtols8b3c:8080/engage-unicomer-web/
2025-12-03 16:32:46,166 - INFO - Credenciales ingresadas
2025-12-03 16:32:47,584 - INFO - Formulario enviado
2025-12-03 16:32:49,665 - INFO - Screenshot capturado: 01_login_resultado.png
2025-12-03 16:32:49,677 - INFO - Login exitoso - URL cambió
2025-12-03 16:32:49,677 - INFO - 
🔄 PROCESANDO COTIZACIÓN 1/2: 1
2025-12-03 16:32:49,678 - INFO - === PASO 4: INICIAR ORDEN DE COMPRA ===
2025-12-03 16:32:49,678 - INFO - Buscando botón 'Comience una Orden de Compra'...
2025-12-03 16:32:49,770 - INFO - Screenshot capturado: C1_02_dashboard.png
2025-12-03 16:32:49,770 - INFO - Intentando selector 1: /html/body/div[2]/div[4]/div/div/div[1]/a[1]/input
2025-12-03 16:32:49,771 - INFO - Esperando que botón orden selector 1 sea visible (timeout: 300s, se reinicia con progreso)...
2025-12-03 16:32:50,013 - INFO - PROGRESO: botón orden selector 1 visible - REINICIANDO timeout
2025-12-03 16:32:50,050 - INFO - OK - botón orden selector 1 listo después de 0.0s
2025-12-03 16:32:50,601 - INFO - Click exitoso en botón orden selector 1
2025-12-03 16:32:51,673 - INFO - Screenshot capturado: C1_04_formulario_orden.png
2025-12-03 16:32:51,674 - INFO - Click realizado en botón orden
2025-12-03 16:32:51,675 - INFO - Configuración - Garantías: NO, Descuento: NO, Créditos: SI, Entrega: NO, Tipo Entrega: cliente llevará
2025-12-03 16:32:51,675 - INFO - === PASO 5: EXTRAER NÚMERO COTIZACIÓN ===
2025-12-03 16:32:51,676 - INFO - === EXTRAYENDO NÚMERO DE COTIZACIÓN INICIAL ===
2025-12-03 16:32:53,729 - INFO - Número encontrado con selector: li.quotationNumberTitle p:last-child
2025-12-03 16:32:53,731 - INFO - Número de cotización: 11609243250005
2025-12-03 16:32:53,732 - INFO - Número base extraído: 11609243250005
2025-12-03 16:32:53,733 - INFO - Número único generado: 11609243250005_3732
2025-12-03 16:32:53,735 - INFO - === PASO 6: AGREGAR ITEMS ============================================================================
2025-12-03 16:32:53,735 - INFO - --- ITEM 1/2 ---
2025-12-03 16:32:53,736 - INFO - === MÓDULO 3: AGREGAR ITEM 1 ===
2025-12-03 16:32:53,736 - INFO - Código: 461431200016, Cantidad: 1
2025-12-03 16:32:53,737 - INFO - Esperando que campo búsqueda item 1 sea visible (timeout: 300s, se reinicia con progreso)...
2025-12-03 16:32:53,771 - INFO - PROGRESO: campo búsqueda item 1 visible - REINICIANDO timeout
2025-12-03 16:32:53,801 - INFO - OK - campo búsqueda item 1 listo después de 0.0s
2025-12-03 16:32:53,905 - INFO - Código 461431200016 ingresado en campo búsqueda
2025-12-03 16:32:53,943 - INFO - Enter enviado para búsqueda
2025-12-03 16:32:55,547 - INFO - Mensaje informativo (ignorado): Error
close
ERROR TO OBTAIN THE PARAMATER: permitirNoInventariadosSeguros...
2025-12-03 16:32:55,548 - INFO - Item 461431200016 procesado correctamente
2025-12-03 16:32:55,549 - INFO - === MÓDULO 4: GARANTÍAS ITEM 1 ===
2025-12-03 16:32:55,550 - INFO - Garantía: RECHAZAR
2025-12-03 16:32:56,621 - INFO - Screenshot capturado: C1_07_pantalla_garantias_01.png
2025-12-03 16:33:02,648 - INFO - Botón No Thanks encontrado - rechazando garantía
2025-12-03 16:33:02,672 - INFO - Click en No Thanks
2025-12-03 16:33:03,733 - INFO - Screenshot capturado: C1_06_item_con_garantias_procesadas_01.png
2025-12-03 16:33:03,734 - INFO - Garantías procesadas para item 1
2025-12-03 16:33:03,735 - INFO - --- ITEM 2/2 ---
2025-12-03 16:33:03,736 - INFO - === MÓDULO 3: AGREGAR ITEM 2 ===
2025-12-03 16:33:03,736 - INFO - Código: 439766400005, Cantidad: 1
2025-12-03 16:33:03,736 - INFO - Esperando que campo búsqueda item 2 sea visible (timeout: 300s, se reinicia con progreso)...
2025-12-03 16:33:03,762 - INFO - PROGRESO: campo búsqueda item 2 visible - REINICIANDO timeout
2025-12-03 16:33:03,789 - INFO - OK - campo búsqueda item 2 listo después de 0.0s
2025-12-03 16:33:03,886 - INFO - Código 439766400005 ingresado en campo búsqueda
2025-12-03 16:33:03,930 - INFO - Enter enviado para búsqueda
2025-12-03 16:33:06,203 - INFO - Mensaje informativo (ignorado): Error
close
ERROR TO OBTAIN THE PARAMATER: permitirNoInventariadosSeguros...
2025-12-03 16:33:06,204 - INFO - Item 439766400005 procesado correctamente
2025-12-03 16:33:06,205 - INFO - === MÓDULO 4: GARANTÍAS ITEM 2 ===
2025-12-03 16:33:06,206 - INFO - Garantía: RECHAZAR
2025-12-03 16:33:07,285 - INFO - Screenshot capturado: C1_07_pantalla_garantias_02.png
2025-12-03 16:33:13,324 - INFO - Botón No Thanks encontrado - rechazando garantía
2025-12-03 16:33:13,348 - INFO - Click en No Thanks
2025-12-03 16:33:14,420 - INFO - Screenshot capturado: C1_06_item_con_garantias_procesadas_02.png
2025-12-03 16:33:14,422 - INFO - Garantías procesadas para item 2
2025-12-03 16:33:14,423 - INFO - === PASO 7: ENLAZAR CUSTOMER ==========================================================================
2025-12-03 16:33:14,424 - INFO - === MÓDULO 5: ENLAZAR CUSTOMER ===
2025-12-03 16:33:14,521 - INFO - Screenshot capturado: C1_12_antes_enlazar_cliente.png
2025-12-03 16:33:19,580 - INFO - Enlace cliente encontrado: /html/body/div[2]/div[3]/div[28]/div[3]/h4/a
2025-12-03 16:33:19,612 - INFO - Click en enlace cliente
2025-12-03 16:33:22,673 - INFO - Screenshot capturado: C1_13_formulario_cliente.png
2025-12-03 16:33:23,998 - INFO - Cliente 057874256 ingresado
2025-12-03 16:33:25,058 - INFO - Screenshot capturado: C1_14_cliente_ingresado.png
2025-12-03 16:33:26,315 - INFO - Primer Next
2025-12-03 16:33:29,425 - INFO - Screenshot capturado: C1_15_primer_next.png
2025-12-03 16:33:33,480 - INFO - Segundo Next
2025-12-03 16:33:36,543 - INFO - Screenshot capturado: C1_16_segundo_next.png
2025-12-03 16:33:36,544 - INFO - Customer enlazado exitosamente
2025-12-03 16:33:36,544 - INFO - === PASO 9: DESCUENTO EMPLEADO ====================================================================
2025-12-03 16:34:54,165 - ERROR - Error general: Message: TypeError: browsingContext.currentWindowGlobal is null
Stacktrace:
getMarionetteCommandsActorProxy/get/<@chrome://remote/content/marionette/actors/MarionetteCommandsParent.sys.mjs:311:17
observe@resource://gre/modules/AsyncShutdown.sys.mjs:575:17

2025-12-03 16:34:54,165 - INFO - 📋 Ver detalles del error en: logs\automatizacion_20251203.log
2025-12-03 16:34:54,166 - INFO - Limpiando recursos...
2025-12-03 16:34:54,166 - INFO - Eliminando screenshots residuales...
2025-12-03 16:34:54,180 - INFO - 12 screenshots residuales eliminados
2025-12-03 16:34:56,339 - INFO - Navegador cerrado
2025-12-03 16:34:56,340 - INFO - Limpieza de recursos completada
2025-12-03 16:34:56,340 - INFO - === AUTOMATIZACIÓN FINALIZADA ===
2025-12-03 17:49:23,777 - INFO - Log guardándose en: logs\automatizacion_20251203.log
2025-12-03 17:49:23,778 - INFO -  === AUTOMATIZACIÓN MODULAR INICIADA ===
2025-12-03 17:49:23,779 - INFO - Archivo: productos.xlsx
2025-12-03 17:49:23,779 - INFO - === PASO 1: LECTURA EXCEL ===
2025-12-03 17:49:23,779 - INFO - === MÓDULO 1: LECTURA EXCEL ===
2025-12-03 17:49:23,780 - INFO - Archivo: productos.xlsx
2025-12-03 17:49:23,942 - INFO - Columnas encontradas: ['PROCESS', 'cotizacion_id', 'codigo', 'descripcion', 'cantidad', 'con_garantia', 'descuento_empleado', 'con_creditos', 'entrega_cliente', 'COTIZACION', 'ESTADO', 'FECHA_PROCESADO', 'ARCHIVO_WORD', 'tipo_entrega', 'empleado_id']
2025-12-03 17:49:24,079 - INFO - Se encontraron 2 cotizaciones
2025-12-03 17:49:24,080 - INFO - Cotización 1: 2 productos
2025-12-03 17:49:24,080 - INFO - Cotización 2: 3 productos
2025-12-03 17:49:24,081 - INFO - === PASO 2: INICIALIZAR NAVEGADOR ===
2025-12-03 17:49:33,312 - INFO - Navegador Firefox inicializado con configuración limpia
2025-12-03 17:49:33,313 - INFO - === PASO 3: INICIAR SESIÓN ===
2025-12-03 17:49:33,313 - INFO - === MÓDULO 2: INICIO SESIÓN ===
2025-12-03 17:49:35,351 - INFO - Accediendo a: http://ursvtols8b3c:8080/engage-unicomer-web/
2025-12-03 17:49:35,541 - INFO - Credenciales ingresadas
2025-12-03 17:49:40,857 - INFO - Formulario enviado
2025-12-03 17:49:42,961 - INFO - Screenshot capturado: 01_login_resultado.png
2025-12-03 17:49:42,973 - INFO - Login exitoso - URL cambió
2025-12-03 17:49:42,973 - INFO - 
🔄 PROCESANDO COTIZACIÓN 1/2: 1
2025-12-03 17:49:42,974 - INFO - === PASO 4: INICIAR ORDEN DE COMPRA ===
2025-12-03 17:49:42,974 - INFO - Buscando botón 'Comience una Orden de Compra'...
2025-12-03 17:49:43,082 - INFO - Screenshot capturado: C1_02_dashboard.png
2025-12-03 17:49:43,083 - INFO - Intentando selector 1: /html/body/div[2]/div[4]/div/div/div[1]/a[1]/input
2025-12-03 17:49:43,084 - INFO - Esperando que botón orden selector 1 sea visible (timeout: 300s, se reinicia con progreso)...
2025-12-03 17:49:43,318 - INFO - PROGRESO: botón orden selector 1 visible - REINICIANDO timeout
2025-12-03 17:49:43,353 - INFO - OK - botón orden selector 1 listo después de 0.0s
2025-12-03 17:49:43,904 - INFO - Click exitoso en botón orden selector 1
2025-12-03 17:49:45,014 - INFO - Screenshot capturado: C1_04_formulario_orden.png
2025-12-03 17:49:45,015 - INFO - Click realizado en botón orden
2025-12-03 17:49:45,016 - INFO - Configuración - Garantías: NO, Descuento: NO, Créditos: SI, Entrega: NO, Tipo Entrega: cliente llevará
2025-12-03 17:49:45,016 - INFO - === PASO 5: EXTRAER NÚMERO COTIZACIÓN ===
2025-12-03 17:49:45,016 - INFO - === EXTRAYENDO NÚMERO DE COTIZACIÓN INICIAL ===
2025-12-03 17:49:47,095 - INFO - Número encontrado con selector: li.quotationNumberTitle p:last-child
2025-12-03 17:49:47,096 - INFO - Número de cotización: 1160920625004K
2025-12-03 17:49:47,097 - INFO - Número base extraído: 1160920625004K
2025-12-03 17:49:47,097 - INFO - Número único generado: 1160920625004K_7097
2025-12-03 17:49:47,098 - INFO - === PASO 6: AGREGAR ITEMS ============================================================================
2025-12-03 17:49:47,099 - INFO - --- ITEM 1/2 ---
2025-12-03 17:49:47,099 - INFO - === MÓDULO 3: AGREGAR ITEM 1 ===
2025-12-03 17:49:47,100 - INFO - Código: 461431200016, Cantidad: 1
2025-12-03 17:49:47,101 - INFO - Esperando que campo búsqueda item 1 sea visible (timeout: 300s, se reinicia con progreso)...
2025-12-03 17:49:47,138 - INFO - PROGRESO: campo búsqueda item 1 visible - REINICIANDO timeout
2025-12-03 17:49:47,181 - INFO - OK - campo búsqueda item 1 listo después de 0.0s
2025-12-03 17:49:47,307 - INFO - Código 461431200016 ingresado en campo búsqueda
2025-12-03 17:49:47,385 - INFO - Enter enviado para búsqueda
2025-12-03 17:49:51,914 - INFO - Mensaje informativo (ignorado): Error
close
ERROR TO OBTAIN THE PARAMATER: permitirNoInventariadosSeguros...
2025-12-03 17:49:51,915 - INFO - Item 461431200016 procesado correctamente
2025-12-03 17:49:51,915 - INFO - === MÓDULO 4: GARANTÍAS ITEM 1 ===
2025-12-03 17:49:51,916 - INFO - Garantía: RECHAZAR
2025-12-03 17:49:53,019 - INFO - Screenshot capturado: C1_07_pantalla_garantias_01.png
2025-12-03 17:49:59,050 - INFO - Botón No Thanks encontrado - rechazando garantía
2025-12-03 17:49:59,075 - INFO - Click en No Thanks
2025-12-03 17:50:00,192 - INFO - Screenshot capturado: C1_06_item_con_garantias_procesadas_01.png
2025-12-03 17:50:00,193 - INFO - Garantías procesadas para item 1
2025-12-03 17:50:00,194 - INFO - --- ITEM 2/2 ---
2025-12-03 17:50:00,194 - INFO - === MÓDULO 3: AGREGAR ITEM 2 ===
2025-12-03 17:50:00,198 - INFO - Código: 439766400005, Cantidad: 1
2025-12-03 17:50:00,200 - INFO - Esperando que campo búsqueda item 2 sea visible (timeout: 300s, se reinicia con progreso)...
2025-12-03 17:50:00,251 - INFO - PROGRESO: campo búsqueda item 2 visible - REINICIANDO timeout
2025-12-03 17:50:00,292 - INFO - OK - campo búsqueda item 2 listo después de 0.0s
2025-12-03 17:50:00,378 - INFO - Código 439766400005 ingresado en campo búsqueda
2025-12-03 17:50:00,427 - INFO - Enter enviado para búsqueda
2025-12-03 17:50:03,536 - INFO - Mensaje informativo (ignorado): Error
close
ERROR TO OBTAIN THE PARAMATER: permitirNoInventariadosSeguros...
2025-12-03 17:50:03,537 - INFO - Item 439766400005 procesado correctamente
2025-12-03 17:50:03,538 - INFO - === MÓDULO 4: GARANTÍAS ITEM 2 ===
2025-12-03 17:50:03,538 - INFO - Garantía: RECHAZAR
2025-12-03 17:50:04,645 - INFO - Screenshot capturado: C1_07_pantalla_garantias_02.png
2025-12-03 17:50:10,724 - INFO - Botón No Thanks encontrado - rechazando garantía
2025-12-03 17:50:10,751 - INFO - Click en No Thanks
2025-12-03 17:50:11,865 - INFO - Screenshot capturado: C1_06_item_con_garantias_procesadas_02.png
2025-12-03 17:50:11,866 - INFO - Garantías procesadas para item 2
2025-12-03 17:50:11,867 - INFO - === PASO 7: ENLAZAR CUSTOMER ==========================================================================
2025-12-03 17:50:11,867 - INFO - === MÓDULO 5: ENLAZAR CUSTOMER ===
2025-12-03 17:50:11,954 - INFO - Screenshot capturado: C1_12_antes_enlazar_cliente.png
2025-12-03 17:50:16,989 - INFO - Enlace cliente encontrado: /html/body/div[2]/div[3]/div[28]/div[3]/h4/a
2025-12-03 17:50:17,016 - INFO - Click en enlace cliente
2025-12-03 17:50:20,085 - INFO - Screenshot capturado: C1_13_formulario_cliente.png
2025-12-03 17:50:21,404 - INFO - Cliente 057874256 ingresado
2025-12-03 17:50:22,475 - INFO - Screenshot capturado: C1_14_cliente_ingresado.png
2025-12-03 17:50:26,763 - INFO - Primer Next
2025-12-03 17:50:29,857 - INFO - Screenshot capturado: C1_15_primer_next.png
2025-12-03 17:50:34,915 - INFO - Segundo Next
2025-12-03 17:50:38,000 - INFO - Screenshot capturado: C1_16_segundo_next.png
2025-12-03 17:50:38,001 - INFO - Customer enlazado exitosamente
2025-12-03 17:50:38,002 - INFO - === PASO 9: DESCUENTO EMPLEADO ====================================================================
2025-12-03 17:50:38,002 - INFO - === MÓDULO 7: Creditos ==========================================================
2025-12-03 17:53:10,003 - ERROR - Error general: ('Connection aborted.', ConnectionResetError(10054, 'Se ha forzado la interrupción de una conexión existente por el host remoto', None, 10054, None))
2025-12-03 17:53:10,004 - INFO - 📋 Ver detalles del error en: logs\automatizacion_20251203.log
2025-12-03 17:53:10,005 - INFO - Limpiando recursos...
2025-12-03 17:53:10,005 - INFO - Eliminando screenshots residuales...
